[0.068s] DEBUG:colcon:Command line arguments: ['/usr/bin/colcon', 'build', '--symlink-install']
[0.068s] DEBUG:colcon:Parsed command line arguments: Namespace(log_base=None, log_level=None, verb_name='build', build_base='build', install_base='install', merge_install=False, symlink_install=True, test_result_base=None, continue_on_error=False, executor='parallel', parallel_workers=20, event_handlers=None, ignore_user_meta=False, metas=['./colcon.meta'], base_paths=['.'], packages_ignore=None, packages_ignore_regex=None, paths=None, packages_up_to=None, packages_up_to_regex=None, packages_above=None, packages_above_and_dependencies=None, packages_above_depth=None, packages_select_by_dep=None, packages_skip_by_dep=None, packages_skip_up_to=None, packages_select_build_failed=False, packages_skip_build_finished=False, packages_select_test_failures=False, packages_skip_test_passed=False, packages_select=None, packages_skip=None, packages_select_regex=None, packages_skip_regex=None, packages_start=None, packages_end=None, cmake_args=None, cmake_target=None, cmake_target_skip_unavailable=False, cmake_clean_cache=False, cmake_clean_first=False, cmake_force_configure=False, ament_cmake_args=None, catkin_cmake_args=None, catkin_skip_building_tests=False, verb_parser=<colcon_defaults.argument_parser.defaults.DefaultArgumentsDecorator object at 0x74909d00c1d0>, verb_extension=<colcon_core.verb.build.BuildVerb object at 0x74909cfddb50>, main=<bound method BuildVerb.main of <colcon_core.verb.build.BuildVerb object at 0x74909cfddb50>>)
[0.094s] Level 1:colcon.colcon_core.package_discovery:discover_packages(colcon_meta) check parameters
[0.094s] Level 1:colcon.colcon_core.package_discovery:discover_packages(recursive) check parameters
[0.094s] Level 1:colcon.colcon_core.package_discovery:discover_packages(ignore) check parameters
[0.094s] Level 1:colcon.colcon_core.package_discovery:discover_packages(path) check parameters
[0.094s] Level 1:colcon.colcon_core.package_discovery:discover_packages(colcon_meta) discover
[0.094s] Level 1:colcon.colcon_core.package_discovery:discover_packages(recursive) discover
[0.094s] INFO:colcon.colcon_core.package_discovery:Crawling recursively for packages in '/home/mario/MODELADO/Practicas/MSR_practicas/P3'
[0.094s] Level 1:colcon.colcon_core.package_identification:_identify(.) by extensions ['ignore', 'ignore_ament_install']
[0.094s] Level 1:colcon.colcon_core.package_identification:_identify(.) by extension 'ignore'
[0.094s] Level 1:colcon.colcon_core.package_identification:_identify(.) by extension 'ignore_ament_install'
[0.094s] Level 1:colcon.colcon_core.package_identification:_identify(.) by extensions ['colcon_pkg']
[0.094s] Level 1:colcon.colcon_core.package_identification:_identify(.) by extension 'colcon_pkg'
[0.094s] Level 1:colcon.colcon_core.package_identification:_identify(.) by extensions ['colcon_meta']
[0.094s] Level 1:colcon.colcon_core.package_identification:_identify(.) by extension 'colcon_meta'
[0.094s] Level 1:colcon.colcon_core.package_identification:_identify(.) by extensions ['ros']
[0.094s] Level 1:colcon.colcon_core.package_identification:_identify(.) by extension 'ros'
[0.112s] Level 1:colcon.colcon_core.package_identification:_identify(.) by extensions ['cmake', 'python']
[0.112s] Level 1:colcon.colcon_core.package_identification:_identify(.) by extension 'cmake'
[0.112s] Level 1:colcon.colcon_core.package_identification:_identify(.) by extension 'python'
[0.112s] Level 1:colcon.colcon_core.package_identification:_identify(.) by extensions ['python_setup_py']
[0.112s] Level 1:colcon.colcon_core.package_identification:_identify(.) by extension 'python_setup_py'
[0.112s] Level 1:colcon.colcon_core.package_identification:_identify(build) by extensions ['ignore', 'ignore_ament_install']
[0.112s] Level 1:colcon.colcon_core.package_identification:_identify(build) by extension 'ignore'
[0.112s] Level 1:colcon.colcon_core.package_identification:_identify(build) ignored
[0.112s] Level 1:colcon.colcon_core.package_identification:_identify(install) by extensions ['ignore', 'ignore_ament_install']
[0.112s] Level 1:colcon.colcon_core.package_identification:_identify(install) by extension 'ignore'
[0.112s] Level 1:colcon.colcon_core.package_identification:_identify(install) ignored
[0.112s] Level 1:colcon.colcon_core.package_identification:_identify(log) by extensions ['ignore', 'ignore_ament_install']
[0.112s] Level 1:colcon.colcon_core.package_identification:_identify(log) by extension 'ignore'
[0.112s] Level 1:colcon.colcon_core.package_identification:_identify(log) ignored
[0.112s] Level 1:colcon.colcon_core.package_identification:_identify(src) by extensions ['ignore', 'ignore_ament_install']
[0.113s] Level 1:colcon.colcon_core.package_identification:_identify(src) by extension 'ignore'
[0.113s] Level 1:colcon.colcon_core.package_identification:_identify(src) by extension 'ignore_ament_install'
[0.113s] Level 1:colcon.colcon_core.package_identification:_identify(src) by extensions ['colcon_pkg']
[0.113s] Level 1:colcon.colcon_core.package_identification:_identify(src) by extension 'colcon_pkg'
[0.113s] Level 1:colcon.colcon_core.package_identification:_identify(src) by extensions ['colcon_meta']
[0.113s] Level 1:colcon.colcon_core.package_identification:_identify(src) by extension 'colcon_meta'
[0.113s] Level 1:colcon.colcon_core.package_identification:_identify(src) by extensions ['ros']
[0.113s] Level 1:colcon.colcon_core.package_identification:_identify(src) by extension 'ros'
[0.113s] Level 1:colcon.colcon_core.package_identification:_identify(src) by extensions ['cmake', 'python']
[0.113s] Level 1:colcon.colcon_core.package_identification:_identify(src) by extension 'cmake'
[0.113s] Level 1:colcon.colcon_core.package_identification:_identify(src) by extension 'python'
[0.113s] Level 1:colcon.colcon_core.package_identification:_identify(src) by extensions ['python_setup_py']
[0.113s] Level 1:colcon.colcon_core.package_identification:_identify(src) by extension 'python_setup_py'
[0.113s] Level 1:colcon.colcon_core.package_identification:_identify(src/rover_description) by extensions ['ignore', 'ignore_ament_install']
[0.113s] Level 1:colcon.colcon_core.package_identification:_identify(src/rover_description) by extension 'ignore'
[0.113s] Level 1:colcon.colcon_core.package_identification:_identify(src/rover_description) by extension 'ignore_ament_install'
[0.113s] Level 1:colcon.colcon_core.package_identification:_identify(src/rover_description) by extensions ['colcon_pkg']
[0.113s] Level 1:colcon.colcon_core.package_identification:_identify(src/rover_description) by extension 'colcon_pkg'
[0.113s] Level 1:colcon.colcon_core.package_identification:_identify(src/rover_description) by extensions ['colcon_meta']
[0.113s] Level 1:colcon.colcon_core.package_identification:_identify(src/rover_description) by extension 'colcon_meta'
[0.113s] Level 1:colcon.colcon_core.package_identification:_identify(src/rover_description) by extensions ['ros']
[0.113s] Level 1:colcon.colcon_core.package_identification:_identify(src/rover_description) by extension 'ros'
[0.115s] DEBUG:colcon.colcon_core.package_identification:Package 'src/rover_description' with type 'ros.ament_cmake' and name 'rover_description'
[0.115s] Level 1:colcon.colcon_core.package_identification:_identify(src/urjc-excavation-world) by extensions ['ignore', 'ignore_ament_install']
[0.115s] Level 1:colcon.colcon_core.package_identification:_identify(src/urjc-excavation-world) by extension 'ignore'
[0.115s] Level 1:colcon.colcon_core.package_identification:_identify(src/urjc-excavation-world) by extension 'ignore_ament_install'
[0.115s] Level 1:colcon.colcon_core.package_identification:_identify(src/urjc-excavation-world) by extensions ['colcon_pkg']
[0.115s] Level 1:colcon.colcon_core.package_identification:_identify(src/urjc-excavation-world) by extension 'colcon_pkg'
[0.115s] Level 1:colcon.colcon_core.package_identification:_identify(src/urjc-excavation-world) by extensions ['colcon_meta']
[0.115s] Level 1:colcon.colcon_core.package_identification:_identify(src/urjc-excavation-world) by extension 'colcon_meta'
[0.115s] Level 1:colcon.colcon_core.package_identification:_identify(src/urjc-excavation-world) by extensions ['ros']
[0.115s] Level 1:colcon.colcon_core.package_identification:_identify(src/urjc-excavation-world) by extension 'ros'
[0.115s] DEBUG:colcon.colcon_core.package_identification:Package 'src/urjc-excavation-world' with type 'ros.ament_cmake' and name 'urjc_excavation_world'
[0.115s] Level 1:colcon.colcon_core.package_discovery:discover_packages(recursive) using defaults
[0.115s] Level 1:colcon.colcon_core.package_discovery:discover_packages(ignore) discover
[0.115s] Level 1:colcon.colcon_core.package_discovery:discover_packages(ignore) using defaults
[0.115s] Level 1:colcon.colcon_core.package_discovery:discover_packages(path) discover
[0.115s] Level 1:colcon.colcon_core.package_discovery:discover_packages(path) using defaults
[0.127s] Level 5:colcon.colcon_core.verb:set package 'rover_description' build argument 'cmake_args' from command line to 'None'
[0.127s] Level 5:colcon.colcon_core.verb:set package 'rover_description' build argument 'cmake_target' from command line to 'None'
[0.127s] Level 5:colcon.colcon_core.verb:set package 'rover_description' build argument 'cmake_target_skip_unavailable' from command line to 'False'
[0.127s] Level 5:colcon.colcon_core.verb:set package 'rover_description' build argument 'cmake_clean_cache' from command line to 'False'
[0.127s] Level 5:colcon.colcon_core.verb:set package 'rover_description' build argument 'cmake_clean_first' from command line to 'False'
[0.127s] Level 5:colcon.colcon_core.verb:set package 'rover_description' build argument 'cmake_force_configure' from command line to 'False'
[0.127s] Level 5:colcon.colcon_core.verb:set package 'rover_description' build argument 'ament_cmake_args' from command line to 'None'
[0.127s] Level 5:colcon.colcon_core.verb:set package 'rover_description' build argument 'catkin_cmake_args' from command line to 'None'
[0.127s] Level 5:colcon.colcon_core.verb:set package 'rover_description' build argument 'catkin_skip_building_tests' from command line to 'False'
[0.127s] DEBUG:colcon.colcon_core.verb:Building package 'rover_description' with the following arguments: {'ament_cmake_args': None, 'build_base': '/home/mario/MODELADO/Practicas/MSR_practicas/P3/build/rover_description', 'catkin_cmake_args': None, 'catkin_skip_building_tests': False, 'cmake_args': None, 'cmake_clean_cache': False, 'cmake_clean_first': False, 'cmake_force_configure': False, 'cmake_target': None, 'cmake_target_skip_unavailable': False, 'install_base': '/home/mario/MODELADO/Practicas/MSR_practicas/P3/install/rover_description', 'merge_install': False, 'path': '/home/mario/MODELADO/Practicas/MSR_practicas/P3/src/rover_description', 'symlink_install': True, 'test_result_base': None}
[0.128s] Level 5:colcon.colcon_core.verb:set package 'urjc_excavation_world' build argument 'cmake_args' from command line to 'None'
[0.128s] Level 5:colcon.colcon_core.verb:set package 'urjc_excavation_world' build argument 'cmake_target' from command line to 'None'
[0.128s] Level 5:colcon.colcon_core.verb:set package 'urjc_excavation_world' build argument 'cmake_target_skip_unavailable' from command line to 'False'
[0.128s] Level 5:colcon.colcon_core.verb:set package 'urjc_excavation_world' build argument 'cmake_clean_cache' from command line to 'False'
[0.128s] Level 5:colcon.colcon_core.verb:set package 'urjc_excavation_world' build argument 'cmake_clean_first' from command line to 'False'
[0.128s] Level 5:colcon.colcon_core.verb:set package 'urjc_excavation_world' build argument 'cmake_force_configure' from command line to 'False'
[0.128s] Level 5:colcon.colcon_core.verb:set package 'urjc_excavation_world' build argument 'ament_cmake_args' from command line to 'None'
[0.128s] Level 5:colcon.colcon_core.verb:set package 'urjc_excavation_world' build argument 'catkin_cmake_args' from command line to 'None'
[0.128s] Level 5:colcon.colcon_core.verb:set package 'urjc_excavation_world' build argument 'catkin_skip_building_tests' from command line to 'False'
[0.128s] DEBUG:colcon.colcon_core.verb:Building package 'urjc_excavation_world' with the following arguments: {'ament_cmake_args': None, 'build_base': '/home/mario/MODELADO/Practicas/MSR_practicas/P3/build/urjc_excavation_world', 'catkin_cmake_args': None, 'catkin_skip_building_tests': False, 'cmake_args': None, 'cmake_clean_cache': False, 'cmake_clean_first': False, 'cmake_force_configure': False, 'cmake_target': None, 'cmake_target_skip_unavailable': False, 'install_base': '/home/mario/MODELADO/Practicas/MSR_practicas/P3/install/urjc_excavation_world', 'merge_install': False, 'path': '/home/mario/MODELADO/Practicas/MSR_practicas/P3/src/urjc-excavation-world', 'symlink_install': True, 'test_result_base': None}
[0.128s] INFO:colcon.colcon_core.executor:Executing jobs using 'parallel' executor
[0.128s] DEBUG:colcon.colcon_parallel_executor.executor.parallel:run_until_complete
[0.129s] INFO:colcon.colcon_ros.task.ament_cmake.build:Building ROS package in '/home/mario/MODELADO/Practicas/MSR_practicas/P3/src/rover_description' with build type 'ament_cmake'
[0.129s] INFO:colcon.colcon_cmake.task.cmake.build:Building CMake package in '/home/mario/MODELADO/Practicas/MSR_practicas/P3/src/rover_description'
[0.130s] INFO:colcon.colcon_core.plugin_system:Skipping extension 'colcon_core.shell.bat': Not used on non-Windows systems
[0.130s] DEBUG:colcon.colcon_core.shell:Skip shell extension 'dsv' for command environment
[0.131s] WARNING:colcon.colcon_core.prefix_path.colcon:The path '/home/mario/MODELADO/Practicas/MSR_practicas/P3/src/rover_moveit_config/install' in the environment variable COLCON_PREFIX_PATH doesn't exist
[0.131s] WARNING:colcon.colcon_ros.prefix_path.ament:The path '/home/mario/MODELADO/Practicas/MSR_practicas/P3/install/rover_moveit_config' in the environment variable AMENT_PREFIX_PATH doesn't exist
[0.131s] WARNING:colcon.colcon_ros.prefix_path.ament:The path '/home/mario/MODELADO/Practicas/MSR_practicas/P3/src/rover_moveit_config/install/rover_moveit_config' in the environment variable AMENT_PREFIX_PATH doesn't exist
[0.131s] WARNING:colcon.colcon_ros.prefix_path.ament:The path '/home/mario/MODELADO/Practicas/MSR_practicas/P3/install/urjc_excavation_world' in the environment variable AMENT_PREFIX_PATH doesn't exist
[0.131s] WARNING:colcon.colcon_ros.prefix_path.ament:The path '/home/mario/MODELADO/Practicas/MSR_practicas/P3/install/rover_description' in the environment variable AMENT_PREFIX_PATH doesn't exist
[0.131s] WARNING:colcon.colcon_ros.prefix_path.catkin:The path '/home/mario/MODELADO/Practicas/MSR_practicas/P3/install/rover_moveit_config' in the environment variable CMAKE_PREFIX_PATH doesn't exist
[0.131s] WARNING:colcon.colcon_ros.prefix_path.catkin:The path '/home/mario/MODELADO/Practicas/MSR_practicas/P3/src/rover_moveit_config/install/rover_moveit_config' in the environment variable CMAKE_PREFIX_PATH doesn't exist
[0.131s] WARNING:colcon.colcon_ros.prefix_path.catkin:The path '/home/mario/MODELADO/Practicas/MSR_practicas/P3/install/urjc_excavation_world' in the environment variable CMAKE_PREFIX_PATH doesn't exist
[0.131s] WARNING:colcon.colcon_ros.prefix_path.catkin:The path '/home/mario/MODELADO/Practicas/MSR_practicas/P3/install/rover_description' in the environment variable CMAKE_PREFIX_PATH doesn't exist
[0.134s] INFO:colcon.colcon_ros.task.ament_cmake.build:Building ROS package in '/home/mario/MODELADO/Practicas/MSR_practicas/P3/src/urjc-excavation-world' with build type 'ament_cmake'
[0.134s] INFO:colcon.colcon_cmake.task.cmake.build:Building CMake package in '/home/mario/MODELADO/Practicas/MSR_practicas/P3/src/urjc-excavation-world'
[0.134s] DEBUG:colcon.colcon_core.shell:Skip shell extension 'dsv' for command environment
[0.139s] DEBUG:colcon.colcon_core.event_handler.log_command:Invoking command in '/home/mario/MODELADO/Practicas/MSR_practicas/P3/build/rover_description': CMAKE_PREFIX_PATH=${CMAKE_PREFIX_PATH}:/opt/ros/jazzy DEBUGINFOD_URLS=https://debuginfod.ubuntu.com /usr/bin/cmake /home/mario/MODELADO/Practicas/MSR_practicas/P3/src/rover_description -DAMENT_CMAKE_SYMLINK_INSTALL=1 -DCMAKE_INSTALL_PREFIX=/home/mario/MODELADO/Practicas/MSR_practicas/P3/install/rover_description
[0.142s] DEBUG:colcon.colcon_core.event_handler.log_command:Invoking command in '/home/mario/MODELADO/Practicas/MSR_practicas/P3/build/urjc_excavation_world': CMAKE_PREFIX_PATH=${CMAKE_PREFIX_PATH}:/opt/ros/jazzy DEBUGINFOD_URLS=https://debuginfod.ubuntu.com /usr/bin/cmake /home/mario/MODELADO/Practicas/MSR_practicas/P3/src/urjc-excavation-world -DAMENT_CMAKE_SYMLINK_INSTALL=1 -DCMAKE_INSTALL_PREFIX=/home/mario/MODELADO/Practicas/MSR_practicas/P3/install/urjc_excavation_world
[0.856s] DEBUG:colcon.colcon_core.event_handler.log_command:Invoked command in '/home/mario/MODELADO/Practicas/MSR_practicas/P3/build/rover_description' returned '0': CMAKE_PREFIX_PATH=${CMAKE_PREFIX_PATH}:/opt/ros/jazzy DEBUGINFOD_URLS=https://debuginfod.ubuntu.com /usr/bin/cmake /home/mario/MODELADO/Practicas/MSR_practicas/P3/src/rover_description -DAMENT_CMAKE_SYMLINK_INSTALL=1 -DCMAKE_INSTALL_PREFIX=/home/mario/MODELADO/Practicas/MSR_practicas/P3/install/rover_description
[0.857s] DEBUG:colcon.colcon_core.event_handler.log_command:Invoking command in '/home/mario/MODELADO/Practicas/MSR_practicas/P3/build/rover_description': CMAKE_PREFIX_PATH=${CMAKE_PREFIX_PATH}:/opt/ros/jazzy DEBUGINFOD_URLS=https://debuginfod.ubuntu.com /usr/bin/cmake --build /home/mario/MODELADO/Practicas/MSR_practicas/P3/build/rover_description -- -j20 -l20
[0.894s] DEBUG:colcon.colcon_core.event_handler.log_command:Invoked command in '/home/mario/MODELADO/Practicas/MSR_practicas/P3/build/rover_description' returned '0': CMAKE_PREFIX_PATH=${CMAKE_PREFIX_PATH}:/opt/ros/jazzy DEBUGINFOD_URLS=https://debuginfod.ubuntu.com /usr/bin/cmake --build /home/mario/MODELADO/Practicas/MSR_practicas/P3/build/rover_description -- -j20 -l20
[0.902s] DEBUG:colcon.colcon_core.event_handler.log_command:Invoking command in '/home/mario/MODELADO/Practicas/MSR_practicas/P3/build/rover_description': CMAKE_PREFIX_PATH=${CMAKE_PREFIX_PATH}:/opt/ros/jazzy DEBUGINFOD_URLS=https://debuginfod.ubuntu.com /usr/bin/cmake --install /home/mario/MODELADO/Practicas/MSR_practicas/P3/build/rover_description
[1.352s] DEBUG:colcon.colcon_core.event_handler.log_command:Invoked command in '/home/mario/MODELADO/Practicas/MSR_practicas/P3/build/urjc_excavation_world' returned '0': CMAKE_PREFIX_PATH=${CMAKE_PREFIX_PATH}:/opt/ros/jazzy DEBUGINFOD_URLS=https://debuginfod.ubuntu.com /usr/bin/cmake /home/mario/MODELADO/Practicas/MSR_practicas/P3/src/urjc-excavation-world -DAMENT_CMAKE_SYMLINK_INSTALL=1 -DCMAKE_INSTALL_PREFIX=/home/mario/MODELADO/Practicas/MSR_practicas/P3/install/urjc_excavation_world
[1.353s] DEBUG:colcon.colcon_core.event_handler.log_command:Invoking command in '/home/mario/MODELADO/Practicas/MSR_practicas/P3/build/urjc_excavation_world': CMAKE_PREFIX_PATH=${CMAKE_PREFIX_PATH}:/opt/ros/jazzy DEBUGINFOD_URLS=https://debuginfod.ubuntu.com /usr/bin/cmake --build /home/mario/MODELADO/Practicas/MSR_practicas/P3/build/urjc_excavation_world -- -j20 -l20
[1.399s] DEBUG:colcon.colcon_core.event_handler.log_command:Invoked command in '/home/mario/MODELADO/Practicas/MSR_practicas/P3/build/urjc_excavation_world' returned '0': CMAKE_PREFIX_PATH=${CMAKE_PREFIX_PATH}:/opt/ros/jazzy DEBUGINFOD_URLS=https://debuginfod.ubuntu.com /usr/bin/cmake --build /home/mario/MODELADO/Practicas/MSR_practicas/P3/build/urjc_excavation_world -- -j20 -l20
[1.400s] DEBUG:colcon.colcon_core.event_handler.log_command:Invoking command in '/home/mario/MODELADO/Practicas/MSR_practicas/P3/build/urjc_excavation_world': CMAKE_PREFIX_PATH=${CMAKE_PREFIX_PATH}:/opt/ros/jazzy DEBUGINFOD_URLS=https://debuginfod.ubuntu.com /usr/bin/cmake --install /home/mario/MODELADO/Practicas/MSR_practicas/P3/build/urjc_excavation_world
[1.620s] Level 1:colcon.colcon_core.environment:create_environment_scripts_only(rover_description)
[1.622s] DEBUG:colcon.colcon_core.event_handler.log_command:Invoked command in '/home/mario/MODELADO/Practicas/MSR_practicas/P3/build/rover_description' returned '0': CMAKE_PREFIX_PATH=${CMAKE_PREFIX_PATH}:/opt/ros/jazzy DEBUGINFOD_URLS=https://debuginfod.ubuntu.com /usr/bin/cmake --install /home/mario/MODELADO/Practicas/MSR_practicas/P3/build/rover_description
[1.625s] Level 1:colcon.colcon_core.environment:checking '/home/mario/MODELADO/Practicas/MSR_practicas/P3/install/rover_description' for CMake module files
[1.626s] Level 1:colcon.colcon_core.environment:checking '/home/mario/MODELADO/Practicas/MSR_practicas/P3/install/rover_description' for CMake config files
[1.628s] Level 1:colcon.colcon_core.shell:create_environment_hook('rover_description', 'cmake_prefix_path')
[1.629s] INFO:colcon.colcon_core.shell:Creating environment descriptor '/home/mario/MODELADO/Practicas/MSR_practicas/P3/install/rover_description/share/rover_description/hook/cmake_prefix_path.dsv'
[1.629s] INFO:colcon.colcon_core.shell:Creating environment hook '/home/mario/MODELADO/Practicas/MSR_practicas/P3/install/rover_description/share/rover_description/hook/cmake_prefix_path.sh'
[1.631s] Level 1:colcon.colcon_core.environment:checking '/home/mario/MODELADO/Practicas/MSR_practicas/P3/install/rover_description/bin'
[1.631s] Level 1:colcon.colcon_core.environment:checking '/home/mario/MODELADO/Practicas/MSR_practicas/P3/install/rover_description/lib/pkgconfig/rover_description.pc'
[1.634s] Level 1:colcon.colcon_core.environment:checking '/home/mario/MODELADO/Practicas/MSR_practicas/P3/install/rover_description/lib/python3.12/site-packages'
[1.634s] Level 1:colcon.colcon_core.environment:checking '/home/mario/MODELADO/Practicas/MSR_practicas/P3/install/rover_description/bin'
[1.634s] INFO:colcon.colcon_core.shell:Creating package descriptor '/home/mario/MODELADO/Practicas/MSR_practicas/P3/install/rover_description/share/rover_description/package.dsv'
[1.635s] INFO:colcon.colcon_core.shell:Creating package script '/home/mario/MODELADO/Practicas/MSR_practicas/P3/install/rover_description/share/rover_description/package.sh'
[1.635s] INFO:colcon.colcon_core.shell:Creating package script '/home/mario/MODELADO/Practicas/MSR_practicas/P3/install/rover_description/share/rover_description/package.bash'
[1.636s] INFO:colcon.colcon_core.shell:Creating package script '/home/mario/MODELADO/Practicas/MSR_practicas/P3/install/rover_description/share/rover_description/package.zsh'
[1.636s] Level 1:colcon.colcon_core.environment:create_file_with_runtime_dependencies(/home/mario/MODELADO/Practicas/MSR_practicas/P3/install/rover_description/share/colcon-core/packages/rover_description)
[1.636s] Level 1:colcon.colcon_core.environment:create_environment_scripts_only(rover_description)
[1.637s] Level 1:colcon.colcon_core.environment:checking '/home/mario/MODELADO/Practicas/MSR_practicas/P3/install/rover_description' for CMake module files
[1.637s] Level 1:colcon.colcon_core.environment:checking '/home/mario/MODELADO/Practicas/MSR_practicas/P3/install/rover_description' for CMake config files
[1.638s] Level 1:colcon.colcon_core.shell:create_environment_hook('rover_description', 'cmake_prefix_path')
[1.638s] INFO:colcon.colcon_core.shell:Creating environment descriptor '/home/mario/MODELADO/Practicas/MSR_practicas/P3/install/rover_description/share/rover_description/hook/cmake_prefix_path.dsv'
[1.638s] INFO:colcon.colcon_core.shell:Creating environment hook '/home/mario/MODELADO/Practicas/MSR_practicas/P3/install/rover_description/share/rover_description/hook/cmake_prefix_path.sh'
[1.639s] Level 1:colcon.colcon_core.environment:checking '/home/mario/MODELADO/Practicas/MSR_practicas/P3/install/rover_description/bin'
[1.639s] Level 1:colcon.colcon_core.environment:checking '/home/mario/MODELADO/Practicas/MSR_practicas/P3/install/rover_description/lib/pkgconfig/rover_description.pc'
[1.639s] Level 1:colcon.colcon_core.environment:checking '/home/mario/MODELADO/Practicas/MSR_practicas/P3/install/rover_description/lib/python3.12/site-packages'
[1.639s] Level 1:colcon.colcon_core.environment:checking '/home/mario/MODELADO/Practicas/MSR_practicas/P3/install/rover_description/bin'
[1.640s] INFO:colcon.colcon_core.shell:Creating package descriptor '/home/mario/MODELADO/Practicas/MSR_practicas/P3/install/rover_description/share/rover_description/package.dsv'
[1.640s] INFO:colcon.colcon_core.shell:Creating package script '/home/mario/MODELADO/Practicas/MSR_practicas/P3/install/rover_description/share/rover_description/package.sh'
[1.641s] INFO:colcon.colcon_core.shell:Creating package script '/home/mario/MODELADO/Practicas/MSR_practicas/P3/install/rover_description/share/rover_description/package.bash'
[1.641s] INFO:colcon.colcon_core.shell:Creating package script '/home/mario/MODELADO/Practicas/MSR_practicas/P3/install/rover_description/share/rover_description/package.zsh'
[1.641s] Level 1:colcon.colcon_core.environment:create_file_with_runtime_dependencies(/home/mario/MODELADO/Practicas/MSR_practicas/P3/install/rover_description/share/colcon-core/packages/rover_description)
[1.999s] Level 1:colcon.colcon_core.environment:create_environment_scripts_only(urjc_excavation_world)
[1.999s] Level 1:colcon.colcon_core.environment:checking '/home/mario/MODELADO/Practicas/MSR_practicas/P3/install/urjc_excavation_world' for CMake module files
[2.000s] DEBUG:colcon.colcon_core.event_handler.log_command:Invoked command in '/home/mario/MODELADO/Practicas/MSR_practicas/P3/build/urjc_excavation_world' returned '0': CMAKE_PREFIX_PATH=${CMAKE_PREFIX_PATH}:/opt/ros/jazzy DEBUGINFOD_URLS=https://debuginfod.ubuntu.com /usr/bin/cmake --install /home/mario/MODELADO/Practicas/MSR_practicas/P3/build/urjc_excavation_world
[2.001s] Level 1:colcon.colcon_core.environment:checking '/home/mario/MODELADO/Practicas/MSR_practicas/P3/install/urjc_excavation_world' for CMake config files
[2.002s] Level 1:colcon.colcon_core.shell:create_environment_hook('urjc_excavation_world', 'cmake_prefix_path')
[2.003s] INFO:colcon.colcon_core.shell:Creating environment descriptor '/home/mario/MODELADO/Practicas/MSR_practicas/P3/install/urjc_excavation_world/share/urjc_excavation_world/hook/cmake_prefix_path.dsv'
[2.003s] INFO:colcon.colcon_core.shell:Creating environment hook '/home/mario/MODELADO/Practicas/MSR_practicas/P3/install/urjc_excavation_world/share/urjc_excavation_world/hook/cmake_prefix_path.sh'
[2.004s] Level 1:colcon.colcon_core.environment:checking '/home/mario/MODELADO/Practicas/MSR_practicas/P3/install/urjc_excavation_world/bin'
[2.004s] Level 1:colcon.colcon_core.environment:checking '/home/mario/MODELADO/Practicas/MSR_practicas/P3/install/urjc_excavation_world/lib/pkgconfig/urjc_excavation_world.pc'
[2.005s] Level 1:colcon.colcon_core.environment:checking '/home/mario/MODELADO/Practicas/MSR_practicas/P3/install/urjc_excavation_world/lib/python3.12/site-packages'
[2.005s] Level 1:colcon.colcon_core.environment:checking '/home/mario/MODELADO/Practicas/MSR_practicas/P3/install/urjc_excavation_world/bin'
[2.005s] INFO:colcon.colcon_core.shell:Creating package descriptor '/home/mario/MODELADO/Practicas/MSR_practicas/P3/install/urjc_excavation_world/share/urjc_excavation_world/package.dsv'
[2.006s] INFO:colcon.colcon_core.shell:Creating package script '/home/mario/MODELADO/Practicas/MSR_practicas/P3/install/urjc_excavation_world/share/urjc_excavation_world/package.sh'
[2.007s] INFO:colcon.colcon_core.shell:Creating package script '/home/mario/MODELADO/Practicas/MSR_practicas/P3/install/urjc_excavation_world/share/urjc_excavation_world/package.bash'
[2.007s] INFO:colcon.colcon_core.shell:Creating package script '/home/mario/MODELADO/Practicas/MSR_practicas/P3/install/urjc_excavation_world/share/urjc_excavation_world/package.zsh'
[2.008s] Level 1:colcon.colcon_core.environment:create_file_with_runtime_dependencies(/home/mario/MODELADO/Practicas/MSR_practicas/P3/install/urjc_excavation_world/share/colcon-core/packages/urjc_excavation_world)
[2.008s] Level 1:colcon.colcon_core.environment:create_environment_scripts_only(urjc_excavation_world)
[2.009s] Level 1:colcon.colcon_core.environment:checking '/home/mario/MODELADO/Practicas/MSR_practicas/P3/install/urjc_excavation_world' for CMake module files
[2.009s] Level 1:colcon.colcon_core.environment:checking '/home/mario/MODELADO/Practicas/MSR_practicas/P3/install/urjc_excavation_world' for CMake config files
[2.010s] Level 1:colcon.colcon_core.shell:create_environment_hook('urjc_excavation_world', 'cmake_prefix_path')
[2.011s] INFO:colcon.colcon_core.shell:Creating environment descriptor '/home/mario/MODELADO/Practicas/MSR_practicas/P3/install/urjc_excavation_world/share/urjc_excavation_world/hook/cmake_prefix_path.dsv'
[2.011s] INFO:colcon.colcon_core.shell:Creating environment hook '/home/mario/MODELADO/Practicas/MSR_practicas/P3/install/urjc_excavation_world/share/urjc_excavation_world/hook/cmake_prefix_path.sh'
[2.012s] Level 1:colcon.colcon_core.environment:checking '/home/mario/MODELADO/Practicas/MSR_practicas/P3/install/urjc_excavation_world/bin'
[2.012s] Level 1:colcon.colcon_core.environment:checking '/home/mario/MODELADO/Practicas/MSR_practicas/P3/install/urjc_excavation_world/lib/pkgconfig/urjc_excavation_world.pc'
[2.012s] Level 1:colcon.colcon_core.environment:checking '/home/mario/MODELADO/Practicas/MSR_practicas/P3/install/urjc_excavation_world/lib/python3.12/site-packages'
[2.013s] Level 1:colcon.colcon_core.environment:checking '/home/mario/MODELADO/Practicas/MSR_practicas/P3/install/urjc_excavation_world/bin'
[2.013s] INFO:colcon.colcon_core.shell:Creating package descriptor '/home/mario/MODELADO/Practicas/MSR_practicas/P3/install/urjc_excavation_world/share/urjc_excavation_world/package.dsv'
[2.014s] INFO:colcon.colcon_core.shell:Creating package script '/home/mario/MODELADO/Practicas/MSR_practicas/P3/install/urjc_excavation_world/share/urjc_excavation_world/package.sh'
[2.015s] INFO:colcon.colcon_core.shell:Creating package script '/home/mario/MODELADO/Practicas/MSR_practicas/P3/install/urjc_excavation_world/share/urjc_excavation_world/package.bash'
[2.015s] INFO:colcon.colcon_core.shell:Creating package script '/home/mario/MODELADO/Practicas/MSR_practicas/P3/install/urjc_excavation_world/share/urjc_excavation_world/package.zsh'
[2.015s] Level 1:colcon.colcon_core.environment:create_file_with_runtime_dependencies(/home/mario/MODELADO/Practicas/MSR_practicas/P3/install/urjc_excavation_world/share/colcon-core/packages/urjc_excavation_world)
[2.016s] DEBUG:colcon.colcon_parallel_executor.executor.parallel:closing loop
[2.016s] DEBUG:colcon.colcon_parallel_executor.executor.parallel:loop closed
[2.016s] DEBUG:colcon.colcon_parallel_executor.executor.parallel:run_until_complete finished with '0'
[2.016s] DEBUG:colcon.colcon_core.event_reactor:joining thread
[2.027s] INFO:colcon.colcon_core.plugin_system:Skipping extension 'colcon_notification.desktop_notification.terminal_notifier': Not used on non-Darwin systems
[2.027s] INFO:colcon.colcon_core.plugin_system:Skipping extension 'colcon_notification.desktop_notification.win32': Not used on non-Windows systems
[2.027s] INFO:colcon.colcon_notification.desktop_notification:Sending desktop notification using 'notify2'
[2.051s] DEBUG:colcon.colcon_core.event_reactor:joined thread
[2.051s] INFO:colcon.colcon_core.shell:Creating prefix script '/home/mario/MODELADO/Practicas/MSR_practicas/P3/install/local_setup.sh'
[2.052s] INFO:colcon.colcon_core.shell:Creating prefix util module '/home/mario/MODELADO/Practicas/MSR_practicas/P3/install/_local_setup_util_sh.py'
[2.053s] INFO:colcon.colcon_core.shell:Creating prefix chain script '/home/mario/MODELADO/Practicas/MSR_practicas/P3/install/setup.sh'
[2.054s] INFO:colcon.colcon_core.shell:Creating prefix script '/home/mario/MODELADO/Practicas/MSR_practicas/P3/install/local_setup.bash'
[2.054s] INFO:colcon.colcon_core.shell:Creating prefix chain script '/home/mario/MODELADO/Practicas/MSR_practicas/P3/install/setup.bash'
[2.055s] INFO:colcon.colcon_core.shell:Creating prefix script '/home/mario/MODELADO/Practicas/MSR_practicas/P3/install/local_setup.zsh'
[2.055s] INFO:colcon.colcon_core.shell:Creating prefix chain script '/home/mario/MODELADO/Practicas/MSR_practicas/P3/install/setup.zsh'
