-- Found ament_cmake: 2.5.6 (/opt/ros/jazzy/share/ament_cmake/cmake)
-- Override CMake install command with custom implementation using symlinks instead of copying resources
-- Found ament_lint_auto: 0.17.5 (/opt/ros/jazzy/share/ament_lint_auto/cmake)
-- Added test 'flake8' to check Python code syntax and style conventions
-- Configured 'flake8' exclude dirs and/or files: 
-- Added test 'lint_cmake' to check CMake code style
-- Added test 'pep257' to check Python code against some of the docstring style conventions in PEP 257
-- Added test 'xmllint' to check XML markup files
-- Configuring done (0.7s)
-- Generating done (0.0s)
-- Build files have been written to: /home/mario/MODELADO/Practicas/MSR_practicas/P3/build/rover_description
-- Install configuration: ""
-- Execute custom install script
-- Up-to-date symlink: /home/mario/MODELADO/Practicas/MSR_practicas/P3/install/rover_description/share/rover_description/robots/rover.urdf.xacro
-- Up-to-date symlink: /home/mario/MODELADO/Practicas/MSR_practicas/P3/install/rover_description/share/rover_description/urdf/arm/gripper.urdf.xacro
-- Up-to-date symlink: /home/mario/MODELADO/Practicas/MSR_practicas/P3/install/rover_description/share/rover_description/urdf/arm/scara.urdf.xacro
-- Up-to-date symlink: /home/mario/MODELADO/Practicas/MSR_practicas/P3/install/rover_description/share/rover_description/urdf/base/rover_base.urdf.xacro
-- Up-to-date symlink: /home/mario/MODELADO/Practicas/MSR_practicas/P3/install/rover_description/share/rover_description/urdf/ros2_control.urdf.xacro
-- Up-to-date symlink: /home/mario/MODELADO/Practicas/MSR_practicas/P3/install/rover_description/share/rover_description/urdf/sensors/camera.urdf.xacro
-- Up-to-date symlink: /home/mario/MODELADO/Practicas/MSR_practicas/P3/install/rover_description/share/rover_description/urdf/sensors/imu_sensor.urdf.xacro
-- Up-to-date symlink: /home/mario/MODELADO/Practicas/MSR_practicas/P3/install/rover_description/share/rover_description/urdf/sensors/sensors.urdf.xacro
-- Up-to-date symlink: /home/mario/MODELADO/Practicas/MSR_practicas/P3/install/rover_description/share/rover_description/urdf/utils/materials.urdf.xacro
-- Up-to-date symlink: /home/mario/MODELADO/Practicas/MSR_practicas/P3/install/rover_description/share/rover_description/urdf/wheels/rover_wheel.urdf.xacro
-- Up-to-date symlink: /home/mario/MODELADO/Practicas/MSR_practicas/P3/install/rover_description/share/rover_description/launch/rover_check.launch.py
-- Up-to-date symlink: /home/mario/MODELADO/Practicas/MSR_practicas/P3/install/rover_description/share/rover_description/launch/rover_controllers.launch.py
-- Up-to-date symlink: /home/mario/MODELADO/Practicas/MSR_practicas/P3/install/rover_description/share/rover_description/launch/rover_gazebo.launch.py
-- Up-to-date symlink: /home/mario/MODELADO/Practicas/MSR_practicas/P3/install/rover_description/share/rover_description/launch/rover_state_publisher.launch.py
-- Up-to-date symlink: /home/mario/MODELADO/Practicas/MSR_practicas/P3/install/rover_description/share/rover_description/meshes/dae/Cube.001.dae
-- Up-to-date symlink: /home/mario/MODELADO/Practicas/MSR_practicas/P3/install/rover_description/share/rover_description/meshes/dae/Cube.001.dae_history.log
-- Up-to-date symlink: /home/mario/MODELADO/Practicas/MSR_practicas/P3/install/rover_description/share/rover_description/meshes/dae/Cube.002.dae
-- Up-to-date symlink: /home/mario/MODELADO/Practicas/MSR_practicas/P3/install/rover_description/share/rover_description/meshes/dae/Cube.002.dae_history.log
-- Up-to-date symlink: /home/mario/MODELADO/Practicas/MSR_practicas/P3/install/rover_description/share/rover_description/meshes/dae/Cube.003.dae
-- Up-to-date symlink: /home/mario/MODELADO/Practicas/MSR_practicas/P3/install/rover_description/share/rover_description/meshes/dae/Cube.003.dae_history.log
-- Up-to-date symlink: /home/mario/MODELADO/Practicas/MSR_practicas/P3/install/rover_description/share/rover_description/meshes/dae/Cube.004.dae
-- Up-to-date symlink: /home/mario/MODELADO/Practicas/MSR_practicas/P3/install/rover_description/share/rover_description/meshes/dae/Cube.004.dae_history.log
-- Up-to-date symlink: /home/mario/MODELADO/Practicas/MSR_practicas/P3/install/rover_description/share/rover_description/meshes/dae/Cube.005.dae
-- Up-to-date symlink: /home/mario/MODELADO/Practicas/MSR_practicas/P3/install/rover_description/share/rover_description/meshes/dae/Cube.005.dae_history.log
-- Up-to-date symlink: /home/mario/MODELADO/Practicas/MSR_practicas/P3/install/rover_description/share/rover_description/meshes/dae/Cube.008.dae
-- Up-to-date symlink: /home/mario/MODELADO/Practicas/MSR_practicas/P3/install/rover_description/share/rover_description/meshes/dae/Cube.008.dae_history.log
-- Up-to-date symlink: /home/mario/MODELADO/Practicas/MSR_practicas/P3/install/rover_description/share/rover_description/meshes/dae/Cube.010.dae
-- Up-to-date symlink: /home/mario/MODELADO/Practicas/MSR_practicas/P3/install/rover_description/share/rover_description/meshes/dae/Cube.010.dae_history.log
-- Up-to-date symlink: /home/mario/MODELADO/Practicas/MSR_practicas/P3/install/rover_description/share/rover_description/meshes/dae/Cube.011.dae
-- Up-to-date symlink: /home/mario/MODELADO/Practicas/MSR_practicas/P3/install/rover_description/share/rover_description/meshes/dae/Cube.011.dae_history.log
-- Up-to-date symlink: /home/mario/MODELADO/Practicas/MSR_practicas/P3/install/rover_description/share/rover_description/meshes/dae/Cube.012.dae
-- Up-to-date symlink: /home/mario/MODELADO/Practicas/MSR_practicas/P3/install/rover_description/share/rover_description/meshes/dae/Cube.012.dae_history.log
-- Up-to-date symlink: /home/mario/MODELADO/Practicas/MSR_practicas/P3/install/rover_description/share/rover_description/meshes/dae/Cube.013.dae
-- Up-to-date symlink: /home/mario/MODELADO/Practicas/MSR_practicas/P3/install/rover_description/share/rover_description/meshes/dae/Cube.013.dae_history.log
-- Up-to-date symlink: /home/mario/MODELADO/Practicas/MSR_practicas/P3/install/rover_description/share/rover_description/meshes/dae/Cube.014.dae
-- Up-to-date symlink: /home/mario/MODELADO/Practicas/MSR_practicas/P3/install/rover_description/share/rover_description/meshes/dae/Cube.014.dae_history.log
-- Up-to-date symlink: /home/mario/MODELADO/Practicas/MSR_practicas/P3/install/rover_description/share/rover_description/meshes/dae/Cube.018.dae
-- Up-to-date symlink: /home/mario/MODELADO/Practicas/MSR_practicas/P3/install/rover_description/share/rover_description/meshes/dae/Cube.018.dae_history.log
-- Up-to-date symlink: /home/mario/MODELADO/Practicas/MSR_practicas/P3/install/rover_description/share/rover_description/meshes/dae/Cube.022.dae
-- Up-to-date symlink: /home/mario/MODELADO/Practicas/MSR_practicas/P3/install/rover_description/share/rover_description/meshes/dae/Cube.022.dae_history.log
-- Up-to-date symlink: /home/mario/MODELADO/Practicas/MSR_practicas/P3/install/rover_description/share/rover_description/meshes/dae/Cube.029.dae
-- Up-to-date symlink: /home/mario/MODELADO/Practicas/MSR_practicas/P3/install/rover_description/share/rover_description/meshes/dae/Cube.029.dae_history.log
-- Up-to-date symlink: /home/mario/MODELADO/Practicas/MSR_practicas/P3/install/rover_description/share/rover_description/meshes/dae/Cube.031.dae
-- Up-to-date symlink: /home/mario/MODELADO/Practicas/MSR_practicas/P3/install/rover_description/share/rover_description/meshes/dae/Cube.031.dae_history.log
-- Up-to-date symlink: /home/mario/MODELADO/Practicas/MSR_practicas/P3/install/rover_description/share/rover_description/meshes/dae/Cube.032.dae
-- Up-to-date symlink: /home/mario/MODELADO/Practicas/MSR_practicas/P3/install/rover_description/share/rover_description/meshes/dae/Cube.032.dae_history.log
-- Up-to-date symlink: /home/mario/MODELADO/Practicas/MSR_practicas/P3/install/rover_description/share/rover_description/meshes/dae/Cube.dae
-- Up-to-date symlink: /home/mario/MODELADO/Practicas/MSR_practicas/P3/install/rover_description/share/rover_description/meshes/dae/Cube.dae_history.log
-- Up-to-date symlink: /home/mario/MODELADO/Practicas/MSR_practicas/P3/install/rover_description/share/rover_description/meshes/dae/Cylinder.001.dae
-- Up-to-date symlink: /home/mario/MODELADO/Practicas/MSR_practicas/P3/install/rover_description/share/rover_description/meshes/dae/Cylinder.001.dae_history.log
-- Up-to-date symlink: /home/mario/MODELADO/Practicas/MSR_practicas/P3/install/rover_description/share/rover_description/meshes/dae/Cylinder.002.dae
-- Up-to-date symlink: /home/mario/MODELADO/Practicas/MSR_practicas/P3/install/rover_description/share/rover_description/meshes/dae/Cylinder.002.dae_history.log
-- Up-to-date symlink: /home/mario/MODELADO/Practicas/MSR_practicas/P3/install/rover_description/share/rover_description/meshes/dae/Cylinder.004.dae
-- Up-to-date symlink: /home/mario/MODELADO/Practicas/MSR_practicas/P3/install/rover_description/share/rover_description/meshes/dae/Cylinder.004.dae_history.log
-- Up-to-date symlink: /home/mario/MODELADO/Practicas/MSR_practicas/P3/install/rover_description/share/rover_description/meshes/dae/Cylinder.007.dae
-- Up-to-date symlink: /home/mario/MODELADO/Practicas/MSR_practicas/P3/install/rover_description/share/rover_description/meshes/dae/Cylinder.007.dae_history.log
-- Up-to-date symlink: /home/mario/MODELADO/Practicas/MSR_practicas/P3/install/rover_description/share/rover_description/meshes/dae/Cylinder.013.dae
-- Up-to-date symlink: /home/mario/MODELADO/Practicas/MSR_practicas/P3/install/rover_description/share/rover_description/meshes/dae/Cylinder.013.dae_history.log
-- Up-to-date symlink: /home/mario/MODELADO/Practicas/MSR_practicas/P3/install/rover_description/share/rover_description/meshes/dae/Cylinder.016.dae
-- Up-to-date symlink: /home/mario/MODELADO/Practicas/MSR_practicas/P3/install/rover_description/share/rover_description/meshes/dae/Cylinder.016.dae_history.log
-- Up-to-date symlink: /home/mario/MODELADO/Practicas/MSR_practicas/P3/install/rover_description/share/rover_description/meshes/dae/Cylinder.018.dae
-- Up-to-date symlink: /home/mario/MODELADO/Practicas/MSR_practicas/P3/install/rover_description/share/rover_description/meshes/dae/Cylinder.018.dae_history.log
-- Up-to-date symlink: /home/mario/MODELADO/Practicas/MSR_practicas/P3/install/rover_description/share/rover_description/meshes/dae/Cylinder.020.dae
-- Up-to-date symlink: /home/mario/MODELADO/Practicas/MSR_practicas/P3/install/rover_description/share/rover_description/meshes/dae/Cylinder.020.dae_history.log
-- Up-to-date symlink: /home/mario/MODELADO/Practicas/MSR_practicas/P3/install/rover_description/share/rover_description/meshes/dae/Cylinder.dae
-- Up-to-date symlink: /home/mario/MODELADO/Practicas/MSR_practicas/P3/install/rover_description/share/rover_description/meshes/dae/Cylinder.dae_history.log
-- Up-to-date symlink: /home/mario/MODELADO/Practicas/MSR_practicas/P3/install/rover_description/share/rover_description/meshes/dae/Torus.001.dae
-- Up-to-date symlink: /home/mario/MODELADO/Practicas/MSR_practicas/P3/install/rover_description/share/rover_description/meshes/dae/Torus.001.dae_history.log
-- Up-to-date symlink: /home/mario/MODELADO/Practicas/MSR_practicas/P3/install/rover_description/share/rover_description/meshes/dae/Torus.002.dae
-- Up-to-date symlink: /home/mario/MODELADO/Practicas/MSR_practicas/P3/install/rover_description/share/rover_description/meshes/dae/Torus.002.dae_history.log
-- Up-to-date symlink: /home/mario/MODELADO/Practicas/MSR_practicas/P3/install/rover_description/share/rover_description/meshes/dae/Torus.003.dae
-- Up-to-date symlink: /home/mario/MODELADO/Practicas/MSR_practicas/P3/install/rover_description/share/rover_description/meshes/dae/Torus.003.dae_history.log
-- Up-to-date symlink: /home/mario/MODELADO/Practicas/MSR_practicas/P3/install/rover_description/share/rover_description/meshes/dae/Torus.004.dae
-- Up-to-date symlink: /home/mario/MODELADO/Practicas/MSR_practicas/P3/install/rover_description/share/rover_description/meshes/dae/Torus.004.dae_history.log
-- Up-to-date symlink: /home/mario/MODELADO/Practicas/MSR_practicas/P3/install/rover_description/share/rover_description/meshes/dae/Torus.dae
-- Up-to-date symlink: /home/mario/MODELADO/Practicas/MSR_practicas/P3/install/rover_description/share/rover_description/meshes/dae/Torus.dae_history.log
-- Symlinking: /home/mario/MODELADO/Practicas/MSR_practicas/P3/install/rover_description/share/rover_description/config/rover_bridge.yaml
-- Up-to-date symlink: /home/mario/MODELADO/Practicas/MSR_practicas/P3/install/rover_description/share/rover_description/config/rover_controllers.yaml
-- Up-to-date symlink: /home/mario/MODELADO/Practicas/MSR_practicas/P3/install/rover_description/share/rover_description/rviz/rover.rviz
-- Up-to-date symlink: /home/mario/MODELADO/Practicas/MSR_practicas/P3/install/rover_description/share/ament_index/resource_index/package_run_dependencies/rover_description
-- Up-to-date symlink: /home/mario/MODELADO/Practicas/MSR_practicas/P3/install/rover_description/share/ament_index/resource_index/parent_prefix_path/rover_description
-- Up-to-date symlink: /home/mario/MODELADO/Practicas/MSR_practicas/P3/install/rover_description/share/rover_description/environment/ament_prefix_path.sh
-- Up-to-date symlink: /home/mario/MODELADO/Practicas/MSR_practicas/P3/install/rover_description/share/rover_description/environment/ament_prefix_path.dsv
-- Up-to-date symlink: /home/mario/MODELADO/Practicas/MSR_practicas/P3/install/rover_description/share/rover_description/environment/path.sh
-- Up-to-date symlink: /home/mario/MODELADO/Practicas/MSR_practicas/P3/install/rover_description/share/rover_description/environment/path.dsv
-- Up-to-date symlink: /home/mario/MODELADO/Practicas/MSR_practicas/P3/install/rover_description/share/rover_description/local_setup.bash
-- Up-to-date symlink: /home/mario/MODELADO/Practicas/MSR_practicas/P3/install/rover_description/share/rover_description/local_setup.sh
-- Up-to-date symlink: /home/mario/MODELADO/Practicas/MSR_practicas/P3/install/rover_description/share/rover_description/local_setup.zsh
-- Up-to-date symlink: /home/mario/MODELADO/Practicas/MSR_practicas/P3/install/rover_description/share/rover_description/local_setup.dsv
-- Symlinking: /home/mario/MODELADO/Practicas/MSR_practicas/P3/install/rover_description/share/rover_description/package.dsv
-- Up-to-date symlink: /home/mario/MODELADO/Practicas/MSR_practicas/P3/install/rover_description/share/ament_index/resource_index/packages/rover_description
-- Up-to-date symlink: /home/mario/MODELADO/Practicas/MSR_practicas/P3/install/rover_description/share/rover_description/cmake/rover_descriptionConfig.cmake
-- Up-to-date symlink: /home/mario/MODELADO/Practicas/MSR_practicas/P3/install/rover_description/share/rover_description/cmake/rover_descriptionConfig-version.cmake
-- Up-to-date symlink: /home/mario/MODELADO/Practicas/MSR_practicas/P3/install/rover_description/share/rover_description/package.xml
