[0.017s] Invoking command in '/home/mario/MODELADO/Practicas/MSR_practicas/P3/build/rover_description': CMAKE_PREFIX_PATH=${CMAKE_PREFIX_PATH}:/opt/ros/jazzy DEBUGINFOD_URLS=https://debuginfod.ubuntu.com /usr/bin/cmake --build /home/mario/MODELADO/Practicas/MSR_practicas/P3/build/rover_description -- -j20 -l20
[0.084s] -- Found ament_cmake: 2.5.6 (/opt/ros/jazzy/share/ament_cmake/cmake)
[0.482s] -- Override CMake install command with custom implementation using symlinks instead of copying resources
[0.510s] -- Found ament_lint_auto: 0.17.5 (/opt/ros/jazzy/share/ament_lint_auto/cmake)
[0.720s] -- Added test 'flake8' to check Python code syntax and style conventions
[0.720s] -- Configured 'flake8' exclude dirs and/or files: 
[0.723s] -- Added test 'lint_cmake' to check CMake code style
[0.725s] -- Added test 'pep257' to check Python code against some of the docstring style conventions in PEP 257
[0.732s] -- Added test 'xmllint' to check XML markup files
[0.735s] -- Configuring done (0.7s)
[0.744s] -- Generating done (0.0s)
[0.746s] -- Build files have been written to: /home/mario/MODELADO/Practicas/MSR_practicas/P3/build/rover_description
[0.787s] Invoked command in '/home/mario/MODELADO/Practicas/MSR_practicas/P3/build/rover_description' returned '0': CMAKE_PREFIX_PATH=${CMAKE_PREFIX_PATH}:/opt/ros/jazzy DEBUGINFOD_URLS=https://debuginfod.ubuntu.com /usr/bin/cmake --build /home/mario/MODELADO/Practicas/MSR_practicas/P3/build/rover_description -- -j20 -l20
[0.789s] Invoking command in '/home/mario/MODELADO/Practicas/MSR_practicas/P3/build/rover_description': CMAKE_PREFIX_PATH=${CMAKE_PREFIX_PATH}:/opt/ros/jazzy DEBUGINFOD_URLS=https://debuginfod.ubuntu.com /usr/bin/cmake --install /home/mario/MODELADO/Practicas/MSR_practicas/P3/build/rover_description
[0.805s] -- Install configuration: ""
[0.806s] -- Execute custom install script
[0.806s] -- Up-to-date symlink: /home/mario/MODELADO/Practicas/MSR_practicas/P3/install/rover_description/share/rover_description/robots/rover.urdf.xacro
[0.807s] -- Up-to-date symlink: /home/mario/MODELADO/Practicas/MSR_practicas/P3/install/rover_description/share/rover_description/urdf/arm/gripper.urdf.xacro
[0.808s] -- Up-to-date symlink: /home/mario/MODELADO/Practicas/MSR_practicas/P3/install/rover_description/share/rover_description/urdf/arm/scara.urdf.xacro
[0.808s] -- Up-to-date symlink: /home/mario/MODELADO/Practicas/MSR_practicas/P3/install/rover_description/share/rover_description/urdf/base/rover_base.urdf.xacro
[0.808s] -- Up-to-date symlink: /home/mario/MODELADO/Practicas/MSR_practicas/P3/install/rover_description/share/rover_description/urdf/ros2_control.urdf.xacro
[0.808s] -- Up-to-date symlink: /home/mario/MODELADO/Practicas/MSR_practicas/P3/install/rover_description/share/rover_description/urdf/sensors/camera.urdf.xacro
[0.808s] -- Up-to-date symlink: /home/mario/MODELADO/Practicas/MSR_practicas/P3/install/rover_description/share/rover_description/urdf/sensors/imu_sensor.urdf.xacro
[0.809s] -- Up-to-date symlink: /home/mario/MODELADO/Practicas/MSR_practicas/P3/install/rover_description/share/rover_description/urdf/sensors/sensors.urdf.xacro
[0.809s] -- Up-to-date symlink: /home/mario/MODELADO/Practicas/MSR_practicas/P3/install/rover_description/share/rover_description/urdf/utils/materials.urdf.xacro
[0.809s] -- Up-to-date symlink: /home/mario/MODELADO/Practicas/MSR_practicas/P3/install/rover_description/share/rover_description/urdf/wheels/rover_wheel.urdf.xacro
[0.809s] -- Up-to-date symlink: /home/mario/MODELADO/Practicas/MSR_practicas/P3/install/rover_description/share/rover_description/launch/rover_check.launch.py
[0.809s] -- Up-to-date symlink: /home/mario/MODELADO/Practicas/MSR_practicas/P3/install/rover_description/share/rover_description/launch/rover_controllers.launch.py
[0.809s] -- Up-to-date symlink: /home/mario/MODELADO/Practicas/MSR_practicas/P3/install/rover_description/share/rover_description/launch/rover_gazebo.launch.py
[0.809s] -- Up-to-date symlink: /home/mario/MODELADO/Practicas/MSR_practicas/P3/install/rover_description/share/rover_description/launch/rover_state_publisher.launch.py
[0.811s] -- Up-to-date symlink: /home/mario/MODELADO/Practicas/MSR_practicas/P3/install/rover_description/share/rover_description/meshes/dae/Cube.001.dae
[0.811s] -- Up-to-date symlink: /home/mario/MODELADO/Practicas/MSR_practicas/P3/install/rover_description/share/rover_description/meshes/dae/Cube.001.dae_history.log
[0.811s] -- Up-to-date symlink: /home/mario/MODELADO/Practicas/MSR_practicas/P3/install/rover_description/share/rover_description/meshes/dae/Cube.002.dae
[0.811s] -- Up-to-date symlink: /home/mario/MODELADO/Practicas/MSR_practicas/P3/install/rover_description/share/rover_description/meshes/dae/Cube.002.dae_history.log
[0.811s] -- Up-to-date symlink: /home/mario/MODELADO/Practicas/MSR_practicas/P3/install/rover_description/share/rover_description/meshes/dae/Cube.003.dae
[0.812s] -- Up-to-date symlink: /home/mario/MODELADO/Practicas/MSR_practicas/P3/install/rover_description/share/rover_description/meshes/dae/Cube.003.dae_history.log
[0.812s] -- Up-to-date symlink: /home/mario/MODELADO/Practicas/MSR_practicas/P3/install/rover_description/share/rover_description/meshes/dae/Cube.004.dae
[0.812s] -- Up-to-date symlink: /home/mario/MODELADO/Practicas/MSR_practicas/P3/install/rover_description/share/rover_description/meshes/dae/Cube.004.dae_history.log
[0.812s] -- Up-to-date symlink: /home/mario/MODELADO/Practicas/MSR_practicas/P3/install/rover_description/share/rover_description/meshes/dae/Cube.005.dae
[0.812s] -- Up-to-date symlink: /home/mario/MODELADO/Practicas/MSR_practicas/P3/install/rover_description/share/rover_description/meshes/dae/Cube.005.dae_history.log
[0.813s] -- Up-to-date symlink: /home/mario/MODELADO/Practicas/MSR_practicas/P3/install/rover_description/share/rover_description/meshes/dae/Cube.008.dae
[0.813s] -- Up-to-date symlink: /home/mario/MODELADO/Practicas/MSR_practicas/P3/install/rover_description/share/rover_description/meshes/dae/Cube.008.dae_history.log
[0.813s] -- Up-to-date symlink: /home/mario/MODELADO/Practicas/MSR_practicas/P3/install/rover_description/share/rover_description/meshes/dae/Cube.010.dae
[0.813s] -- Up-to-date symlink: /home/mario/MODELADO/Practicas/MSR_practicas/P3/install/rover_description/share/rover_description/meshes/dae/Cube.010.dae_history.log
[0.813s] -- Up-to-date symlink: /home/mario/MODELADO/Practicas/MSR_practicas/P3/install/rover_description/share/rover_description/meshes/dae/Cube.011.dae
[0.813s] -- Up-to-date symlink: /home/mario/MODELADO/Practicas/MSR_practicas/P3/install/rover_description/share/rover_description/meshes/dae/Cube.011.dae_history.log
[0.814s] -- Up-to-date symlink: /home/mario/MODELADO/Practicas/MSR_practicas/P3/install/rover_description/share/rover_description/meshes/dae/Cube.012.dae
[0.814s] -- Up-to-date symlink: /home/mario/MODELADO/Practicas/MSR_practicas/P3/install/rover_description/share/rover_description/meshes/dae/Cube.012.dae_history.log
[0.814s] -- Up-to-date symlink: /home/mario/MODELADO/Practicas/MSR_practicas/P3/install/rover_description/share/rover_description/meshes/dae/Cube.013.dae
[0.814s] -- Up-to-date symlink: /home/mario/MODELADO/Practicas/MSR_practicas/P3/install/rover_description/share/rover_description/meshes/dae/Cube.013.dae_history.log
[0.814s] -- Up-to-date symlink: /home/mario/MODELADO/Practicas/MSR_practicas/P3/install/rover_description/share/rover_description/meshes/dae/Cube.014.dae
[0.815s] -- Up-to-date symlink: /home/mario/MODELADO/Practicas/MSR_practicas/P3/install/rover_description/share/rover_description/meshes/dae/Cube.014.dae_history.log
[0.815s] -- Up-to-date symlink: /home/mario/MODELADO/Practicas/MSR_practicas/P3/install/rover_description/share/rover_description/meshes/dae/Cube.018.dae
[0.815s] -- Up-to-date symlink: /home/mario/MODELADO/Practicas/MSR_practicas/P3/install/rover_description/share/rover_description/meshes/dae/Cube.018.dae_history.log
[0.815s] -- Up-to-date symlink: /home/mario/MODELADO/Practicas/MSR_practicas/P3/install/rover_description/share/rover_description/meshes/dae/Cube.022.dae
[0.815s] -- Up-to-date symlink: /home/mario/MODELADO/Practicas/MSR_practicas/P3/install/rover_description/share/rover_description/meshes/dae/Cube.022.dae_history.log
[0.815s] -- Up-to-date symlink: /home/mario/MODELADO/Practicas/MSR_practicas/P3/install/rover_description/share/rover_description/meshes/dae/Cube.029.dae
[0.816s] -- Up-to-date symlink: /home/mario/MODELADO/Practicas/MSR_practicas/P3/install/rover_description/share/rover_description/meshes/dae/Cube.029.dae_history.log
[0.816s] -- Up-to-date symlink: /home/mario/MODELADO/Practicas/MSR_practicas/P3/install/rover_description/share/rover_description/meshes/dae/Cube.031.dae
[0.816s] -- Up-to-date symlink: /home/mario/MODELADO/Practicas/MSR_practicas/P3/install/rover_description/share/rover_description/meshes/dae/Cube.031.dae_history.log
[0.816s] -- Up-to-date symlink: /home/mario/MODELADO/Practicas/MSR_practicas/P3/install/rover_description/share/rover_description/meshes/dae/Cube.032.dae
[0.816s] -- Up-to-date symlink: /home/mario/MODELADO/Practicas/MSR_practicas/P3/install/rover_description/share/rover_description/meshes/dae/Cube.032.dae_history.log
[0.817s] -- Up-to-date symlink: /home/mario/MODELADO/Practicas/MSR_practicas/P3/install/rover_description/share/rover_description/meshes/dae/Cube.dae
[0.817s] -- Up-to-date symlink: /home/mario/MODELADO/Practicas/MSR_practicas/P3/install/rover_description/share/rover_description/meshes/dae/Cube.dae_history.log
[0.817s] -- Up-to-date symlink: /home/mario/MODELADO/Practicas/MSR_practicas/P3/install/rover_description/share/rover_description/meshes/dae/Cylinder.001.dae
[0.817s] -- Up-to-date symlink: /home/mario/MODELADO/Practicas/MSR_practicas/P3/install/rover_description/share/rover_description/meshes/dae/Cylinder.001.dae_history.log
[0.817s] -- Up-to-date symlink: /home/mario/MODELADO/Practicas/MSR_practicas/P3/install/rover_description/share/rover_description/meshes/dae/Cylinder.002.dae
[0.817s] -- Up-to-date symlink: /home/mario/MODELADO/Practicas/MSR_practicas/P3/install/rover_description/share/rover_description/meshes/dae/Cylinder.002.dae_history.log
[0.818s] -- Up-to-date symlink: /home/mario/MODELADO/Practicas/MSR_practicas/P3/install/rover_description/share/rover_description/meshes/dae/Cylinder.004.dae
[0.818s] -- Up-to-date symlink: /home/mario/MODELADO/Practicas/MSR_practicas/P3/install/rover_description/share/rover_description/meshes/dae/Cylinder.004.dae_history.log
[0.819s] -- Up-to-date symlink: /home/mario/MODELADO/Practicas/MSR_practicas/P3/install/rover_description/share/rover_description/meshes/dae/Cylinder.007.dae
[0.819s] -- Up-to-date symlink: /home/mario/MODELADO/Practicas/MSR_practicas/P3/install/rover_description/share/rover_description/meshes/dae/Cylinder.007.dae_history.log
[0.819s] -- Up-to-date symlink: /home/mario/MODELADO/Practicas/MSR_practicas/P3/install/rover_description/share/rover_description/meshes/dae/Cylinder.013.dae
[0.819s] -- Up-to-date symlink: /home/mario/MODELADO/Practicas/MSR_practicas/P3/install/rover_description/share/rover_description/meshes/dae/Cylinder.013.dae_history.log
[0.819s] -- Up-to-date symlink: /home/mario/MODELADO/Practicas/MSR_practicas/P3/install/rover_description/share/rover_description/meshes/dae/Cylinder.016.dae
[0.820s] -- Up-to-date symlink: /home/mario/MODELADO/Practicas/MSR_practicas/P3/install/rover_description/share/rover_description/meshes/dae/Cylinder.016.dae_history.log
[0.820s] -- Up-to-date symlink: /home/mario/MODELADO/Practicas/MSR_practicas/P3/install/rover_description/share/rover_description/meshes/dae/Cylinder.018.dae
[0.820s] -- Up-to-date symlink: /home/mario/MODELADO/Practicas/MSR_practicas/P3/install/rover_description/share/rover_description/meshes/dae/Cylinder.018.dae_history.log
[0.820s] -- Up-to-date symlink: /home/mario/MODELADO/Practicas/MSR_practicas/P3/install/rover_description/share/rover_description/meshes/dae/Cylinder.020.dae
[0.820s] -- Up-to-date symlink: /home/mario/MODELADO/Practicas/MSR_practicas/P3/install/rover_description/share/rover_description/meshes/dae/Cylinder.020.dae_history.log
[0.821s] -- Up-to-date symlink: /home/mario/MODELADO/Practicas/MSR_practicas/P3/install/rover_description/share/rover_description/meshes/dae/Cylinder.dae
[0.821s] -- Up-to-date symlink: /home/mario/MODELADO/Practicas/MSR_practicas/P3/install/rover_description/share/rover_description/meshes/dae/Cylinder.dae_history.log
[0.821s] -- Up-to-date symlink: /home/mario/MODELADO/Practicas/MSR_practicas/P3/install/rover_description/share/rover_description/meshes/dae/Torus.001.dae
[0.821s] -- Up-to-date symlink: /home/mario/MODELADO/Practicas/MSR_practicas/P3/install/rover_description/share/rover_description/meshes/dae/Torus.001.dae_history.log
[0.821s] -- Up-to-date symlink: /home/mario/MODELADO/Practicas/MSR_practicas/P3/install/rover_description/share/rover_description/meshes/dae/Torus.002.dae
[0.821s] -- Up-to-date symlink: /home/mario/MODELADO/Practicas/MSR_practicas/P3/install/rover_description/share/rover_description/meshes/dae/Torus.002.dae_history.log
[0.821s] -- Up-to-date symlink: /home/mario/MODELADO/Practicas/MSR_practicas/P3/install/rover_description/share/rover_description/meshes/dae/Torus.003.dae
[0.822s] -- Up-to-date symlink: /home/mario/MODELADO/Practicas/MSR_practicas/P3/install/rover_description/share/rover_description/meshes/dae/Torus.003.dae_history.log
[0.822s] -- Up-to-date symlink: /home/mario/MODELADO/Practicas/MSR_practicas/P3/install/rover_description/share/rover_description/meshes/dae/Torus.004.dae
[0.822s] -- Up-to-date symlink: /home/mario/MODELADO/Practicas/MSR_practicas/P3/install/rover_description/share/rover_description/meshes/dae/Torus.004.dae_history.log
[0.822s] -- Up-to-date symlink: /home/mario/MODELADO/Practicas/MSR_practicas/P3/install/rover_description/share/rover_description/meshes/dae/Torus.dae
[0.822s] -- Up-to-date symlink: /home/mario/MODELADO/Practicas/MSR_practicas/P3/install/rover_description/share/rover_description/meshes/dae/Torus.dae_history.log
[0.822s] -- Symlinking: /home/mario/MODELADO/Practicas/MSR_practicas/P3/install/rover_description/share/rover_description/config/rover_bridge.yaml
[0.842s] -- Up-to-date symlink: /home/mario/MODELADO/Practicas/MSR_practicas/P3/install/rover_description/share/rover_description/config/rover_controllers.yaml
[0.843s] -- Up-to-date symlink: /home/mario/MODELADO/Practicas/MSR_practicas/P3/install/rover_description/share/rover_description/rviz/rover.rviz
[0.843s] -- Up-to-date symlink: /home/mario/MODELADO/Practicas/MSR_practicas/P3/install/rover_description/share/ament_index/resource_index/package_run_dependencies/rover_description
[0.843s] -- Up-to-date symlink: /home/mario/MODELADO/Practicas/MSR_practicas/P3/install/rover_description/share/ament_index/resource_index/parent_prefix_path/rover_description
[0.844s] -- Up-to-date symlink: /home/mario/MODELADO/Practicas/MSR_practicas/P3/install/rover_description/share/rover_description/environment/ament_prefix_path.sh
[0.844s] -- Up-to-date symlink: /home/mario/MODELADO/Practicas/MSR_practicas/P3/install/rover_description/share/rover_description/environment/ament_prefix_path.dsv
[0.845s] -- Up-to-date symlink: /home/mario/MODELADO/Practicas/MSR_practicas/P3/install/rover_description/share/rover_description/environment/path.sh
[0.845s] -- Up-to-date symlink: /home/mario/MODELADO/Practicas/MSR_practicas/P3/install/rover_description/share/rover_description/environment/path.dsv
[0.846s] -- Up-to-date symlink: /home/mario/MODELADO/Practicas/MSR_practicas/P3/install/rover_description/share/rover_description/local_setup.bash
[0.846s] -- Up-to-date symlink: /home/mario/MODELADO/Practicas/MSR_practicas/P3/install/rover_description/share/rover_description/local_setup.sh
[0.846s] -- Up-to-date symlink: /home/mario/MODELADO/Practicas/MSR_practicas/P3/install/rover_description/share/rover_description/local_setup.zsh
[0.846s] -- Up-to-date symlink: /home/mario/MODELADO/Practicas/MSR_practicas/P3/install/rover_description/share/rover_description/local_setup.dsv
[0.846s] -- Symlinking: /home/mario/MODELADO/Practicas/MSR_practicas/P3/install/rover_description/share/rover_description/package.dsv
[0.865s] -- Up-to-date symlink: /home/mario/MODELADO/Practicas/MSR_practicas/P3/install/rover_description/share/ament_index/resource_index/packages/rover_description
[0.865s] -- Up-to-date symlink: /home/mario/MODELADO/Practicas/MSR_practicas/P3/install/rover_description/share/rover_description/cmake/rover_descriptionConfig.cmake
[0.866s] -- Up-to-date symlink: /home/mario/MODELADO/Practicas/MSR_practicas/P3/install/rover_description/share/rover_description/cmake/rover_descriptionConfig-version.cmake
[0.866s] -- Up-to-date symlink: /home/mario/MODELADO/Practicas/MSR_practicas/P3/install/rover_description/share/rover_description/package.xml
[0.870s] Invoked command in '/home/mario/MODELADO/Practicas/MSR_practicas/P3/build/rover_description' returned '0': CMAKE_PREFIX_PATH=${CMAKE_PREFIX_PATH}:/opt/ros/jazzy DEBUGINFOD_URLS=https://debuginfod.ubuntu.com /usr/bin/cmake --install /home/mario/MODELADO/Practicas/MSR_practicas/P3/build/rover_description
