[0.128s] DEBUG:colcon:Command line arguments: ['/usr/bin/colcon', 'build', '--symlink-install']
[0.128s] DEBUG:colcon:Parsed command line arguments: Namespace(log_base=None, log_level=None, verb_name='build', build_base='build', install_base='install', merge_install=False, symlink_install=True, test_result_base=None, continue_on_error=False, executor='parallel', parallel_workers=20, event_handlers=None, ignore_user_meta=False, metas=['./colcon.meta'], base_paths=['.'], packages_ignore=None, packages_ignore_regex=None, paths=None, packages_up_to=None, packages_up_to_regex=None, packages_above=None, packages_above_and_dependencies=None, packages_above_depth=None, packages_select_by_dep=None, packages_skip_by_dep=None, packages_skip_up_to=None, packages_select_build_failed=False, packages_skip_build_finished=False, packages_select_test_failures=False, packages_skip_test_passed=False, packages_select=None, packages_skip=None, packages_select_regex=None, packages_skip_regex=None, packages_start=None, packages_end=None, cmake_args=None, cmake_target=None, cmake_target_skip_unavailable=False, cmake_clean_cache=False, cmake_clean_first=False, cmake_force_configure=False, ament_cmake_args=None, catkin_cmake_args=None, catkin_skip_building_tests=False, verb_parser=<colcon_defaults.argument_parser.defaults.DefaultArgumentsDecorator object at 0x78f731b50800>, verb_extension=<colcon_core.verb.build.BuildVerb object at 0x78f731b50200>, main=<bound method BuildVerb.main of <colcon_core.verb.build.BuildVerb object at 0x78f731b50200>>)
[0.176s] Level 1:colcon.colcon_core.package_discovery:discover_packages(colcon_meta) check parameters
[0.176s] Level 1:colcon.colcon_core.package_discovery:discover_packages(recursive) check parameters
[0.176s] Level 1:colcon.colcon_core.package_discovery:discover_packages(ignore) check parameters
[0.176s] Level 1:colcon.colcon_core.package_discovery:discover_packages(path) check parameters
[0.176s] Level 1:colcon.colcon_core.package_discovery:discover_packages(colcon_meta) discover
[0.176s] Level 1:colcon.colcon_core.package_discovery:discover_packages(recursive) discover
[0.176s] INFO:colcon.colcon_core.package_discovery:Crawling recursively for packages in '/home/mario/MODELADO/Practicas/MSR_practicas/P3'
[0.176s] Level 1:colcon.colcon_core.package_identification:_identify(.) by extensions ['ignore', 'ignore_ament_install']
[0.177s] Level 1:colcon.colcon_core.package_identification:_identify(.) by extension 'ignore'
[0.177s] Level 1:colcon.colcon_core.package_identification:_identify(.) by extension 'ignore_ament_install'
[0.177s] Level 1:colcon.colcon_core.package_identification:_identify(.) by extensions ['colcon_pkg']
[0.177s] Level 1:colcon.colcon_core.package_identification:_identify(.) by extension 'colcon_pkg'
[0.177s] Level 1:colcon.colcon_core.package_identification:_identify(.) by extensions ['colcon_meta']
[0.177s] Level 1:colcon.colcon_core.package_identification:_identify(.) by extension 'colcon_meta'
[0.177s] Level 1:colcon.colcon_core.package_identification:_identify(.) by extensions ['ros']
[0.177s] Level 1:colcon.colcon_core.package_identification:_identify(.) by extension 'ros'
[0.211s] Level 1:colcon.colcon_core.package_identification:_identify(.) by extensions ['cmake', 'python']
[0.211s] Level 1:colcon.colcon_core.package_identification:_identify(.) by extension 'cmake'
[0.211s] Level 1:colcon.colcon_core.package_identification:_identify(.) by extension 'python'
[0.211s] Level 1:colcon.colcon_core.package_identification:_identify(.) by extensions ['python_setup_py']
[0.211s] Level 1:colcon.colcon_core.package_identification:_identify(.) by extension 'python_setup_py'
[0.212s] Level 1:colcon.colcon_core.package_identification:_identify(build) by extensions ['ignore', 'ignore_ament_install']
[0.212s] Level 1:colcon.colcon_core.package_identification:_identify(build) by extension 'ignore'
[0.212s] Level 1:colcon.colcon_core.package_identification:_identify(build) ignored
[0.212s] Level 1:colcon.colcon_core.package_identification:_identify(install) by extensions ['ignore', 'ignore_ament_install']
[0.212s] Level 1:colcon.colcon_core.package_identification:_identify(install) by extension 'ignore'
[0.212s] Level 1:colcon.colcon_core.package_identification:_identify(install) ignored
[0.212s] Level 1:colcon.colcon_core.package_identification:_identify(log) by extensions ['ignore', 'ignore_ament_install']
[0.212s] Level 1:colcon.colcon_core.package_identification:_identify(log) by extension 'ignore'
[0.212s] Level 1:colcon.colcon_core.package_identification:_identify(log) ignored
[0.212s] Level 1:colcon.colcon_core.package_identification:_identify(src) by extensions ['ignore', 'ignore_ament_install']
[0.212s] Level 1:colcon.colcon_core.package_identification:_identify(src) by extension 'ignore'
[0.213s] Level 1:colcon.colcon_core.package_identification:_identify(src) by extension 'ignore_ament_install'
[0.213s] Level 1:colcon.colcon_core.package_identification:_identify(src) by extensions ['colcon_pkg']
[0.213s] Level 1:colcon.colcon_core.package_identification:_identify(src) by extension 'colcon_pkg'
[0.213s] Level 1:colcon.colcon_core.package_identification:_identify(src) by extensions ['colcon_meta']
[0.213s] Level 1:colcon.colcon_core.package_identification:_identify(src) by extension 'colcon_meta'
[0.213s] Level 1:colcon.colcon_core.package_identification:_identify(src) by extensions ['ros']
[0.213s] Level 1:colcon.colcon_core.package_identification:_identify(src) by extension 'ros'
[0.213s] Level 1:colcon.colcon_core.package_identification:_identify(src) by extensions ['cmake', 'python']
[0.213s] Level 1:colcon.colcon_core.package_identification:_identify(src) by extension 'cmake'
[0.213s] Level 1:colcon.colcon_core.package_identification:_identify(src) by extension 'python'
[0.213s] Level 1:colcon.colcon_core.package_identification:_identify(src) by extensions ['python_setup_py']
[0.213s] Level 1:colcon.colcon_core.package_identification:_identify(src) by extension 'python_setup_py'
[0.213s] Level 1:colcon.colcon_core.package_identification:_identify(src/data) by extensions ['ignore', 'ignore_ament_install']
[0.213s] Level 1:colcon.colcon_core.package_identification:_identify(src/data) by extension 'ignore'
[0.213s] Level 1:colcon.colcon_core.package_identification:_identify(src/data) by extension 'ignore_ament_install'
[0.213s] Level 1:colcon.colcon_core.package_identification:_identify(src/data) by extensions ['colcon_pkg']
[0.213s] Level 1:colcon.colcon_core.package_identification:_identify(src/data) by extension 'colcon_pkg'
[0.213s] Level 1:colcon.colcon_core.package_identification:_identify(src/data) by extensions ['colcon_meta']
[0.213s] Level 1:colcon.colcon_core.package_identification:_identify(src/data) by extension 'colcon_meta'
[0.213s] Level 1:colcon.colcon_core.package_identification:_identify(src/data) by extensions ['ros']
[0.213s] Level 1:colcon.colcon_core.package_identification:_identify(src/data) by extension 'ros'
[0.214s] Level 1:colcon.colcon_core.package_identification:_identify(src/data) by extensions ['cmake', 'python']
[0.214s] Level 1:colcon.colcon_core.package_identification:_identify(src/data) by extension 'cmake'
[0.214s] Level 1:colcon.colcon_core.package_identification:_identify(src/data) by extension 'python'
[0.214s] Level 1:colcon.colcon_core.package_identification:_identify(src/data) by extensions ['python_setup_py']
[0.214s] Level 1:colcon.colcon_core.package_identification:_identify(src/data) by extension 'python_setup_py'
[0.214s] Level 1:colcon.colcon_core.package_identification:_identify(src/data/results) by extensions ['ignore', 'ignore_ament_install']
[0.214s] Level 1:colcon.colcon_core.package_identification:_identify(src/data/results) by extension 'ignore'
[0.214s] Level 1:colcon.colcon_core.package_identification:_identify(src/data/results) by extension 'ignore_ament_install'
[0.214s] Level 1:colcon.colcon_core.package_identification:_identify(src/data/results) by extensions ['colcon_pkg']
[0.214s] Level 1:colcon.colcon_core.package_identification:_identify(src/data/results) by extension 'colcon_pkg'
[0.214s] Level 1:colcon.colcon_core.package_identification:_identify(src/data/results) by extensions ['colcon_meta']
[0.214s] Level 1:colcon.colcon_core.package_identification:_identify(src/data/results) by extension 'colcon_meta'
[0.214s] Level 1:colcon.colcon_core.package_identification:_identify(src/data/results) by extensions ['ros']
[0.214s] Level 1:colcon.colcon_core.package_identification:_identify(src/data/results) by extension 'ros'
[0.214s] Level 1:colcon.colcon_core.package_identification:_identify(src/data/results) by extensions ['cmake', 'python']
[0.214s] Level 1:colcon.colcon_core.package_identification:_identify(src/data/results) by extension 'cmake'
[0.214s] Level 1:colcon.colcon_core.package_identification:_identify(src/data/results) by extension 'python'
[0.214s] Level 1:colcon.colcon_core.package_identification:_identify(src/data/results) by extensions ['python_setup_py']
[0.214s] Level 1:colcon.colcon_core.package_identification:_identify(src/data/results) by extension 'python_setup_py'
[0.214s] Level 1:colcon.colcon_core.package_identification:_identify(src/rover_description) by extensions ['ignore', 'ignore_ament_install']
[0.215s] Level 1:colcon.colcon_core.package_identification:_identify(src/rover_description) by extension 'ignore'
[0.215s] Level 1:colcon.colcon_core.package_identification:_identify(src/rover_description) by extension 'ignore_ament_install'
[0.215s] Level 1:colcon.colcon_core.package_identification:_identify(src/rover_description) by extensions ['colcon_pkg']
[0.215s] Level 1:colcon.colcon_core.package_identification:_identify(src/rover_description) by extension 'colcon_pkg'
[0.215s] Level 1:colcon.colcon_core.package_identification:_identify(src/rover_description) by extensions ['colcon_meta']
[0.215s] Level 1:colcon.colcon_core.package_identification:_identify(src/rover_description) by extension 'colcon_meta'
[0.215s] Level 1:colcon.colcon_core.package_identification:_identify(src/rover_description) by extensions ['ros']
[0.215s] Level 1:colcon.colcon_core.package_identification:_identify(src/rover_description) by extension 'ros'
[0.218s] DEBUG:colcon.colcon_core.package_identification:Package 'src/rover_description' with type 'ros.ament_cmake' and name 'rover_description'
[0.218s] Level 1:colcon.colcon_core.package_identification:_identify(src/rover_moveit_config) by extensions ['ignore', 'ignore_ament_install']
[0.218s] Level 1:colcon.colcon_core.package_identification:_identify(src/rover_moveit_config) by extension 'ignore'
[0.218s] Level 1:colcon.colcon_core.package_identification:_identify(src/rover_moveit_config) by extension 'ignore_ament_install'
[0.218s] Level 1:colcon.colcon_core.package_identification:_identify(src/rover_moveit_config) by extensions ['colcon_pkg']
[0.218s] Level 1:colcon.colcon_core.package_identification:_identify(src/rover_moveit_config) by extension 'colcon_pkg'
[0.218s] Level 1:colcon.colcon_core.package_identification:_identify(src/rover_moveit_config) by extensions ['colcon_meta']
[0.218s] Level 1:colcon.colcon_core.package_identification:_identify(src/rover_moveit_config) by extension 'colcon_meta'
[0.218s] Level 1:colcon.colcon_core.package_identification:_identify(src/rover_moveit_config) by extensions ['ros']
[0.218s] Level 1:colcon.colcon_core.package_identification:_identify(src/rover_moveit_config) by extension 'ros'
[0.220s] DEBUG:colcon.colcon_core.package_identification:Package 'src/rover_moveit_config' with type 'ros.ament_cmake' and name 'rover_moveit_config'
[0.220s] Level 1:colcon.colcon_core.package_identification:_identify(src/urjc-excavation-world) by extensions ['ignore', 'ignore_ament_install']
[0.220s] Level 1:colcon.colcon_core.package_identification:_identify(src/urjc-excavation-world) by extension 'ignore'
[0.220s] Level 1:colcon.colcon_core.package_identification:_identify(src/urjc-excavation-world) by extension 'ignore_ament_install'
[0.220s] Level 1:colcon.colcon_core.package_identification:_identify(src/urjc-excavation-world) by extensions ['colcon_pkg']
[0.220s] Level 1:colcon.colcon_core.package_identification:_identify(src/urjc-excavation-world) by extension 'colcon_pkg'
[0.220s] Level 1:colcon.colcon_core.package_identification:_identify(src/urjc-excavation-world) by extensions ['colcon_meta']
[0.220s] Level 1:colcon.colcon_core.package_identification:_identify(src/urjc-excavation-world) by extension 'colcon_meta'
[0.220s] Level 1:colcon.colcon_core.package_identification:_identify(src/urjc-excavation-world) by extensions ['ros']
[0.220s] Level 1:colcon.colcon_core.package_identification:_identify(src/urjc-excavation-world) by extension 'ros'
[0.221s] DEBUG:colcon.colcon_core.package_identification:Package 'src/urjc-excavation-world' with type 'ros.ament_cmake' and name 'urjc_excavation_world'
[0.221s] Level 1:colcon.colcon_core.package_discovery:discover_packages(recursive) using defaults
[0.221s] Level 1:colcon.colcon_core.package_discovery:discover_packages(ignore) discover
[0.221s] Level 1:colcon.colcon_core.package_discovery:discover_packages(ignore) using defaults
[0.221s] Level 1:colcon.colcon_core.package_discovery:discover_packages(path) discover
[0.221s] Level 1:colcon.colcon_core.package_discovery:discover_packages(path) using defaults
[0.244s] Level 5:colcon.colcon_core.verb:set package 'rover_description' build argument 'cmake_args' from command line to 'None'
[0.244s] Level 5:colcon.colcon_core.verb:set package 'rover_description' build argument 'cmake_target' from command line to 'None'
[0.244s] Level 5:colcon.colcon_core.verb:set package 'rover_description' build argument 'cmake_target_skip_unavailable' from command line to 'False'
[0.244s] Level 5:colcon.colcon_core.verb:set package 'rover_description' build argument 'cmake_clean_cache' from command line to 'False'
[0.244s] Level 5:colcon.colcon_core.verb:set package 'rover_description' build argument 'cmake_clean_first' from command line to 'False'
[0.244s] Level 5:colcon.colcon_core.verb:set package 'rover_description' build argument 'cmake_force_configure' from command line to 'False'
[0.244s] Level 5:colcon.colcon_core.verb:set package 'rover_description' build argument 'ament_cmake_args' from command line to 'None'
[0.244s] Level 5:colcon.colcon_core.verb:set package 'rover_description' build argument 'catkin_cmake_args' from command line to 'None'
[0.244s] Level 5:colcon.colcon_core.verb:set package 'rover_description' build argument 'catkin_skip_building_tests' from command line to 'False'
[0.244s] DEBUG:colcon.colcon_core.verb:Building package 'rover_description' with the following arguments: {'ament_cmake_args': None, 'build_base': '/home/mario/MODELADO/Practicas/MSR_practicas/P3/build/rover_description', 'catkin_cmake_args': None, 'catkin_skip_building_tests': False, 'cmake_args': None, 'cmake_clean_cache': False, 'cmake_clean_first': False, 'cmake_force_configure': False, 'cmake_target': None, 'cmake_target_skip_unavailable': False, 'install_base': '/home/mario/MODELADO/Practicas/MSR_practicas/P3/install/rover_description', 'merge_install': False, 'path': '/home/mario/MODELADO/Practicas/MSR_practicas/P3/src/rover_description', 'symlink_install': True, 'test_result_base': None}
[0.245s] Level 5:colcon.colcon_core.verb:set package 'urjc_excavation_world' build argument 'cmake_args' from command line to 'None'
[0.245s] Level 5:colcon.colcon_core.verb:set package 'urjc_excavation_world' build argument 'cmake_target' from command line to 'None'
[0.245s] Level 5:colcon.colcon_core.verb:set package 'urjc_excavation_world' build argument 'cmake_target_skip_unavailable' from command line to 'False'
[0.245s] Level 5:colcon.colcon_core.verb:set package 'urjc_excavation_world' build argument 'cmake_clean_cache' from command line to 'False'
[0.245s] Level 5:colcon.colcon_core.verb:set package 'urjc_excavation_world' build argument 'cmake_clean_first' from command line to 'False'
[0.245s] Level 5:colcon.colcon_core.verb:set package 'urjc_excavation_world' build argument 'cmake_force_configure' from command line to 'False'
[0.245s] Level 5:colcon.colcon_core.verb:set package 'urjc_excavation_world' build argument 'ament_cmake_args' from command line to 'None'
[0.245s] Level 5:colcon.colcon_core.verb:set package 'urjc_excavation_world' build argument 'catkin_cmake_args' from command line to 'None'
[0.245s] Level 5:colcon.colcon_core.verb:set package 'urjc_excavation_world' build argument 'catkin_skip_building_tests' from command line to 'False'
[0.245s] DEBUG:colcon.colcon_core.verb:Building package 'urjc_excavation_world' with the following arguments: {'ament_cmake_args': None, 'build_base': '/home/mario/MODELADO/Practicas/MSR_practicas/P3/build/urjc_excavation_world', 'catkin_cmake_args': None, 'catkin_skip_building_tests': False, 'cmake_args': None, 'cmake_clean_cache': False, 'cmake_clean_first': False, 'cmake_force_configure': False, 'cmake_target': None, 'cmake_target_skip_unavailable': False, 'install_base': '/home/mario/MODELADO/Practicas/MSR_practicas/P3/install/urjc_excavation_world', 'merge_install': False, 'path': '/home/mario/MODELADO/Practicas/MSR_practicas/P3/src/urjc-excavation-world', 'symlink_install': True, 'test_result_base': None}
[0.245s] Level 5:colcon.colcon_core.verb:set package 'rover_moveit_config' build argument 'cmake_args' from command line to 'None'
[0.245s] Level 5:colcon.colcon_core.verb:set package 'rover_moveit_config' build argument 'cmake_target' from command line to 'None'
[0.245s] Level 5:colcon.colcon_core.verb:set package 'rover_moveit_config' build argument 'cmake_target_skip_unavailable' from command line to 'False'
[0.245s] Level 5:colcon.colcon_core.verb:set package 'rover_moveit_config' build argument 'cmake_clean_cache' from command line to 'False'
[0.245s] Level 5:colcon.colcon_core.verb:set package 'rover_moveit_config' build argument 'cmake_clean_first' from command line to 'False'
[0.245s] Level 5:colcon.colcon_core.verb:set package 'rover_moveit_config' build argument 'cmake_force_configure' from command line to 'False'
[0.245s] Level 5:colcon.colcon_core.verb:set package 'rover_moveit_config' build argument 'ament_cmake_args' from command line to 'None'
[0.246s] Level 5:colcon.colcon_core.verb:set package 'rover_moveit_config' build argument 'catkin_cmake_args' from command line to 'None'
[0.246s] Level 5:colcon.colcon_core.verb:set package 'rover_moveit_config' build argument 'catkin_skip_building_tests' from command line to 'False'
[0.246s] DEBUG:colcon.colcon_core.verb:Building package 'rover_moveit_config' with the following arguments: {'ament_cmake_args': None, 'build_base': '/home/mario/MODELADO/Practicas/MSR_practicas/P3/build/rover_moveit_config', 'catkin_cmake_args': None, 'catkin_skip_building_tests': False, 'cmake_args': None, 'cmake_clean_cache': False, 'cmake_clean_first': False, 'cmake_force_configure': False, 'cmake_target': None, 'cmake_target_skip_unavailable': False, 'install_base': '/home/mario/MODELADO/Practicas/MSR_practicas/P3/install/rover_moveit_config', 'merge_install': False, 'path': '/home/mario/MODELADO/Practicas/MSR_practicas/P3/src/rover_moveit_config', 'symlink_install': True, 'test_result_base': None}
[0.246s] INFO:colcon.colcon_core.executor:Executing jobs using 'parallel' executor
[0.247s] DEBUG:colcon.colcon_parallel_executor.executor.parallel:run_until_complete
[0.248s] INFO:colcon.colcon_ros.task.ament_cmake.build:Building ROS package in '/home/mario/MODELADO/Practicas/MSR_practicas/P3/src/rover_description' with build type 'ament_cmake'
[0.249s] INFO:colcon.colcon_cmake.task.cmake.build:Building CMake package in '/home/mario/MODELADO/Practicas/MSR_practicas/P3/src/rover_description'
[0.251s] INFO:colcon.colcon_core.plugin_system:Skipping extension 'colcon_core.shell.bat': Not used on non-Windows systems
[0.251s] DEBUG:colcon.colcon_core.shell:Skip shell extension 'dsv' for command environment
[0.258s] INFO:colcon.colcon_ros.task.ament_cmake.build:Building ROS package in '/home/mario/MODELADO/Practicas/MSR_practicas/P3/src/urjc-excavation-world' with build type 'ament_cmake'
[0.258s] INFO:colcon.colcon_cmake.task.cmake.build:Building CMake package in '/home/mario/MODELADO/Practicas/MSR_practicas/P3/src/urjc-excavation-world'
[0.259s] DEBUG:colcon.colcon_core.shell:Skip shell extension 'dsv' for command environment
[0.270s] DEBUG:colcon.colcon_core.event_handler.log_command:Invoking command in '/home/mario/MODELADO/Practicas/MSR_practicas/P3/build/rover_description': CMAKE_PREFIX_PATH=${CMAKE_PREFIX_PATH}:/opt/ros/jazzy DEBUGINFOD_URLS=https://debuginfod.ubuntu.com /usr/bin/cmake --build /home/mario/MODELADO/Practicas/MSR_practicas/P3/build/rover_description -- -j20 -l20
[0.276s] DEBUG:colcon.colcon_core.event_handler.log_command:Invoking command in '/home/mario/MODELADO/Practicas/MSR_practicas/P3/build/urjc_excavation_world': CMAKE_PREFIX_PATH=${CMAKE_PREFIX_PATH}:/opt/ros/jazzy DEBUGINFOD_URLS=https://debuginfod.ubuntu.com /usr/bin/cmake --build /home/mario/MODELADO/Practicas/MSR_practicas/P3/build/urjc_excavation_world -- -j20 -l20
[0.360s] DEBUG:colcon.colcon_core.event_handler.log_command:Invoked command in '/home/mario/MODELADO/Practicas/MSR_practicas/P3/build/rover_description' returned '0': CMAKE_PREFIX_PATH=${CMAKE_PREFIX_PATH}:/opt/ros/jazzy DEBUGINFOD_URLS=https://debuginfod.ubuntu.com /usr/bin/cmake --build /home/mario/MODELADO/Practicas/MSR_practicas/P3/build/rover_description -- -j20 -l20
[0.380s] DEBUG:colcon.colcon_core.event_handler.log_command:Invoking command in '/home/mario/MODELADO/Practicas/MSR_practicas/P3/build/rover_description': CMAKE_PREFIX_PATH=${CMAKE_PREFIX_PATH}:/opt/ros/jazzy DEBUGINFOD_URLS=https://debuginfod.ubuntu.com /usr/bin/cmake --install /home/mario/MODELADO/Practicas/MSR_practicas/P3/build/rover_description
[0.383s] DEBUG:colcon.colcon_core.event_handler.log_command:Invoked command in '/home/mario/MODELADO/Practicas/MSR_practicas/P3/build/urjc_excavation_world' returned '0': CMAKE_PREFIX_PATH=${CMAKE_PREFIX_PATH}:/opt/ros/jazzy DEBUGINFOD_URLS=https://debuginfod.ubuntu.com /usr/bin/cmake --build /home/mario/MODELADO/Practicas/MSR_practicas/P3/build/urjc_excavation_world -- -j20 -l20
[0.386s] DEBUG:colcon.colcon_core.event_handler.log_command:Invoking command in '/home/mario/MODELADO/Practicas/MSR_practicas/P3/build/urjc_excavation_world': CMAKE_PREFIX_PATH=${CMAKE_PREFIX_PATH}:/opt/ros/jazzy DEBUGINFOD_URLS=https://debuginfod.ubuntu.com /usr/bin/cmake --install /home/mario/MODELADO/Practicas/MSR_practicas/P3/build/urjc_excavation_world
[0.442s] Level 1:colcon.colcon_core.environment:create_environment_scripts_only(rover_description)
[0.444s] DEBUG:colcon.colcon_core.event_handler.log_command:Invoked command in '/home/mario/MODELADO/Practicas/MSR_practicas/P3/build/rover_description' returned '0': CMAKE_PREFIX_PATH=${CMAKE_PREFIX_PATH}:/opt/ros/jazzy DEBUGINFOD_URLS=https://debuginfod.ubuntu.com /usr/bin/cmake --install /home/mario/MODELADO/Practicas/MSR_practicas/P3/build/rover_description
[0.449s] Level 1:colcon.colcon_core.environment:checking '/home/mario/MODELADO/Practicas/MSR_practicas/P3/install/rover_description' for CMake module files
[0.450s] Level 1:colcon.colcon_core.environment:checking '/home/mario/MODELADO/Practicas/MSR_practicas/P3/install/rover_description' for CMake config files
[0.452s] Level 1:colcon.colcon_core.shell:create_environment_hook('rover_description', 'cmake_prefix_path')
[0.452s] INFO:colcon.colcon_core.shell:Creating environment descriptor '/home/mario/MODELADO/Practicas/MSR_practicas/P3/install/rover_description/share/rover_description/hook/cmake_prefix_path.dsv'
[0.453s] INFO:colcon.colcon_core.shell:Creating environment hook '/home/mario/MODELADO/Practicas/MSR_practicas/P3/install/rover_description/share/rover_description/hook/cmake_prefix_path.sh'
[0.456s] Level 1:colcon.colcon_core.environment:checking '/home/mario/MODELADO/Practicas/MSR_practicas/P3/install/rover_description/bin'
[0.456s] Level 1:colcon.colcon_core.environment:checking '/home/mario/MODELADO/Practicas/MSR_practicas/P3/install/rover_description/lib/pkgconfig/rover_description.pc'
[0.461s] Level 1:colcon.colcon_core.environment:checking '/home/mario/MODELADO/Practicas/MSR_practicas/P3/install/rover_description/lib/python3.12/site-packages'
[0.461s] Level 1:colcon.colcon_core.environment:checking '/home/mario/MODELADO/Practicas/MSR_practicas/P3/install/rover_description/bin'
[0.462s] INFO:colcon.colcon_core.shell:Creating package descriptor '/home/mario/MODELADO/Practicas/MSR_practicas/P3/install/rover_description/share/rover_description/package.dsv'
[0.463s] INFO:colcon.colcon_core.shell:Creating package script '/home/mario/MODELADO/Practicas/MSR_practicas/P3/install/rover_description/share/rover_description/package.sh'
[0.464s] INFO:colcon.colcon_core.shell:Creating package script '/home/mario/MODELADO/Practicas/MSR_practicas/P3/install/rover_description/share/rover_description/package.bash'
[0.465s] INFO:colcon.colcon_core.shell:Creating package script '/home/mario/MODELADO/Practicas/MSR_practicas/P3/install/rover_description/share/rover_description/package.zsh'
[0.466s] Level 1:colcon.colcon_core.environment:create_file_with_runtime_dependencies(/home/mario/MODELADO/Practicas/MSR_practicas/P3/install/rover_description/share/colcon-core/packages/rover_description)
[0.467s] Level 1:colcon.colcon_core.environment:create_environment_scripts_only(rover_description)
[0.468s] Level 1:colcon.colcon_core.environment:checking '/home/mario/MODELADO/Practicas/MSR_practicas/P3/install/rover_description' for CMake module files
[0.469s] Level 1:colcon.colcon_core.environment:checking '/home/mario/MODELADO/Practicas/MSR_practicas/P3/install/rover_description' for CMake config files
[0.470s] Level 1:colcon.colcon_core.shell:create_environment_hook('rover_description', 'cmake_prefix_path')
[0.470s] INFO:colcon.colcon_core.shell:Creating environment descriptor '/home/mario/MODELADO/Practicas/MSR_practicas/P3/install/rover_description/share/rover_description/hook/cmake_prefix_path.dsv'
[0.471s] INFO:colcon.colcon_core.shell:Creating environment hook '/home/mario/MODELADO/Practicas/MSR_practicas/P3/install/rover_description/share/rover_description/hook/cmake_prefix_path.sh'
[0.472s] Level 1:colcon.colcon_core.environment:checking '/home/mario/MODELADO/Practicas/MSR_practicas/P3/install/rover_description/bin'
[0.472s] Level 1:colcon.colcon_core.environment:checking '/home/mario/MODELADO/Practicas/MSR_practicas/P3/install/rover_description/lib/pkgconfig/rover_description.pc'
[0.473s] Level 1:colcon.colcon_core.environment:checking '/home/mario/MODELADO/Practicas/MSR_practicas/P3/install/rover_description/lib/python3.12/site-packages'
[0.473s] Level 1:colcon.colcon_core.environment:checking '/home/mario/MODELADO/Practicas/MSR_practicas/P3/install/rover_description/bin'
[0.473s] INFO:colcon.colcon_core.shell:Creating package descriptor '/home/mario/MODELADO/Practicas/MSR_practicas/P3/install/rover_description/share/rover_description/package.dsv'
[0.474s] INFO:colcon.colcon_core.shell:Creating package script '/home/mario/MODELADO/Practicas/MSR_practicas/P3/install/rover_description/share/rover_description/package.sh'
[0.475s] INFO:colcon.colcon_core.shell:Creating package script '/home/mario/MODELADO/Practicas/MSR_practicas/P3/install/rover_description/share/rover_description/package.bash'
[0.476s] INFO:colcon.colcon_core.shell:Creating package script '/home/mario/MODELADO/Practicas/MSR_practicas/P3/install/rover_description/share/rover_description/package.zsh'
[0.477s] Level 1:colcon.colcon_core.environment:create_file_with_runtime_dependencies(/home/mario/MODELADO/Practicas/MSR_practicas/P3/install/rover_description/share/colcon-core/packages/rover_description)
[0.477s] INFO:colcon.colcon_ros.task.ament_cmake.build:Building ROS package in '/home/mario/MODELADO/Practicas/MSR_practicas/P3/src/rover_moveit_config' with build type 'ament_cmake'
[0.478s] INFO:colcon.colcon_cmake.task.cmake.build:Building CMake package in '/home/mario/MODELADO/Practicas/MSR_practicas/P3/src/rover_moveit_config'
[0.478s] DEBUG:colcon.colcon_core.shell:Skip shell extension 'dsv' for command environment
[0.488s] Level 1:colcon.colcon_core.environment:create_environment_scripts_only(urjc_excavation_world)
[0.488s] Level 1:colcon.colcon_core.environment:checking '/home/mario/MODELADO/Practicas/MSR_practicas/P3/install/urjc_excavation_world' for CMake module files
[0.489s] DEBUG:colcon.colcon_core.event_handler.log_command:Invoked command in '/home/mario/MODELADO/Practicas/MSR_practicas/P3/build/urjc_excavation_world' returned '0': CMAKE_PREFIX_PATH=${CMAKE_PREFIX_PATH}:/opt/ros/jazzy DEBUGINFOD_URLS=https://debuginfod.ubuntu.com /usr/bin/cmake --install /home/mario/MODELADO/Practicas/MSR_practicas/P3/build/urjc_excavation_world
[0.490s] Level 1:colcon.colcon_core.environment:checking '/home/mario/MODELADO/Practicas/MSR_practicas/P3/install/urjc_excavation_world' for CMake config files
[0.491s] Level 1:colcon.colcon_core.shell:create_environment_hook('urjc_excavation_world', 'cmake_prefix_path')
[0.492s] INFO:colcon.colcon_core.shell:Creating environment descriptor '/home/mario/MODELADO/Practicas/MSR_practicas/P3/install/urjc_excavation_world/share/urjc_excavation_world/hook/cmake_prefix_path.dsv'
[0.492s] INFO:colcon.colcon_core.shell:Creating environment hook '/home/mario/MODELADO/Practicas/MSR_practicas/P3/install/urjc_excavation_world/share/urjc_excavation_world/hook/cmake_prefix_path.sh'
[0.494s] Level 1:colcon.colcon_core.environment:checking '/home/mario/MODELADO/Practicas/MSR_practicas/P3/install/urjc_excavation_world/bin'
[0.494s] Level 1:colcon.colcon_core.environment:checking '/home/mario/MODELADO/Practicas/MSR_practicas/P3/install/urjc_excavation_world/lib/pkgconfig/urjc_excavation_world.pc'
[0.494s] Level 1:colcon.colcon_core.environment:checking '/home/mario/MODELADO/Practicas/MSR_practicas/P3/install/urjc_excavation_world/lib/python3.12/site-packages'
[0.495s] Level 1:colcon.colcon_core.environment:checking '/home/mario/MODELADO/Practicas/MSR_practicas/P3/install/urjc_excavation_world/bin'
[0.496s] INFO:colcon.colcon_core.shell:Creating package descriptor '/home/mario/MODELADO/Practicas/MSR_practicas/P3/install/urjc_excavation_world/share/urjc_excavation_world/package.dsv'
[0.496s] INFO:colcon.colcon_core.shell:Creating package script '/home/mario/MODELADO/Practicas/MSR_practicas/P3/install/urjc_excavation_world/share/urjc_excavation_world/package.sh'
[0.497s] INFO:colcon.colcon_core.shell:Creating package script '/home/mario/MODELADO/Practicas/MSR_practicas/P3/install/urjc_excavation_world/share/urjc_excavation_world/package.bash'
[0.498s] INFO:colcon.colcon_core.shell:Creating package script '/home/mario/MODELADO/Practicas/MSR_practicas/P3/install/urjc_excavation_world/share/urjc_excavation_world/package.zsh'
[0.499s] Level 1:colcon.colcon_core.environment:create_file_with_runtime_dependencies(/home/mario/MODELADO/Practicas/MSR_practicas/P3/install/urjc_excavation_world/share/colcon-core/packages/urjc_excavation_world)
[0.500s] Level 1:colcon.colcon_core.environment:create_environment_scripts_only(urjc_excavation_world)
[0.500s] Level 1:colcon.colcon_core.environment:checking '/home/mario/MODELADO/Practicas/MSR_practicas/P3/install/urjc_excavation_world' for CMake module files
[0.502s] Level 1:colcon.colcon_core.environment:checking '/home/mario/MODELADO/Practicas/MSR_practicas/P3/install/urjc_excavation_world' for CMake config files
[0.503s] Level 1:colcon.colcon_core.shell:create_environment_hook('urjc_excavation_world', 'cmake_prefix_path')
[0.503s] INFO:colcon.colcon_core.shell:Creating environment descriptor '/home/mario/MODELADO/Practicas/MSR_practicas/P3/install/urjc_excavation_world/share/urjc_excavation_world/hook/cmake_prefix_path.dsv'
[0.504s] INFO:colcon.colcon_core.shell:Creating environment hook '/home/mario/MODELADO/Practicas/MSR_practicas/P3/install/urjc_excavation_world/share/urjc_excavation_world/hook/cmake_prefix_path.sh'
[0.505s] Level 1:colcon.colcon_core.environment:checking '/home/mario/MODELADO/Practicas/MSR_practicas/P3/install/urjc_excavation_world/bin'
[0.505s] Level 1:colcon.colcon_core.environment:checking '/home/mario/MODELADO/Practicas/MSR_practicas/P3/install/urjc_excavation_world/lib/pkgconfig/urjc_excavation_world.pc'
[0.506s] Level 1:colcon.colcon_core.environment:checking '/home/mario/MODELADO/Practicas/MSR_practicas/P3/install/urjc_excavation_world/lib/python3.12/site-packages'
[0.506s] Level 1:colcon.colcon_core.environment:checking '/home/mario/MODELADO/Practicas/MSR_practicas/P3/install/urjc_excavation_world/bin'
[0.507s] INFO:colcon.colcon_core.shell:Creating package descriptor '/home/mario/MODELADO/Practicas/MSR_practicas/P3/install/urjc_excavation_world/share/urjc_excavation_world/package.dsv'
[0.507s] INFO:colcon.colcon_core.shell:Creating package script '/home/mario/MODELADO/Practicas/MSR_practicas/P3/install/urjc_excavation_world/share/urjc_excavation_world/package.sh'
[0.508s] INFO:colcon.colcon_core.shell:Creating package script '/home/mario/MODELADO/Practicas/MSR_practicas/P3/install/urjc_excavation_world/share/urjc_excavation_world/package.bash'
[0.509s] INFO:colcon.colcon_core.shell:Creating package script '/home/mario/MODELADO/Practicas/MSR_practicas/P3/install/urjc_excavation_world/share/urjc_excavation_world/package.zsh'
[0.510s] Level 1:colcon.colcon_core.environment:create_file_with_runtime_dependencies(/home/mario/MODELADO/Practicas/MSR_practicas/P3/install/urjc_excavation_world/share/colcon-core/packages/urjc_excavation_world)
[0.517s] DEBUG:colcon.colcon_core.event_handler.log_command:Invoking command in '/home/mario/MODELADO/Practicas/MSR_practicas/P3/build/rover_moveit_config': CMAKE_PREFIX_PATH=/home/mario/MODELADO/Practicas/MSR_practicas/P3/install/rover_description:/home/mario/MODELADO/Practicas/MSR_practicas/P3/install/urjc_excavation_world:/home/mario/MODELADO/Practicas/MSR_practicas/P3/install/rover_moveit_config:/opt/ros/jazzy/opt/gz_sim_vendor:/opt/ros/jazzy/opt/gz_sensors_vendor:/opt/ros/jazzy/opt/gz_physics_vendor:/opt/ros/jazzy/opt/sdformat_vendor:/opt/ros/jazzy/opt/gz_gui_vendor:/opt/ros/jazzy/opt/gz_transport_vendor:/opt/ros/jazzy/opt/gz_rendering_vendor:/opt/ros/jazzy/opt/gz_plugin_vendor:/opt/ros/jazzy/opt/gz_fuel_tools_vendor:/opt/ros/jazzy/opt/gz_msgs_vendor:/opt/ros/jazzy/opt/gz_common_vendor:/opt/ros/jazzy/opt/gz_math_vendor:/opt/ros/jazzy/opt/gz_utils_vendor:/opt/ros/jazzy/opt/gz_tools_vendor:/opt/ros/jazzy/opt/gz_ogre_next_vendor:/opt/ros/jazzy/opt/gz_dartsim_vendor:/opt/ros/jazzy/opt/gz_cmake_vendor:/opt/ros/jazzy DEBUGINFOD_URLS=https://debuginfod.ubuntu.com /usr/bin/cmake --build /home/mario/MODELADO/Practicas/MSR_practicas/P3/build/rover_moveit_config -- -j20 -l20
[0.604s] DEBUG:colcon.colcon_core.event_handler.log_command:Invoked command in '/home/mario/MODELADO/Practicas/MSR_practicas/P3/build/rover_moveit_config' returned '0': CMAKE_PREFIX_PATH=/home/mario/MODELADO/Practicas/MSR_practicas/P3/install/rover_description:/home/mario/MODELADO/Practicas/MSR_practicas/P3/install/urjc_excavation_world:/home/mario/MODELADO/Practicas/MSR_practicas/P3/install/rover_moveit_config:/opt/ros/jazzy/opt/gz_sim_vendor:/opt/ros/jazzy/opt/gz_sensors_vendor:/opt/ros/jazzy/opt/gz_physics_vendor:/opt/ros/jazzy/opt/sdformat_vendor:/opt/ros/jazzy/opt/gz_gui_vendor:/opt/ros/jazzy/opt/gz_transport_vendor:/opt/ros/jazzy/opt/gz_rendering_vendor:/opt/ros/jazzy/opt/gz_plugin_vendor:/opt/ros/jazzy/opt/gz_fuel_tools_vendor:/opt/ros/jazzy/opt/gz_msgs_vendor:/opt/ros/jazzy/opt/gz_common_vendor:/opt/ros/jazzy/opt/gz_math_vendor:/opt/ros/jazzy/opt/gz_utils_vendor:/opt/ros/jazzy/opt/gz_tools_vendor:/opt/ros/jazzy/opt/gz_ogre_next_vendor:/opt/ros/jazzy/opt/gz_dartsim_vendor:/opt/ros/jazzy/opt/gz_cmake_vendor:/opt/ros/jazzy DEBUGINFOD_URLS=https://debuginfod.ubuntu.com /usr/bin/cmake --build /home/mario/MODELADO/Practicas/MSR_practicas/P3/build/rover_moveit_config -- -j20 -l20
[0.606s] DEBUG:colcon.colcon_core.event_handler.log_command:Invoking command in '/home/mario/MODELADO/Practicas/MSR_practicas/P3/build/rover_moveit_config': CMAKE_PREFIX_PATH=/home/mario/MODELADO/Practicas/MSR_practicas/P3/install/rover_description:/home/mario/MODELADO/Practicas/MSR_practicas/P3/install/urjc_excavation_world:/home/mario/MODELADO/Practicas/MSR_practicas/P3/install/rover_moveit_config:/opt/ros/jazzy/opt/gz_sim_vendor:/opt/ros/jazzy/opt/gz_sensors_vendor:/opt/ros/jazzy/opt/gz_physics_vendor:/opt/ros/jazzy/opt/sdformat_vendor:/opt/ros/jazzy/opt/gz_gui_vendor:/opt/ros/jazzy/opt/gz_transport_vendor:/opt/ros/jazzy/opt/gz_rendering_vendor:/opt/ros/jazzy/opt/gz_plugin_vendor:/opt/ros/jazzy/opt/gz_fuel_tools_vendor:/opt/ros/jazzy/opt/gz_msgs_vendor:/opt/ros/jazzy/opt/gz_common_vendor:/opt/ros/jazzy/opt/gz_math_vendor:/opt/ros/jazzy/opt/gz_utils_vendor:/opt/ros/jazzy/opt/gz_tools_vendor:/opt/ros/jazzy/opt/gz_ogre_next_vendor:/opt/ros/jazzy/opt/gz_dartsim_vendor:/opt/ros/jazzy/opt/gz_cmake_vendor:/opt/ros/jazzy DEBUGINFOD_URLS=https://debuginfod.ubuntu.com /usr/bin/cmake --install /home/mario/MODELADO/Practicas/MSR_practicas/P3/build/rover_moveit_config
[0.654s] Level 1:colcon.colcon_core.environment:create_environment_scripts_only(rover_moveit_config)
[0.654s] Level 1:colcon.colcon_core.environment:checking '/home/mario/MODELADO/Practicas/MSR_practicas/P3/install/rover_moveit_config' for CMake module files
[0.656s] DEBUG:colcon.colcon_core.event_handler.log_command:Invoked command in '/home/mario/MODELADO/Practicas/MSR_practicas/P3/build/rover_moveit_config' returned '0': CMAKE_PREFIX_PATH=/home/mario/MODELADO/Practicas/MSR_practicas/P3/install/rover_description:/home/mario/MODELADO/Practicas/MSR_practicas/P3/install/urjc_excavation_world:/home/mario/MODELADO/Practicas/MSR_practicas/P3/install/rover_moveit_config:/opt/ros/jazzy/opt/gz_sim_vendor:/opt/ros/jazzy/opt/gz_sensors_vendor:/opt/ros/jazzy/opt/gz_physics_vendor:/opt/ros/jazzy/opt/sdformat_vendor:/opt/ros/jazzy/opt/gz_gui_vendor:/opt/ros/jazzy/opt/gz_transport_vendor:/opt/ros/jazzy/opt/gz_rendering_vendor:/opt/ros/jazzy/opt/gz_plugin_vendor:/opt/ros/jazzy/opt/gz_fuel_tools_vendor:/opt/ros/jazzy/opt/gz_msgs_vendor:/opt/ros/jazzy/opt/gz_common_vendor:/opt/ros/jazzy/opt/gz_math_vendor:/opt/ros/jazzy/opt/gz_utils_vendor:/opt/ros/jazzy/opt/gz_tools_vendor:/opt/ros/jazzy/opt/gz_ogre_next_vendor:/opt/ros/jazzy/opt/gz_dartsim_vendor:/opt/ros/jazzy/opt/gz_cmake_vendor:/opt/ros/jazzy DEBUGINFOD_URLS=https://debuginfod.ubuntu.com /usr/bin/cmake --install /home/mario/MODELADO/Practicas/MSR_practicas/P3/build/rover_moveit_config
[0.656s] Level 1:colcon.colcon_core.environment:checking '/home/mario/MODELADO/Practicas/MSR_practicas/P3/install/rover_moveit_config' for CMake config files
[0.657s] Level 1:colcon.colcon_core.shell:create_environment_hook('rover_moveit_config', 'cmake_prefix_path')
[0.657s] INFO:colcon.colcon_core.shell:Creating environment descriptor '/home/mario/MODELADO/Practicas/MSR_practicas/P3/install/rover_moveit_config/share/rover_moveit_config/hook/cmake_prefix_path.dsv'
[0.658s] INFO:colcon.colcon_core.shell:Creating environment hook '/home/mario/MODELADO/Practicas/MSR_practicas/P3/install/rover_moveit_config/share/rover_moveit_config/hook/cmake_prefix_path.sh'
[0.659s] Level 1:colcon.colcon_core.environment:checking '/home/mario/MODELADO/Practicas/MSR_practicas/P3/install/rover_moveit_config/bin'
[0.660s] Level 1:colcon.colcon_core.environment:checking '/home/mario/MODELADO/Practicas/MSR_practicas/P3/install/rover_moveit_config/lib/pkgconfig/rover_moveit_config.pc'
[0.660s] Level 1:colcon.colcon_core.environment:checking '/home/mario/MODELADO/Practicas/MSR_practicas/P3/install/rover_moveit_config/lib/python3.12/site-packages'
[0.661s] Level 1:colcon.colcon_core.environment:checking '/home/mario/MODELADO/Practicas/MSR_practicas/P3/install/rover_moveit_config/bin'
[0.661s] INFO:colcon.colcon_core.shell:Creating package descriptor '/home/mario/MODELADO/Practicas/MSR_practicas/P3/install/rover_moveit_config/share/rover_moveit_config/package.dsv'
[0.662s] INFO:colcon.colcon_core.shell:Creating package script '/home/mario/MODELADO/Practicas/MSR_practicas/P3/install/rover_moveit_config/share/rover_moveit_config/package.sh'
[0.663s] INFO:colcon.colcon_core.shell:Creating package script '/home/mario/MODELADO/Practicas/MSR_practicas/P3/install/rover_moveit_config/share/rover_moveit_config/package.bash'
[0.663s] INFO:colcon.colcon_core.shell:Creating package script '/home/mario/MODELADO/Practicas/MSR_practicas/P3/install/rover_moveit_config/share/rover_moveit_config/package.zsh'
[0.664s] Level 1:colcon.colcon_core.environment:create_file_with_runtime_dependencies(/home/mario/MODELADO/Practicas/MSR_practicas/P3/install/rover_moveit_config/share/colcon-core/packages/rover_moveit_config)
[0.664s] Level 1:colcon.colcon_core.environment:create_environment_scripts_only(rover_moveit_config)
[0.665s] Level 1:colcon.colcon_core.environment:checking '/home/mario/MODELADO/Practicas/MSR_practicas/P3/install/rover_moveit_config' for CMake module files
[0.666s] Level 1:colcon.colcon_core.environment:checking '/home/mario/MODELADO/Practicas/MSR_practicas/P3/install/rover_moveit_config' for CMake config files
[0.666s] Level 1:colcon.colcon_core.shell:create_environment_hook('rover_moveit_config', 'cmake_prefix_path')
[0.666s] INFO:colcon.colcon_core.shell:Creating environment descriptor '/home/mario/MODELADO/Practicas/MSR_practicas/P3/install/rover_moveit_config/share/rover_moveit_config/hook/cmake_prefix_path.dsv'
[0.667s] INFO:colcon.colcon_core.shell:Creating environment hook '/home/mario/MODELADO/Practicas/MSR_practicas/P3/install/rover_moveit_config/share/rover_moveit_config/hook/cmake_prefix_path.sh'
[0.668s] Level 1:colcon.colcon_core.environment:checking '/home/mario/MODELADO/Practicas/MSR_practicas/P3/install/rover_moveit_config/bin'
[0.668s] Level 1:colcon.colcon_core.environment:checking '/home/mario/MODELADO/Practicas/MSR_practicas/P3/install/rover_moveit_config/lib/pkgconfig/rover_moveit_config.pc'
[0.669s] Level 1:colcon.colcon_core.environment:checking '/home/mario/MODELADO/Practicas/MSR_practicas/P3/install/rover_moveit_config/lib/python3.12/site-packages'
[0.669s] Level 1:colcon.colcon_core.environment:checking '/home/mario/MODELADO/Practicas/MSR_practicas/P3/install/rover_moveit_config/bin'
[0.670s] INFO:colcon.colcon_core.shell:Creating package descriptor '/home/mario/MODELADO/Practicas/MSR_practicas/P3/install/rover_moveit_config/share/rover_moveit_config/package.dsv'
[0.671s] INFO:colcon.colcon_core.shell:Creating package script '/home/mario/MODELADO/Practicas/MSR_practicas/P3/install/rover_moveit_config/share/rover_moveit_config/package.sh'
[0.671s] INFO:colcon.colcon_core.shell:Creating package script '/home/mario/MODELADO/Practicas/MSR_practicas/P3/install/rover_moveit_config/share/rover_moveit_config/package.bash'
[0.672s] INFO:colcon.colcon_core.shell:Creating package script '/home/mario/MODELADO/Practicas/MSR_practicas/P3/install/rover_moveit_config/share/rover_moveit_config/package.zsh'
[0.673s] Level 1:colcon.colcon_core.environment:create_file_with_runtime_dependencies(/home/mario/MODELADO/Practicas/MSR_practicas/P3/install/rover_moveit_config/share/colcon-core/packages/rover_moveit_config)
[0.673s] DEBUG:colcon.colcon_parallel_executor.executor.parallel:closing loop
[0.673s] DEBUG:colcon.colcon_parallel_executor.executor.parallel:loop closed
[0.674s] DEBUG:colcon.colcon_parallel_executor.executor.parallel:run_until_complete finished with '0'
[0.674s] DEBUG:colcon.colcon_core.event_reactor:joining thread
[0.693s] INFO:colcon.colcon_core.plugin_system:Skipping extension 'colcon_notification.desktop_notification.terminal_notifier': Not used on non-Darwin systems
[0.693s] INFO:colcon.colcon_core.plugin_system:Skipping extension 'colcon_notification.desktop_notification.win32': Not used on non-Windows systems
[0.693s] INFO:colcon.colcon_notification.desktop_notification:Sending desktop notification using 'notify2'
[0.727s] DEBUG:colcon.colcon_core.event_reactor:joined thread
[0.728s] INFO:colcon.colcon_core.shell:Creating prefix script '/home/mario/MODELADO/Practicas/MSR_practicas/P3/install/local_setup.sh'
[0.730s] INFO:colcon.colcon_core.shell:Creating prefix util module '/home/mario/MODELADO/Practicas/MSR_practicas/P3/install/_local_setup_util_sh.py'
[0.732s] INFO:colcon.colcon_core.shell:Creating prefix chain script '/home/mario/MODELADO/Practicas/MSR_practicas/P3/install/setup.sh'
[0.735s] INFO:colcon.colcon_core.shell:Creating prefix script '/home/mario/MODELADO/Practicas/MSR_practicas/P3/install/local_setup.bash'
[0.736s] INFO:colcon.colcon_core.shell:Creating prefix chain script '/home/mario/MODELADO/Practicas/MSR_practicas/P3/install/setup.bash'
[0.738s] INFO:colcon.colcon_core.shell:Creating prefix script '/home/mario/MODELADO/Practicas/MSR_practicas/P3/install/local_setup.zsh'
[0.739s] INFO:colcon.colcon_core.shell:Creating prefix chain script '/home/mario/MODELADO/Practicas/MSR_practicas/P3/install/setup.zsh'
