-- The C compiler identification is GNU 13.3.0
-- The CXX compiler identification is GNU 13.3.0
-- Detecting C compiler ABI info
-- Detecting C compiler ABI info - done
-- Check for working C compiler: /usr/bin/cc - skipped
-- Detecting C compile features
-- Detecting C compile features - done
-- Detecting CXX compiler ABI info
-- Detecting CXX compiler ABI info - done
-- Check for working CXX compiler: /usr/bin/c++ - skipped
-- Detecting CXX compile features
-- Detecting CXX compile features - done
-- Found ros_gz_sim: 1.0.18 (/opt/ros/jazzy/share/ros_gz_sim/cmake)
-- Found Python3: /usr/bin/python3 (found version "3.12.3") found components: Interpreter 
-- Override CMake install command with custom implementation using symlinks instead of copying resources
-- Found rosidl_generator_c: 4.6.6 (/opt/ros/jazzy/share/rosidl_generator_c/cmake)
-- Found rosidl_generator_cpp: 4.6.6 (/opt/ros/jazzy/share/rosidl_generator_cpp/cmake)
-- Using all available rosidl_typesupport_c: rosidl_typesupport_fastrtps_c;rosidl_typesupport_introspection_c
-- Using all available rosidl_typesupport_cpp: rosidl_typesupport_fastrtps_cpp;rosidl_typesupport_introspection_cpp
-- Found rmw_implementation_cmake: 7.3.2 (/opt/ros/jazzy/share/rmw_implementation_cmake/cmake)
-- Found rmw_fastrtps_cpp: 8.4.3 (/opt/ros/jazzy/share/rmw_fastrtps_cpp/cmake)
-- Found OpenSSL: /usr/lib/x86_64-linux-gnu/libcrypto.so (found version "3.0.13")  
-- Found FastRTPS: /opt/ros/jazzy/include (Required is at least version "2.13") 
-- Using RMW implementation 'rmw_fastrtps_cpp' as default
-- Found ament_cmake_ros: 0.12.0 (/opt/ros/jazzy/share/ament_cmake_ros/cmake)
-- Configuring done (1.2s)
-- Generating done (0.0s)
-- Build files have been written to: /home/mario/MODELADO/Practicas/MSR_practicas/P3/build/urjc_excavation_world
-- Install configuration: ""
-- Execute custom install script
-- Symlinking: /home/mario/MODELADO/Practicas/MSR_practicas/P3/install/urjc_excavation_world/share/urjc_excavation_world/launch/urjc_excavation.launch.py
-- Symlinking: /home/mario/MODELADO/Practicas/MSR_practicas/P3/install/urjc_excavation_world/share/urjc_excavation_world/launch/urjc_excavation_msr.launch.py
-- Symlinking: /home/mario/MODELADO/Practicas/MSR_practicas/P3/install/urjc_excavation_world/share/urjc_excavation_world/launch/view_urjc_excavation.launch.py
-- Symlinking: /home/mario/MODELADO/Practicas/MSR_practicas/P3/install/urjc_excavation_world/share/urjc_excavation_world/maps/excavation_urjc.navmap
-- Symlinking: /home/mario/MODELADO/Practicas/MSR_practicas/P3/install/urjc_excavation_world/share/urjc_excavation_world/maps/excavation_urjc.pcd
-- Symlinking: /home/mario/MODELADO/Practicas/MSR_practicas/P3/install/urjc_excavation_world/share/urjc_excavation_world/models/blue_cube/meshes/blue_cube.dae
-- Symlinking: /home/mario/MODELADO/Practicas/MSR_practicas/P3/install/urjc_excavation_world/share/urjc_excavation_world/models/blue_cube/model.config
-- Symlinking: /home/mario/MODELADO/Practicas/MSR_practicas/P3/install/urjc_excavation_world/share/urjc_excavation_world/models/blue_cube/model.sdf
-- Symlinking: /home/mario/MODELADO/Practicas/MSR_practicas/P3/install/urjc_excavation_world/share/urjc_excavation_world/models/green_cube/meshes/green_cube.dae
-- Symlinking: /home/mario/MODELADO/Practicas/MSR_practicas/P3/install/urjc_excavation_world/share/urjc_excavation_world/models/green_cube/model.config
-- Symlinking: /home/mario/MODELADO/Practicas/MSR_practicas/P3/install/urjc_excavation_world/share/urjc_excavation_world/models/green_cube/model.sdf
-- Symlinking: /home/mario/MODELADO/Practicas/MSR_practicas/P3/install/urjc_excavation_world/share/urjc_excavation_world/models/red_cube/meshes/red_cube.dae
-- Symlinking: /home/mario/MODELADO/Practicas/MSR_practicas/P3/install/urjc_excavation_world/share/urjc_excavation_world/models/red_cube/model.config
-- Symlinking: /home/mario/MODELADO/Practicas/MSR_practicas/P3/install/urjc_excavation_world/share/urjc_excavation_world/models/red_cube/model.sdf
-- Symlinking: /home/mario/MODELADO/Practicas/MSR_practicas/P3/install/urjc_excavation_world/share/urjc_excavation_world/models/urjc_excavation/meshes/Image_0.077.jpg
-- Symlinking: /home/mario/MODELADO/Practicas/MSR_practicas/P3/install/urjc_excavation_world/share/urjc_excavation_world/models/urjc_excavation/meshes/Image_0.079.jpg
-- Symlinking: /home/mario/MODELADO/Practicas/MSR_practicas/P3/install/urjc_excavation_world/share/urjc_excavation_world/models/urjc_excavation/meshes/Image_0.083.jpg
-- Symlinking: /home/mario/MODELADO/Practicas/MSR_practicas/P3/install/urjc_excavation_world/share/urjc_excavation_world/models/urjc_excavation/meshes/Image_0.086.jpg
-- Symlinking: /home/mario/MODELADO/Practicas/MSR_practicas/P3/install/urjc_excavation_world/share/urjc_excavation_world/models/urjc_excavation/meshes/Image_0.087.jpg
-- Symlinking: /home/mario/MODELADO/Practicas/MSR_practicas/P3/install/urjc_excavation_world/share/urjc_excavation_world/models/urjc_excavation/meshes/Image_0.088.jpg
-- Symlinking: /home/mario/MODELADO/Practicas/MSR_practicas/P3/install/urjc_excavation_world/share/urjc_excavation_world/models/urjc_excavation/meshes/Image_0.089.jpg
-- Symlinking: /home/mario/MODELADO/Practicas/MSR_practicas/P3/install/urjc_excavation_world/share/urjc_excavation_world/models/urjc_excavation/meshes/Image_0.090.jpg
-- Symlinking: /home/mario/MODELADO/Practicas/MSR_practicas/P3/install/urjc_excavation_world/share/urjc_excavation_world/models/urjc_excavation/meshes/Image_0.091.jpg
-- Symlinking: /home/mario/MODELADO/Practicas/MSR_practicas/P3/install/urjc_excavation_world/share/urjc_excavation_world/models/urjc_excavation/meshes/Image_0.092.jpg
-- Symlinking: /home/mario/MODELADO/Practicas/MSR_practicas/P3/install/urjc_excavation_world/share/urjc_excavation_world/models/urjc_excavation/meshes/Image_0.093.jpg
-- Symlinking: /home/mario/MODELADO/Practicas/MSR_practicas/P3/install/urjc_excavation_world/share/urjc_excavation_world/models/urjc_excavation/meshes/Image_0.094.jpg
-- Symlinking: /home/mario/MODELADO/Practicas/MSR_practicas/P3/install/urjc_excavation_world/share/urjc_excavation_world/models/urjc_excavation/meshes/Image_0.095.jpg
-- Symlinking: /home/mario/MODELADO/Practicas/MSR_practicas/P3/install/urjc_excavation_world/share/urjc_excavation_world/models/urjc_excavation/meshes/Image_0.098.jpg
-- Symlinking: /home/mario/MODELADO/Practicas/MSR_practicas/P3/install/urjc_excavation_world/share/urjc_excavation_world/models/urjc_excavation/meshes/Image_0.099.jpg
-- Symlinking: /home/mario/MODELADO/Practicas/MSR_practicas/P3/install/urjc_excavation_world/share/urjc_excavation_world/models/urjc_excavation/meshes/Image_1.014.jpg
-- Symlinking: /home/mario/MODELADO/Practicas/MSR_practicas/P3/install/urjc_excavation_world/share/urjc_excavation_world/models/urjc_excavation/meshes/Image_1.016.jpg
-- Symlinking: /home/mario/MODELADO/Practicas/MSR_practicas/P3/install/urjc_excavation_world/share/urjc_excavation_world/models/urjc_excavation/meshes/Image_1.017.jpg
-- Symlinking: /home/mario/MODELADO/Practicas/MSR_practicas/P3/install/urjc_excavation_world/share/urjc_excavation_world/models/urjc_excavation/meshes/URJC_excavation.dae
-- Symlinking: /home/mario/MODELADO/Practicas/MSR_practicas/P3/install/urjc_excavation_world/share/urjc_excavation_world/models/urjc_excavation/meshes/URJC_excavation.stl
-- Symlinking: /home/mario/MODELADO/Practicas/MSR_practicas/P3/install/urjc_excavation_world/share/urjc_excavation_world/models/urjc_excavation/model.config
-- Symlinking: /home/mario/MODELADO/Practicas/MSR_practicas/P3/install/urjc_excavation_world/share/urjc_excavation_world/models/urjc_excavation/model.sdf
-- Symlinking: /home/mario/MODELADO/Practicas/MSR_practicas/P3/install/urjc_excavation_world/share/urjc_excavation_world/worlds/urjc_excavation.sdf
-- Symlinking: /home/mario/MODELADO/Practicas/MSR_practicas/P3/install/urjc_excavation_world/share/urjc_excavation_world/worlds/urjc_excavation.world
-- Symlinking: /home/mario/MODELADO/Practicas/MSR_practicas/P3/install/urjc_excavation_world/share/urjc_excavation_world/worlds/urjc_excavation_msr.world
-- Symlinking: /home/mario/MODELADO/Practicas/MSR_practicas/P3/install/urjc_excavation_world/share/urjc_excavation_world/environment/urjc_excavation_world.dsv
-- Symlinking: /home/mario/MODELADO/Practicas/MSR_practicas/P3/install/urjc_excavation_world/share/ament_index/resource_index/package_run_dependencies/urjc_excavation_world
-- Symlinking: /home/mario/MODELADO/Practicas/MSR_practicas/P3/install/urjc_excavation_world/share/ament_index/resource_index/parent_prefix_path/urjc_excavation_world
-- Symlinking: /home/mario/MODELADO/Practicas/MSR_practicas/P3/install/urjc_excavation_world/share/urjc_excavation_world/environment/ament_prefix_path.sh
-- Symlinking: /home/mario/MODELADO/Practicas/MSR_practicas/P3/install/urjc_excavation_world/share/urjc_excavation_world/environment/ament_prefix_path.dsv
-- Symlinking: /home/mario/MODELADO/Practicas/MSR_practicas/P3/install/urjc_excavation_world/share/urjc_excavation_world/environment/path.sh
-- Symlinking: /home/mario/MODELADO/Practicas/MSR_practicas/P3/install/urjc_excavation_world/share/urjc_excavation_world/environment/path.dsv
-- Symlinking: /home/mario/MODELADO/Practicas/MSR_practicas/P3/install/urjc_excavation_world/share/urjc_excavation_world/local_setup.bash
-- Symlinking: /home/mario/MODELADO/Practicas/MSR_practicas/P3/install/urjc_excavation_world/share/urjc_excavation_world/local_setup.sh
-- Symlinking: /home/mario/MODELADO/Practicas/MSR_practicas/P3/install/urjc_excavation_world/share/urjc_excavation_world/local_setup.zsh
-- Symlinking: /home/mario/MODELADO/Practicas/MSR_practicas/P3/install/urjc_excavation_world/share/urjc_excavation_world/local_setup.dsv
-- Symlinking: /home/mario/MODELADO/Practicas/MSR_practicas/P3/install/urjc_excavation_world/share/urjc_excavation_world/package.dsv
-- Symlinking: /home/mario/MODELADO/Practicas/MSR_practicas/P3/install/urjc_excavation_world/share/ament_index/resource_index/packages/urjc_excavation_world
-- Symlinking: /home/mario/MODELADO/Practicas/MSR_practicas/P3/install/urjc_excavation_world/share/urjc_excavation_world/cmake/ament_cmake_export_dependencies-extras.cmake
-- Symlinking: /home/mario/MODELADO/Practicas/MSR_practicas/P3/install/urjc_excavation_world/share/urjc_excavation_world/cmake/urjc_excavation_worldConfig.cmake
-- Symlinking: /home/mario/MODELADO/Practicas/MSR_practicas/P3/install/urjc_excavation_world/share/urjc_excavation_world/cmake/urjc_excavation_worldConfig-version.cmake
-- Symlinking: /home/mario/MODELADO/Practicas/MSR_practicas/P3/install/urjc_excavation_world/share/urjc_excavation_world/package.xml
