-- The C compiler identification is GNU 13.3.0
-- The CXX compiler identification is GNU 13.3.0
-- Detecting C compiler ABI info
-- Detecting C compiler ABI info - done
-- Check for working C compiler: /usr/bin/cc - skipped
-- Detecting C compile features
-- Detecting C compile features - done
-- Detecting CXX compiler ABI info
-- Detecting CXX compiler ABI info - done
-- Check for working CXX compiler: /usr/bin/c++ - skipped
-- Detecting CXX compile features
-- Detecting CXX compile features - done
-- Found ament_cmake: 2.5.4 (/opt/ros/jazzy/share/ament_cmake/cmake)
-- Found Python3: /usr/bin/python3 (found version "3.12.3") found components: Interpreter 
-- Override CMake install command with custom implementation using symlinks instead of copying resources
-- Found ament_lint_auto: 0.17.3 (/opt/ros/jazzy/share/ament_lint_auto/cmake)
-- Configuring done (0.7s)
-- Generating done (0.0s)
-- Build files have been written to: /home/mario/MODELADO/Practicas/MSR_practicas/P3/build/rover_description
-- Install configuration: ""
-- Execute custom install script
-- Symlinking: /home/mario/MODELADO/Practicas/MSR_practicas/P3/install/rover_description/share/rover_description/robots/rover.urdf.xacro
-- Symlinking: /home/mario/MODELADO/Practicas/MSR_practicas/P3/install/rover_description/share/rover_description/urdf/arm/gripper.urdf.xacro
-- Symlinking: /home/mario/MODELADO/Practicas/MSR_practicas/P3/install/rover_description/share/rover_description/urdf/arm/scara.urdf.xacro
-- Symlinking: /home/mario/MODELADO/Practicas/MSR_practicas/P3/install/rover_description/share/rover_description/urdf/base/rover_base.urdf.xacro
-- Symlinking: /home/mario/MODELADO/Practicas/MSR_practicas/P3/install/rover_description/share/rover_description/urdf/sensors/camera.urdf.xacro
-- Symlinking: /home/mario/MODELADO/Practicas/MSR_practicas/P3/install/rover_description/share/rover_description/urdf/sensors/imu_sensor.urdf.xacro
-- Symlinking: /home/mario/MODELADO/Practicas/MSR_practicas/P3/install/rover_description/share/rover_description/urdf/sensors/sensors.urdf.xacro
-- Symlinking: /home/mario/MODELADO/Practicas/MSR_practicas/P3/install/rover_description/share/rover_description/urdf/utils/materials.urdf.xacro
-- Symlinking: /home/mario/MODELADO/Practicas/MSR_practicas/P3/install/rover_description/share/rover_description/urdf/wheels/rover_wheel.urdf.xacro
-- Symlinking: /home/mario/MODELADO/Practicas/MSR_practicas/P3/install/rover_description/share/rover_description/launch/rover_state_publisher.launch.py
-- Symlinking: /home/mario/MODELADO/Practicas/MSR_practicas/P3/install/rover_description/share/rover_description/meshes/dae/Cube.001.dae
-- Symlinking: /home/mario/MODELADO/Practicas/MSR_practicas/P3/install/rover_description/share/rover_description/meshes/dae/Cube.001.dae_history.log
-- Symlinking: /home/mario/MODELADO/Practicas/MSR_practicas/P3/install/rover_description/share/rover_description/meshes/dae/Cube.002.dae
-- Symlinking: /home/mario/MODELADO/Practicas/MSR_practicas/P3/install/rover_description/share/rover_description/meshes/dae/Cube.002.dae_history.log
-- Symlinking: /home/mario/MODELADO/Practicas/MSR_practicas/P3/install/rover_description/share/rover_description/meshes/dae/Cube.003.dae
-- Symlinking: /home/mario/MODELADO/Practicas/MSR_practicas/P3/install/rover_description/share/rover_description/meshes/dae/Cube.003.dae_history.log
-- Symlinking: /home/mario/MODELADO/Practicas/MSR_practicas/P3/install/rover_description/share/rover_description/meshes/dae/Cube.004.dae
-- Symlinking: /home/mario/MODELADO/Practicas/MSR_practicas/P3/install/rover_description/share/rover_description/meshes/dae/Cube.004.dae_history.log
-- Symlinking: /home/mario/MODELADO/Practicas/MSR_practicas/P3/install/rover_description/share/rover_description/meshes/dae/Cube.005.dae
-- Symlinking: /home/mario/MODELADO/Practicas/MSR_practicas/P3/install/rover_description/share/rover_description/meshes/dae/Cube.005.dae_history.log
-- Symlinking: /home/mario/MODELADO/Practicas/MSR_practicas/P3/install/rover_description/share/rover_description/meshes/dae/Cube.008.dae
-- Symlinking: /home/mario/MODELADO/Practicas/MSR_practicas/P3/install/rover_description/share/rover_description/meshes/dae/Cube.008.dae_history.log
-- Symlinking: /home/mario/MODELADO/Practicas/MSR_practicas/P3/install/rover_description/share/rover_description/meshes/dae/Cube.010.dae
-- Symlinking: /home/mario/MODELADO/Practicas/MSR_practicas/P3/install/rover_description/share/rover_description/meshes/dae/Cube.010.dae_history.log
-- Symlinking: /home/mario/MODELADO/Practicas/MSR_practicas/P3/install/rover_description/share/rover_description/meshes/dae/Cube.011.dae
-- Symlinking: /home/mario/MODELADO/Practicas/MSR_practicas/P3/install/rover_description/share/rover_description/meshes/dae/Cube.011.dae_history.log
-- Symlinking: /home/mario/MODELADO/Practicas/MSR_practicas/P3/install/rover_description/share/rover_description/meshes/dae/Cube.012.dae
-- Symlinking: /home/mario/MODELADO/Practicas/MSR_practicas/P3/install/rover_description/share/rover_description/meshes/dae/Cube.012.dae_history.log
-- Symlinking: /home/mario/MODELADO/Practicas/MSR_practicas/P3/install/rover_description/share/rover_description/meshes/dae/Cube.013.dae
-- Symlinking: /home/mario/MODELADO/Practicas/MSR_practicas/P3/install/rover_description/share/rover_description/meshes/dae/Cube.013.dae_history.log
-- Symlinking: /home/mario/MODELADO/Practicas/MSR_practicas/P3/install/rover_description/share/rover_description/meshes/dae/Cube.014.dae
-- Symlinking: /home/mario/MODELADO/Practicas/MSR_practicas/P3/install/rover_description/share/rover_description/meshes/dae/Cube.014.dae_history.log
-- Symlinking: /home/mario/MODELADO/Practicas/MSR_practicas/P3/install/rover_description/share/rover_description/meshes/dae/Cube.018.dae
-- Symlinking: /home/mario/MODELADO/Practicas/MSR_practicas/P3/install/rover_description/share/rover_description/meshes/dae/Cube.018.dae_history.log
-- Symlinking: /home/mario/MODELADO/Practicas/MSR_practicas/P3/install/rover_description/share/rover_description/meshes/dae/Cube.022.dae
-- Symlinking: /home/mario/MODELADO/Practicas/MSR_practicas/P3/install/rover_description/share/rover_description/meshes/dae/Cube.022.dae_history.log
-- Symlinking: /home/mario/MODELADO/Practicas/MSR_practicas/P3/install/rover_description/share/rover_description/meshes/dae/Cube.029.dae
-- Symlinking: /home/mario/MODELADO/Practicas/MSR_practicas/P3/install/rover_description/share/rover_description/meshes/dae/Cube.029.dae_history.log
-- Symlinking: /home/mario/MODELADO/Practicas/MSR_practicas/P3/install/rover_description/share/rover_description/meshes/dae/Cube.031.dae
-- Symlinking: /home/mario/MODELADO/Practicas/MSR_practicas/P3/install/rover_description/share/rover_description/meshes/dae/Cube.031.dae_history.log
-- Symlinking: /home/mario/MODELADO/Practicas/MSR_practicas/P3/install/rover_description/share/rover_description/meshes/dae/Cube.032.dae
-- Symlinking: /home/mario/MODELADO/Practicas/MSR_practicas/P3/install/rover_description/share/rover_description/meshes/dae/Cube.032.dae_history.log
-- Symlinking: /home/mario/MODELADO/Practicas/MSR_practicas/P3/install/rover_description/share/rover_description/meshes/dae/Cube.dae
-- Symlinking: /home/mario/MODELADO/Practicas/MSR_practicas/P3/install/rover_description/share/rover_description/meshes/dae/Cube.dae_history.log
-- Symlinking: /home/mario/MODELADO/Practicas/MSR_practicas/P3/install/rover_description/share/rover_description/meshes/dae/Cylinder.001.dae
-- Symlinking: /home/mario/MODELADO/Practicas/MSR_practicas/P3/install/rover_description/share/rover_description/meshes/dae/Cylinder.001.dae_history.log
-- Symlinking: /home/mario/MODELADO/Practicas/MSR_practicas/P3/install/rover_description/share/rover_description/meshes/dae/Cylinder.002.dae
-- Symlinking: /home/mario/MODELADO/Practicas/MSR_practicas/P3/install/rover_description/share/rover_description/meshes/dae/Cylinder.002.dae_history.log
-- Symlinking: /home/mario/MODELADO/Practicas/MSR_practicas/P3/install/rover_description/share/rover_description/meshes/dae/Cylinder.004.dae
-- Symlinking: /home/mario/MODELADO/Practicas/MSR_practicas/P3/install/rover_description/share/rover_description/meshes/dae/Cylinder.004.dae_history.log
-- Symlinking: /home/mario/MODELADO/Practicas/MSR_practicas/P3/install/rover_description/share/rover_description/meshes/dae/Cylinder.007.dae
-- Symlinking: /home/mario/MODELADO/Practicas/MSR_practicas/P3/install/rover_description/share/rover_description/meshes/dae/Cylinder.007.dae_history.log
-- Symlinking: /home/mario/MODELADO/Practicas/MSR_practicas/P3/install/rover_description/share/rover_description/meshes/dae/Cylinder.013.dae
-- Symlinking: /home/mario/MODELADO/Practicas/MSR_practicas/P3/install/rover_description/share/rover_description/meshes/dae/Cylinder.013.dae_history.log
-- Symlinking: /home/mario/MODELADO/Practicas/MSR_practicas/P3/install/rover_description/share/rover_description/meshes/dae/Cylinder.016.dae
-- Symlinking: /home/mario/MODELADO/Practicas/MSR_practicas/P3/install/rover_description/share/rover_description/meshes/dae/Cylinder.016.dae_history.log
-- Symlinking: /home/mario/MODELADO/Practicas/MSR_practicas/P3/install/rover_description/share/rover_description/meshes/dae/Cylinder.018.dae
-- Symlinking: /home/mario/MODELADO/Practicas/MSR_practicas/P3/install/rover_description/share/rover_description/meshes/dae/Cylinder.018.dae_history.log
-- Symlinking: /home/mario/MODELADO/Practicas/MSR_practicas/P3/install/rover_description/share/rover_description/meshes/dae/Cylinder.020.dae
-- Symlinking: /home/mario/MODELADO/Practicas/MSR_practicas/P3/install/rover_description/share/rover_description/meshes/dae/Cylinder.020.dae_history.log
-- Symlinking: /home/mario/MODELADO/Practicas/MSR_practicas/P3/install/rover_description/share/rover_description/meshes/dae/Cylinder.dae
-- Symlinking: /home/mario/MODELADO/Practicas/MSR_practicas/P3/install/rover_description/share/rover_description/meshes/dae/Cylinder.dae_history.log
-- Symlinking: /home/mario/MODELADO/Practicas/MSR_practicas/P3/install/rover_description/share/rover_description/meshes/dae/Torus.001.dae
-- Symlinking: /home/mario/MODELADO/Practicas/MSR_practicas/P3/install/rover_description/share/rover_description/meshes/dae/Torus.001.dae_history.log
-- Symlinking: /home/mario/MODELADO/Practicas/MSR_practicas/P3/install/rover_description/share/rover_description/meshes/dae/Torus.002.dae
-- Symlinking: /home/mario/MODELADO/Practicas/MSR_practicas/P3/install/rover_description/share/rover_description/meshes/dae/Torus.002.dae_history.log
-- Symlinking: /home/mario/MODELADO/Practicas/MSR_practicas/P3/install/rover_description/share/rover_description/meshes/dae/Torus.003.dae
-- Symlinking: /home/mario/MODELADO/Practicas/MSR_practicas/P3/install/rover_description/share/rover_description/meshes/dae/Torus.003.dae_history.log
-- Symlinking: /home/mario/MODELADO/Practicas/MSR_practicas/P3/install/rover_description/share/rover_description/meshes/dae/Torus.004.dae
-- Symlinking: /home/mario/MODELADO/Practicas/MSR_practicas/P3/install/rover_description/share/rover_description/meshes/dae/Torus.004.dae_history.log
-- Symlinking: /home/mario/MODELADO/Practicas/MSR_practicas/P3/install/rover_description/share/rover_description/meshes/dae/Torus.dae
-- Symlinking: /home/mario/MODELADO/Practicas/MSR_practicas/P3/install/rover_description/share/rover_description/meshes/dae/Torus.dae_history.log
-- Symlinking: /home/mario/MODELADO/Practicas/MSR_practicas/P3/install/rover_description/share/rover_description/rviz/rover.rviz
-- Symlinking: /home/mario/MODELADO/Practicas/MSR_practicas/P3/install/rover_description/share/ament_index/resource_index/package_run_dependencies/rover_description
-- Symlinking: /home/mario/MODELADO/Practicas/MSR_practicas/P3/install/rover_description/share/ament_index/resource_index/parent_prefix_path/rover_description
-- Symlinking: /home/mario/MODELADO/Practicas/MSR_practicas/P3/install/rover_description/share/rover_description/environment/ament_prefix_path.sh
-- Symlinking: /home/mario/MODELADO/Practicas/MSR_practicas/P3/install/rover_description/share/rover_description/environment/ament_prefix_path.dsv
-- Symlinking: /home/mario/MODELADO/Practicas/MSR_practicas/P3/install/rover_description/share/rover_description/environment/path.sh
-- Symlinking: /home/mario/MODELADO/Practicas/MSR_practicas/P3/install/rover_description/share/rover_description/environment/path.dsv
-- Symlinking: /home/mario/MODELADO/Practicas/MSR_practicas/P3/install/rover_description/share/rover_description/local_setup.bash
-- Symlinking: /home/mario/MODELADO/Practicas/MSR_practicas/P3/install/rover_description/share/rover_description/local_setup.sh
-- Symlinking: /home/mario/MODELADO/Practicas/MSR_practicas/P3/install/rover_description/share/rover_description/local_setup.zsh
-- Symlinking: /home/mario/MODELADO/Practicas/MSR_practicas/P3/install/rover_description/share/rover_description/local_setup.dsv
-- Symlinking: /home/mario/MODELADO/Practicas/MSR_practicas/P3/install/rover_description/share/rover_description/package.dsv
-- Symlinking: /home/mario/MODELADO/Practicas/MSR_practicas/P3/install/rover_description/share/ament_index/resource_index/packages/rover_description
-- Symlinking: /home/mario/MODELADO/Practicas/MSR_practicas/P3/install/rover_description/share/rover_description/cmake/rover_descriptionConfig.cmake
-- Symlinking: /home/mario/MODELADO/Practicas/MSR_practicas/P3/install/rover_description/share/rover_description/cmake/rover_descriptionConfig-version.cmake
-- Symlinking: /home/mario/MODELADO/Practicas/MSR_practicas/P3/install/rover_description/share/rover_description/package.xml
