[0.143s] DEBUG:colcon:Command line arguments: ['/usr/bin/colcon', 'build', '--symlink-install']
[0.144s] DEBUG:colcon:Parsed command line arguments: Namespace(log_base=None, log_level=None, verb_name='build', build_base='build', install_base='install', merge_install=False, symlink_install=True, test_result_base=None, continue_on_error=False, executor='parallel', parallel_workers=20, event_handlers=None, ignore_user_meta=False, metas=['./colcon.meta'], base_paths=['.'], packages_ignore=None, packages_ignore_regex=None, paths=None, packages_up_to=None, packages_up_to_regex=None, packages_above=None, packages_above_and_dependencies=None, packages_above_depth=None, packages_select_by_dep=None, packages_skip_by_dep=None, packages_skip_up_to=None, packages_select_build_failed=False, packages_skip_build_finished=False, packages_select_test_failures=False, packages_skip_test_passed=False, packages_select=None, packages_skip=None, packages_select_regex=None, packages_skip_regex=None, packages_start=None, packages_end=None, cmake_args=None, cmake_target=None, cmake_target_skip_unavailable=False, cmake_clean_cache=False, cmake_clean_first=False, cmake_force_configure=False, ament_cmake_args=None, catkin_cmake_args=None, catkin_skip_building_tests=False, verb_parser=<colcon_defaults.argument_parser.defaults.DefaultArgumentsDecorator object at 0x76ad1b554080>, verb_extension=<colcon_core.verb.build.BuildVerb object at 0x76ad1b5279e0>, main=<bound method BuildVerb.main of <colcon_core.verb.build.BuildVerb object at 0x76ad1b5279e0>>)
[0.199s] Level 1:colcon.colcon_core.package_discovery:discover_packages(colcon_meta) check parameters
[0.200s] Level 1:colcon.colcon_core.package_discovery:discover_packages(recursive) check parameters
[0.200s] Level 1:colcon.colcon_core.package_discovery:discover_packages(ignore) check parameters
[0.200s] Level 1:colcon.colcon_core.package_discovery:discover_packages(path) check parameters
[0.200s] Level 1:colcon.colcon_core.package_discovery:discover_packages(colcon_meta) discover
[0.200s] Level 1:colcon.colcon_core.package_discovery:discover_packages(recursive) discover
[0.200s] INFO:colcon.colcon_core.package_discovery:Crawling recursively for packages in '/home/mario/MODELADO/Practicas/MSR_practicas/P3'
[0.200s] Level 1:colcon.colcon_core.package_identification:_identify(.) by extensions ['ignore', 'ignore_ament_install']
[0.200s] Level 1:colcon.colcon_core.package_identification:_identify(.) by extension 'ignore'
[0.200s] Level 1:colcon.colcon_core.package_identification:_identify(.) by extension 'ignore_ament_install'
[0.201s] Level 1:colcon.colcon_core.package_identification:_identify(.) by extensions ['colcon_pkg']
[0.201s] Level 1:colcon.colcon_core.package_identification:_identify(.) by extension 'colcon_pkg'
[0.201s] Level 1:colcon.colcon_core.package_identification:_identify(.) by extensions ['colcon_meta']
[0.201s] Level 1:colcon.colcon_core.package_identification:_identify(.) by extension 'colcon_meta'
[0.201s] Level 1:colcon.colcon_core.package_identification:_identify(.) by extensions ['ros']
[0.201s] Level 1:colcon.colcon_core.package_identification:_identify(.) by extension 'ros'
[0.241s] Level 1:colcon.colcon_core.package_identification:_identify(.) by extensions ['cmake', 'python']
[0.241s] Level 1:colcon.colcon_core.package_identification:_identify(.) by extension 'cmake'
[0.241s] Level 1:colcon.colcon_core.package_identification:_identify(.) by extension 'python'
[0.241s] Level 1:colcon.colcon_core.package_identification:_identify(.) by extensions ['python_setup_py']
[0.241s] Level 1:colcon.colcon_core.package_identification:_identify(.) by extension 'python_setup_py'
[0.241s] Level 1:colcon.colcon_core.package_identification:_identify(build) by extensions ['ignore', 'ignore_ament_install']
[0.241s] Level 1:colcon.colcon_core.package_identification:_identify(build) by extension 'ignore'
[0.241s] Level 1:colcon.colcon_core.package_identification:_identify(build) ignored
[0.241s] Level 1:colcon.colcon_core.package_identification:_identify(install) by extensions ['ignore', 'ignore_ament_install']
[0.241s] Level 1:colcon.colcon_core.package_identification:_identify(install) by extension 'ignore'
[0.241s] Level 1:colcon.colcon_core.package_identification:_identify(install) ignored
[0.242s] Level 1:colcon.colcon_core.package_identification:_identify(log) by extensions ['ignore', 'ignore_ament_install']
[0.242s] Level 1:colcon.colcon_core.package_identification:_identify(log) by extension 'ignore'
[0.242s] Level 1:colcon.colcon_core.package_identification:_identify(log) ignored
[0.242s] Level 1:colcon.colcon_core.package_identification:_identify(src) by extensions ['ignore', 'ignore_ament_install']
[0.242s] Level 1:colcon.colcon_core.package_identification:_identify(src) by extension 'ignore'
[0.242s] Level 1:colcon.colcon_core.package_identification:_identify(src) by extension 'ignore_ament_install'
[0.242s] Level 1:colcon.colcon_core.package_identification:_identify(src) by extensions ['colcon_pkg']
[0.242s] Level 1:colcon.colcon_core.package_identification:_identify(src) by extension 'colcon_pkg'
[0.242s] Level 1:colcon.colcon_core.package_identification:_identify(src) by extensions ['colcon_meta']
[0.242s] Level 1:colcon.colcon_core.package_identification:_identify(src) by extension 'colcon_meta'
[0.242s] Level 1:colcon.colcon_core.package_identification:_identify(src) by extensions ['ros']
[0.242s] Level 1:colcon.colcon_core.package_identification:_identify(src) by extension 'ros'
[0.242s] Level 1:colcon.colcon_core.package_identification:_identify(src) by extensions ['cmake', 'python']
[0.242s] Level 1:colcon.colcon_core.package_identification:_identify(src) by extension 'cmake'
[0.242s] Level 1:colcon.colcon_core.package_identification:_identify(src) by extension 'python'
[0.242s] Level 1:colcon.colcon_core.package_identification:_identify(src) by extensions ['python_setup_py']
[0.242s] Level 1:colcon.colcon_core.package_identification:_identify(src) by extension 'python_setup_py'
[0.242s] Level 1:colcon.colcon_core.package_identification:_identify(src/rover_description) by extensions ['ignore', 'ignore_ament_install']
[0.242s] Level 1:colcon.colcon_core.package_identification:_identify(src/rover_description) by extension 'ignore'
[0.243s] Level 1:colcon.colcon_core.package_identification:_identify(src/rover_description) by extension 'ignore_ament_install'
[0.243s] Level 1:colcon.colcon_core.package_identification:_identify(src/rover_description) by extensions ['colcon_pkg']
[0.243s] Level 1:colcon.colcon_core.package_identification:_identify(src/rover_description) by extension 'colcon_pkg'
[0.243s] Level 1:colcon.colcon_core.package_identification:_identify(src/rover_description) by extensions ['colcon_meta']
[0.243s] Level 1:colcon.colcon_core.package_identification:_identify(src/rover_description) by extension 'colcon_meta'
[0.243s] Level 1:colcon.colcon_core.package_identification:_identify(src/rover_description) by extensions ['ros']
[0.243s] Level 1:colcon.colcon_core.package_identification:_identify(src/rover_description) by extension 'ros'
[0.246s] DEBUG:colcon.colcon_core.package_identification:Package 'src/rover_description' with type 'ros.ament_cmake' and name 'rover_description'
[0.246s] Level 1:colcon.colcon_core.package_identification:_identify(src/rover_moveit_config) by extensions ['ignore', 'ignore_ament_install']
[0.246s] Level 1:colcon.colcon_core.package_identification:_identify(src/rover_moveit_config) by extension 'ignore'
[0.246s] Level 1:colcon.colcon_core.package_identification:_identify(src/rover_moveit_config) by extension 'ignore_ament_install'
[0.246s] Level 1:colcon.colcon_core.package_identification:_identify(src/rover_moveit_config) by extensions ['colcon_pkg']
[0.246s] Level 1:colcon.colcon_core.package_identification:_identify(src/rover_moveit_config) by extension 'colcon_pkg'
[0.246s] Level 1:colcon.colcon_core.package_identification:_identify(src/rover_moveit_config) by extensions ['colcon_meta']
[0.246s] Level 1:colcon.colcon_core.package_identification:_identify(src/rover_moveit_config) by extension 'colcon_meta'
[0.246s] Level 1:colcon.colcon_core.package_identification:_identify(src/rover_moveit_config) by extensions ['ros']
[0.246s] Level 1:colcon.colcon_core.package_identification:_identify(src/rover_moveit_config) by extension 'ros'
[0.247s] DEBUG:colcon.colcon_core.package_identification:Package 'src/rover_moveit_config' with type 'ros.ament_cmake' and name 'rover_moveit_config'
[0.248s] Level 1:colcon.colcon_core.package_identification:_identify(src/urjc-excavation-world) by extensions ['ignore', 'ignore_ament_install']
[0.248s] Level 1:colcon.colcon_core.package_identification:_identify(src/urjc-excavation-world) by extension 'ignore'
[0.248s] Level 1:colcon.colcon_core.package_identification:_identify(src/urjc-excavation-world) by extension 'ignore_ament_install'
[0.248s] Level 1:colcon.colcon_core.package_identification:_identify(src/urjc-excavation-world) by extensions ['colcon_pkg']
[0.248s] Level 1:colcon.colcon_core.package_identification:_identify(src/urjc-excavation-world) by extension 'colcon_pkg'
[0.248s] Level 1:colcon.colcon_core.package_identification:_identify(src/urjc-excavation-world) by extensions ['colcon_meta']
[0.248s] Level 1:colcon.colcon_core.package_identification:_identify(src/urjc-excavation-world) by extension 'colcon_meta'
[0.248s] Level 1:colcon.colcon_core.package_identification:_identify(src/urjc-excavation-world) by extensions ['ros']
[0.248s] Level 1:colcon.colcon_core.package_identification:_identify(src/urjc-excavation-world) by extension 'ros'
[0.249s] DEBUG:colcon.colcon_core.package_identification:Package 'src/urjc-excavation-world' with type 'ros.ament_cmake' and name 'urjc_excavation_world'
[0.249s] Level 1:colcon.colcon_core.package_discovery:discover_packages(recursive) using defaults
[0.249s] Level 1:colcon.colcon_core.package_discovery:discover_packages(ignore) discover
[0.249s] Level 1:colcon.colcon_core.package_discovery:discover_packages(ignore) using defaults
[0.249s] Level 1:colcon.colcon_core.package_discovery:discover_packages(path) discover
[0.249s] Level 1:colcon.colcon_core.package_discovery:discover_packages(path) using defaults
[0.273s] Level 5:colcon.colcon_core.verb:set package 'rover_description' build argument 'cmake_args' from command line to 'None'
[0.273s] Level 5:colcon.colcon_core.verb:set package 'rover_description' build argument 'cmake_target' from command line to 'None'
[0.273s] Level 5:colcon.colcon_core.verb:set package 'rover_description' build argument 'cmake_target_skip_unavailable' from command line to 'False'
[0.273s] Level 5:colcon.colcon_core.verb:set package 'rover_description' build argument 'cmake_clean_cache' from command line to 'False'
[0.273s] Level 5:colcon.colcon_core.verb:set package 'rover_description' build argument 'cmake_clean_first' from command line to 'False'
[0.273s] Level 5:colcon.colcon_core.verb:set package 'rover_description' build argument 'cmake_force_configure' from command line to 'False'
[0.273s] Level 5:colcon.colcon_core.verb:set package 'rover_description' build argument 'ament_cmake_args' from command line to 'None'
[0.273s] Level 5:colcon.colcon_core.verb:set package 'rover_description' build argument 'catkin_cmake_args' from command line to 'None'
[0.273s] Level 5:colcon.colcon_core.verb:set package 'rover_description' build argument 'catkin_skip_building_tests' from command line to 'False'
[0.273s] DEBUG:colcon.colcon_core.verb:Building package 'rover_description' with the following arguments: {'ament_cmake_args': None, 'build_base': '/home/mario/MODELADO/Practicas/MSR_practicas/P3/build/rover_description', 'catkin_cmake_args': None, 'catkin_skip_building_tests': False, 'cmake_args': None, 'cmake_clean_cache': False, 'cmake_clean_first': False, 'cmake_force_configure': False, 'cmake_target': None, 'cmake_target_skip_unavailable': False, 'install_base': '/home/mario/MODELADO/Practicas/MSR_practicas/P3/install/rover_description', 'merge_install': False, 'path': '/home/mario/MODELADO/Practicas/MSR_practicas/P3/src/rover_description', 'symlink_install': True, 'test_result_base': None}
[0.274s] Level 5:colcon.colcon_core.verb:set package 'urjc_excavation_world' build argument 'cmake_args' from command line to 'None'
[0.274s] Level 5:colcon.colcon_core.verb:set package 'urjc_excavation_world' build argument 'cmake_target' from command line to 'None'
[0.274s] Level 5:colcon.colcon_core.verb:set package 'urjc_excavation_world' build argument 'cmake_target_skip_unavailable' from command line to 'False'
[0.274s] Level 5:colcon.colcon_core.verb:set package 'urjc_excavation_world' build argument 'cmake_clean_cache' from command line to 'False'
[0.274s] Level 5:colcon.colcon_core.verb:set package 'urjc_excavation_world' build argument 'cmake_clean_first' from command line to 'False'
[0.274s] Level 5:colcon.colcon_core.verb:set package 'urjc_excavation_world' build argument 'cmake_force_configure' from command line to 'False'
[0.274s] Level 5:colcon.colcon_core.verb:set package 'urjc_excavation_world' build argument 'ament_cmake_args' from command line to 'None'
[0.274s] Level 5:colcon.colcon_core.verb:set package 'urjc_excavation_world' build argument 'catkin_cmake_args' from command line to 'None'
[0.274s] Level 5:colcon.colcon_core.verb:set package 'urjc_excavation_world' build argument 'catkin_skip_building_tests' from command line to 'False'
[0.274s] DEBUG:colcon.colcon_core.verb:Building package 'urjc_excavation_world' with the following arguments: {'ament_cmake_args': None, 'build_base': '/home/mario/MODELADO/Practicas/MSR_practicas/P3/build/urjc_excavation_world', 'catkin_cmake_args': None, 'catkin_skip_building_tests': False, 'cmake_args': None, 'cmake_clean_cache': False, 'cmake_clean_first': False, 'cmake_force_configure': False, 'cmake_target': None, 'cmake_target_skip_unavailable': False, 'install_base': '/home/mario/MODELADO/Practicas/MSR_practicas/P3/install/urjc_excavation_world', 'merge_install': False, 'path': '/home/mario/MODELADO/Practicas/MSR_practicas/P3/src/urjc-excavation-world', 'symlink_install': True, 'test_result_base': None}
[0.274s] Level 5:colcon.colcon_core.verb:set package 'rover_moveit_config' build argument 'cmake_args' from command line to 'None'
[0.274s] Level 5:colcon.colcon_core.verb:set package 'rover_moveit_config' build argument 'cmake_target' from command line to 'None'
[0.274s] Level 5:colcon.colcon_core.verb:set package 'rover_moveit_config' build argument 'cmake_target_skip_unavailable' from command line to 'False'
[0.274s] Level 5:colcon.colcon_core.verb:set package 'rover_moveit_config' build argument 'cmake_clean_cache' from command line to 'False'
[0.274s] Level 5:colcon.colcon_core.verb:set package 'rover_moveit_config' build argument 'cmake_clean_first' from command line to 'False'
[0.274s] Level 5:colcon.colcon_core.verb:set package 'rover_moveit_config' build argument 'cmake_force_configure' from command line to 'False'
[0.274s] Level 5:colcon.colcon_core.verb:set package 'rover_moveit_config' build argument 'ament_cmake_args' from command line to 'None'
[0.274s] Level 5:colcon.colcon_core.verb:set package 'rover_moveit_config' build argument 'catkin_cmake_args' from command line to 'None'
[0.274s] Level 5:colcon.colcon_core.verb:set package 'rover_moveit_config' build argument 'catkin_skip_building_tests' from command line to 'False'
[0.274s] DEBUG:colcon.colcon_core.verb:Building package 'rover_moveit_config' with the following arguments: {'ament_cmake_args': None, 'build_base': '/home/mario/MODELADO/Practicas/MSR_practicas/P3/build/rover_moveit_config', 'catkin_cmake_args': None, 'catkin_skip_building_tests': False, 'cmake_args': None, 'cmake_clean_cache': False, 'cmake_clean_first': False, 'cmake_force_configure': False, 'cmake_target': None, 'cmake_target_skip_unavailable': False, 'install_base': '/home/mario/MODELADO/Practicas/MSR_practicas/P3/install/rover_moveit_config', 'merge_install': False, 'path': '/home/mario/MODELADO/Practicas/MSR_practicas/P3/src/rover_moveit_config', 'symlink_install': True, 'test_result_base': None}
[0.275s] INFO:colcon.colcon_core.executor:Executing jobs using 'parallel' executor
[0.276s] DEBUG:colcon.colcon_parallel_executor.executor.parallel:run_until_complete
[0.276s] INFO:colcon.colcon_ros.task.ament_cmake.build:Building ROS package in '/home/mario/MODELADO/Practicas/MSR_practicas/P3/src/rover_description' with build type 'ament_cmake'
[0.277s] INFO:colcon.colcon_cmake.task.cmake.build:Building CMake package in '/home/mario/MODELADO/Practicas/MSR_practicas/P3/src/rover_description'
[0.279s] INFO:colcon.colcon_core.plugin_system:Skipping extension 'colcon_core.shell.bat': Not used on non-Windows systems
[0.279s] DEBUG:colcon.colcon_core.shell:Skip shell extension 'dsv' for command environment
[0.280s] WARNING:colcon.colcon_ros.prefix_path.ament:The path '/home/mario/MODELADO/Practicas/MSR_practicas/P3/install/rover_moveit_config' in the environment variable AMENT_PREFIX_PATH doesn't exist
[0.281s] WARNING:colcon.colcon_ros.prefix_path.catkin:The path '/home/mario/MODELADO/Practicas/MSR_practicas/P3/install/rover_moveit_config' in the environment variable CMAKE_PREFIX_PATH doesn't exist
[0.286s] INFO:colcon.colcon_ros.task.ament_cmake.build:Building ROS package in '/home/mario/MODELADO/Practicas/MSR_practicas/P3/src/urjc-excavation-world' with build type 'ament_cmake'
[0.286s] INFO:colcon.colcon_cmake.task.cmake.build:Building CMake package in '/home/mario/MODELADO/Practicas/MSR_practicas/P3/src/urjc-excavation-world'
[0.286s] DEBUG:colcon.colcon_core.shell:Skip shell extension 'dsv' for command environment
[0.297s] DEBUG:colcon.colcon_core.event_handler.log_command:Invoking command in '/home/mario/MODELADO/Practicas/MSR_practicas/P3/build/rover_description': CMAKE_PREFIX_PATH=${CMAKE_PREFIX_PATH}:/opt/ros/jazzy DEBUGINFOD_URLS=https://debuginfod.ubuntu.com /usr/bin/cmake --build /home/mario/MODELADO/Practicas/MSR_practicas/P3/build/rover_description -- -j20 -l20
[0.304s] DEBUG:colcon.colcon_core.event_handler.log_command:Invoking command in '/home/mario/MODELADO/Practicas/MSR_practicas/P3/build/urjc_excavation_world': CMAKE_PREFIX_PATH=${CMAKE_PREFIX_PATH}:/opt/ros/jazzy DEBUGINFOD_URLS=https://debuginfod.ubuntu.com /usr/bin/cmake --build /home/mario/MODELADO/Practicas/MSR_practicas/P3/build/urjc_excavation_world -- -j20 -l20
[0.383s] DEBUG:colcon.colcon_core.event_handler.log_command:Invoked command in '/home/mario/MODELADO/Practicas/MSR_practicas/P3/build/urjc_excavation_world' returned '0': CMAKE_PREFIX_PATH=${CMAKE_PREFIX_PATH}:/opt/ros/jazzy DEBUGINFOD_URLS=https://debuginfod.ubuntu.com /usr/bin/cmake --build /home/mario/MODELADO/Practicas/MSR_practicas/P3/build/urjc_excavation_world -- -j20 -l20
[0.405s] DEBUG:colcon.colcon_core.event_handler.log_command:Invoking command in '/home/mario/MODELADO/Practicas/MSR_practicas/P3/build/urjc_excavation_world': CMAKE_PREFIX_PATH=${CMAKE_PREFIX_PATH}:/opt/ros/jazzy DEBUGINFOD_URLS=https://debuginfod.ubuntu.com /usr/bin/cmake --install /home/mario/MODELADO/Practicas/MSR_practicas/P3/build/urjc_excavation_world
[0.407s] DEBUG:colcon.colcon_core.event_handler.log_command:Invoked command in '/home/mario/MODELADO/Practicas/MSR_practicas/P3/build/rover_description' returned '0': CMAKE_PREFIX_PATH=${CMAKE_PREFIX_PATH}:/opt/ros/jazzy DEBUGINFOD_URLS=https://debuginfod.ubuntu.com /usr/bin/cmake --build /home/mario/MODELADO/Practicas/MSR_practicas/P3/build/rover_description -- -j20 -l20
[0.410s] DEBUG:colcon.colcon_core.event_handler.log_command:Invoking command in '/home/mario/MODELADO/Practicas/MSR_practicas/P3/build/rover_description': CMAKE_PREFIX_PATH=${CMAKE_PREFIX_PATH}:/opt/ros/jazzy DEBUGINFOD_URLS=https://debuginfod.ubuntu.com /usr/bin/cmake --install /home/mario/MODELADO/Practicas/MSR_practicas/P3/build/rover_description
[0.456s] Level 1:colcon.colcon_core.environment:create_environment_scripts_only(urjc_excavation_world)
[0.457s] DEBUG:colcon.colcon_core.event_handler.log_command:Invoked command in '/home/mario/MODELADO/Practicas/MSR_practicas/P3/build/urjc_excavation_world' returned '0': CMAKE_PREFIX_PATH=${CMAKE_PREFIX_PATH}:/opt/ros/jazzy DEBUGINFOD_URLS=https://debuginfod.ubuntu.com /usr/bin/cmake --install /home/mario/MODELADO/Practicas/MSR_practicas/P3/build/urjc_excavation_world
[0.463s] Level 1:colcon.colcon_core.environment:checking '/home/mario/MODELADO/Practicas/MSR_practicas/P3/install/urjc_excavation_world' for CMake module files
[0.465s] Level 1:colcon.colcon_core.environment:checking '/home/mario/MODELADO/Practicas/MSR_practicas/P3/install/urjc_excavation_world' for CMake config files
[0.466s] Level 1:colcon.colcon_core.shell:create_environment_hook('urjc_excavation_world', 'cmake_prefix_path')
[0.466s] INFO:colcon.colcon_core.shell:Creating environment descriptor '/home/mario/MODELADO/Practicas/MSR_practicas/P3/install/urjc_excavation_world/share/urjc_excavation_world/hook/cmake_prefix_path.dsv'
[0.469s] INFO:colcon.colcon_core.shell:Creating environment hook '/home/mario/MODELADO/Practicas/MSR_practicas/P3/install/urjc_excavation_world/share/urjc_excavation_world/hook/cmake_prefix_path.sh'
[0.472s] Level 1:colcon.colcon_core.environment:checking '/home/mario/MODELADO/Practicas/MSR_practicas/P3/install/urjc_excavation_world/bin'
[0.472s] Level 1:colcon.colcon_core.environment:checking '/home/mario/MODELADO/Practicas/MSR_practicas/P3/install/urjc_excavation_world/lib/pkgconfig/urjc_excavation_world.pc'
[0.478s] Level 1:colcon.colcon_core.environment:checking '/home/mario/MODELADO/Practicas/MSR_practicas/P3/install/urjc_excavation_world/lib/python3.12/site-packages'
[0.479s] Level 1:colcon.colcon_core.environment:checking '/home/mario/MODELADO/Practicas/MSR_practicas/P3/install/urjc_excavation_world/bin'
[0.480s] INFO:colcon.colcon_core.shell:Creating package descriptor '/home/mario/MODELADO/Practicas/MSR_practicas/P3/install/urjc_excavation_world/share/urjc_excavation_world/package.dsv'
[0.482s] INFO:colcon.colcon_core.shell:Creating package script '/home/mario/MODELADO/Practicas/MSR_practicas/P3/install/urjc_excavation_world/share/urjc_excavation_world/package.sh'
[0.483s] INFO:colcon.colcon_core.shell:Creating package script '/home/mario/MODELADO/Practicas/MSR_practicas/P3/install/urjc_excavation_world/share/urjc_excavation_world/package.bash'
[0.484s] INFO:colcon.colcon_core.shell:Creating package script '/home/mario/MODELADO/Practicas/MSR_practicas/P3/install/urjc_excavation_world/share/urjc_excavation_world/package.zsh'
[0.485s] Level 1:colcon.colcon_core.environment:create_file_with_runtime_dependencies(/home/mario/MODELADO/Practicas/MSR_practicas/P3/install/urjc_excavation_world/share/colcon-core/packages/urjc_excavation_world)
[0.487s] Level 1:colcon.colcon_core.environment:create_environment_scripts_only(urjc_excavation_world)
[0.487s] Level 1:colcon.colcon_core.environment:checking '/home/mario/MODELADO/Practicas/MSR_practicas/P3/install/urjc_excavation_world' for CMake module files
[0.488s] Level 1:colcon.colcon_core.environment:checking '/home/mario/MODELADO/Practicas/MSR_practicas/P3/install/urjc_excavation_world' for CMake config files
[0.490s] Level 1:colcon.colcon_core.shell:create_environment_hook('urjc_excavation_world', 'cmake_prefix_path')
[0.490s] INFO:colcon.colcon_core.shell:Creating environment descriptor '/home/mario/MODELADO/Practicas/MSR_practicas/P3/install/urjc_excavation_world/share/urjc_excavation_world/hook/cmake_prefix_path.dsv'
[0.491s] INFO:colcon.colcon_core.shell:Creating environment hook '/home/mario/MODELADO/Practicas/MSR_practicas/P3/install/urjc_excavation_world/share/urjc_excavation_world/hook/cmake_prefix_path.sh'
[0.492s] Level 1:colcon.colcon_core.environment:checking '/home/mario/MODELADO/Practicas/MSR_practicas/P3/install/urjc_excavation_world/bin'
[0.492s] Level 1:colcon.colcon_core.environment:checking '/home/mario/MODELADO/Practicas/MSR_practicas/P3/install/urjc_excavation_world/lib/pkgconfig/urjc_excavation_world.pc'
[0.492s] Level 1:colcon.colcon_core.environment:checking '/home/mario/MODELADO/Practicas/MSR_practicas/P3/install/urjc_excavation_world/lib/python3.12/site-packages'
[0.493s] Level 1:colcon.colcon_core.environment:checking '/home/mario/MODELADO/Practicas/MSR_practicas/P3/install/urjc_excavation_world/bin'
[0.493s] INFO:colcon.colcon_core.shell:Creating package descriptor '/home/mario/MODELADO/Practicas/MSR_practicas/P3/install/urjc_excavation_world/share/urjc_excavation_world/package.dsv'
[0.494s] INFO:colcon.colcon_core.shell:Creating package script '/home/mario/MODELADO/Practicas/MSR_practicas/P3/install/urjc_excavation_world/share/urjc_excavation_world/package.sh'
[0.495s] INFO:colcon.colcon_core.shell:Creating package script '/home/mario/MODELADO/Practicas/MSR_practicas/P3/install/urjc_excavation_world/share/urjc_excavation_world/package.bash'
[0.496s] INFO:colcon.colcon_core.shell:Creating package script '/home/mario/MODELADO/Practicas/MSR_practicas/P3/install/urjc_excavation_world/share/urjc_excavation_world/package.zsh'
[0.497s] Level 1:colcon.colcon_core.environment:create_file_with_runtime_dependencies(/home/mario/MODELADO/Practicas/MSR_practicas/P3/install/urjc_excavation_world/share/colcon-core/packages/urjc_excavation_world)
[0.500s] Level 1:colcon.colcon_core.environment:create_environment_scripts_only(rover_description)
[0.500s] DEBUG:colcon.colcon_core.event_handler.log_command:Invoked command in '/home/mario/MODELADO/Practicas/MSR_practicas/P3/build/rover_description' returned '0': CMAKE_PREFIX_PATH=${CMAKE_PREFIX_PATH}:/opt/ros/jazzy DEBUGINFOD_URLS=https://debuginfod.ubuntu.com /usr/bin/cmake --install /home/mario/MODELADO/Practicas/MSR_practicas/P3/build/rover_description
[0.501s] Level 1:colcon.colcon_core.environment:checking '/home/mario/MODELADO/Practicas/MSR_practicas/P3/install/rover_description' for CMake module files
[0.503s] Level 1:colcon.colcon_core.environment:checking '/home/mario/MODELADO/Practicas/MSR_practicas/P3/install/rover_description' for CMake config files
[0.505s] Level 1:colcon.colcon_core.shell:create_environment_hook('rover_description', 'cmake_prefix_path')
[0.505s] INFO:colcon.colcon_core.shell:Creating environment descriptor '/home/mario/MODELADO/Practicas/MSR_practicas/P3/install/rover_description/share/rover_description/hook/cmake_prefix_path.dsv'
[0.506s] INFO:colcon.colcon_core.shell:Creating environment hook '/home/mario/MODELADO/Practicas/MSR_practicas/P3/install/rover_description/share/rover_description/hook/cmake_prefix_path.sh'
[0.507s] Level 1:colcon.colcon_core.environment:checking '/home/mario/MODELADO/Practicas/MSR_practicas/P3/install/rover_description/bin'
[0.507s] Level 1:colcon.colcon_core.environment:checking '/home/mario/MODELADO/Practicas/MSR_practicas/P3/install/rover_description/lib/pkgconfig/rover_description.pc'
[0.508s] Level 1:colcon.colcon_core.environment:checking '/home/mario/MODELADO/Practicas/MSR_practicas/P3/install/rover_description/lib/python3.12/site-packages'
[0.508s] Level 1:colcon.colcon_core.environment:checking '/home/mario/MODELADO/Practicas/MSR_practicas/P3/install/rover_description/bin'
[0.509s] INFO:colcon.colcon_core.shell:Creating package descriptor '/home/mario/MODELADO/Practicas/MSR_practicas/P3/install/rover_description/share/rover_description/package.dsv'
[0.510s] INFO:colcon.colcon_core.shell:Creating package script '/home/mario/MODELADO/Practicas/MSR_practicas/P3/install/rover_description/share/rover_description/package.sh'
[0.511s] INFO:colcon.colcon_core.shell:Creating package script '/home/mario/MODELADO/Practicas/MSR_practicas/P3/install/rover_description/share/rover_description/package.bash'
[0.511s] INFO:colcon.colcon_core.shell:Creating package script '/home/mario/MODELADO/Practicas/MSR_practicas/P3/install/rover_description/share/rover_description/package.zsh'
[0.512s] Level 1:colcon.colcon_core.environment:create_file_with_runtime_dependencies(/home/mario/MODELADO/Practicas/MSR_practicas/P3/install/rover_description/share/colcon-core/packages/rover_description)
[0.513s] Level 1:colcon.colcon_core.environment:create_environment_scripts_only(rover_description)
[0.513s] Level 1:colcon.colcon_core.environment:checking '/home/mario/MODELADO/Practicas/MSR_practicas/P3/install/rover_description' for CMake module files
[0.514s] Level 1:colcon.colcon_core.environment:checking '/home/mario/MODELADO/Practicas/MSR_practicas/P3/install/rover_description' for CMake config files
[0.515s] Level 1:colcon.colcon_core.shell:create_environment_hook('rover_description', 'cmake_prefix_path')
[0.516s] INFO:colcon.colcon_core.shell:Creating environment descriptor '/home/mario/MODELADO/Practicas/MSR_practicas/P3/install/rover_description/share/rover_description/hook/cmake_prefix_path.dsv'
[0.517s] INFO:colcon.colcon_core.shell:Creating environment hook '/home/mario/MODELADO/Practicas/MSR_practicas/P3/install/rover_description/share/rover_description/hook/cmake_prefix_path.sh'
[0.518s] Level 1:colcon.colcon_core.environment:checking '/home/mario/MODELADO/Practicas/MSR_practicas/P3/install/rover_description/bin'
[0.518s] Level 1:colcon.colcon_core.environment:checking '/home/mario/MODELADO/Practicas/MSR_practicas/P3/install/rover_description/lib/pkgconfig/rover_description.pc'
[0.519s] Level 1:colcon.colcon_core.environment:checking '/home/mario/MODELADO/Practicas/MSR_practicas/P3/install/rover_description/lib/python3.12/site-packages'
[0.519s] Level 1:colcon.colcon_core.environment:checking '/home/mario/MODELADO/Practicas/MSR_practicas/P3/install/rover_description/bin'
[0.520s] INFO:colcon.colcon_core.shell:Creating package descriptor '/home/mario/MODELADO/Practicas/MSR_practicas/P3/install/rover_description/share/rover_description/package.dsv'
[0.521s] INFO:colcon.colcon_core.shell:Creating package script '/home/mario/MODELADO/Practicas/MSR_practicas/P3/install/rover_description/share/rover_description/package.sh'
[0.521s] INFO:colcon.colcon_core.shell:Creating package script '/home/mario/MODELADO/Practicas/MSR_practicas/P3/install/rover_description/share/rover_description/package.bash'
[0.522s] INFO:colcon.colcon_core.shell:Creating package script '/home/mario/MODELADO/Practicas/MSR_practicas/P3/install/rover_description/share/rover_description/package.zsh'
[0.523s] Level 1:colcon.colcon_core.environment:create_file_with_runtime_dependencies(/home/mario/MODELADO/Practicas/MSR_practicas/P3/install/rover_description/share/colcon-core/packages/rover_description)
[0.523s] INFO:colcon.colcon_ros.task.ament_cmake.build:Building ROS package in '/home/mario/MODELADO/Practicas/MSR_practicas/P3/src/rover_moveit_config' with build type 'ament_cmake'
[0.524s] INFO:colcon.colcon_cmake.task.cmake.build:Building CMake package in '/home/mario/MODELADO/Practicas/MSR_practicas/P3/src/rover_moveit_config'
[0.524s] DEBUG:colcon.colcon_core.shell:Skip shell extension 'dsv' for command environment
[0.543s] DEBUG:colcon.colcon_core.event_handler.log_command:Invoking command in '/home/mario/MODELADO/Practicas/MSR_practicas/P3/build/rover_moveit_config': CMAKE_PREFIX_PATH=/home/mario/MODELADO/Practicas/MSR_practicas/P3/install/rover_description:/home/mario/MODELADO/Practicas/MSR_practicas/P3/install/urjc_excavation_world:/home/mario/MODELADO/Practicas/MSR_practicas/P3/install/rover_moveit_config:/opt/ros/jazzy/opt/gz_sim_vendor:/opt/ros/jazzy/opt/gz_sensors_vendor:/opt/ros/jazzy/opt/gz_physics_vendor:/opt/ros/jazzy/opt/sdformat_vendor:/opt/ros/jazzy/opt/gz_gui_vendor:/opt/ros/jazzy/opt/gz_transport_vendor:/opt/ros/jazzy/opt/gz_rendering_vendor:/opt/ros/jazzy/opt/gz_plugin_vendor:/opt/ros/jazzy/opt/gz_fuel_tools_vendor:/opt/ros/jazzy/opt/gz_msgs_vendor:/opt/ros/jazzy/opt/gz_common_vendor:/opt/ros/jazzy/opt/gz_math_vendor:/opt/ros/jazzy/opt/gz_utils_vendor:/opt/ros/jazzy/opt/gz_tools_vendor:/opt/ros/jazzy/opt/gz_ogre_next_vendor:/opt/ros/jazzy/opt/gz_dartsim_vendor:/opt/ros/jazzy/opt/gz_cmake_vendor:/opt/ros/jazzy DEBUGINFOD_URLS=https://debuginfod.ubuntu.com /usr/bin/cmake /home/mario/MODELADO/Practicas/MSR_practicas/P3/src/rover_moveit_config -DAMENT_CMAKE_SYMLINK_INSTALL=1 -DCMAKE_INSTALL_PREFIX=/home/mario/MODELADO/Practicas/MSR_practicas/P3/install/rover_moveit_config
[2.509s] DEBUG:colcon.colcon_core.event_handler.log_command:Invoked command in '/home/mario/MODELADO/Practicas/MSR_practicas/P3/build/rover_moveit_config' returned '0': CMAKE_PREFIX_PATH=/home/mario/MODELADO/Practicas/MSR_practicas/P3/install/rover_description:/home/mario/MODELADO/Practicas/MSR_practicas/P3/install/urjc_excavation_world:/home/mario/MODELADO/Practicas/MSR_practicas/P3/install/rover_moveit_config:/opt/ros/jazzy/opt/gz_sim_vendor:/opt/ros/jazzy/opt/gz_sensors_vendor:/opt/ros/jazzy/opt/gz_physics_vendor:/opt/ros/jazzy/opt/sdformat_vendor:/opt/ros/jazzy/opt/gz_gui_vendor:/opt/ros/jazzy/opt/gz_transport_vendor:/opt/ros/jazzy/opt/gz_rendering_vendor:/opt/ros/jazzy/opt/gz_plugin_vendor:/opt/ros/jazzy/opt/gz_fuel_tools_vendor:/opt/ros/jazzy/opt/gz_msgs_vendor:/opt/ros/jazzy/opt/gz_common_vendor:/opt/ros/jazzy/opt/gz_math_vendor:/opt/ros/jazzy/opt/gz_utils_vendor:/opt/ros/jazzy/opt/gz_tools_vendor:/opt/ros/jazzy/opt/gz_ogre_next_vendor:/opt/ros/jazzy/opt/gz_dartsim_vendor:/opt/ros/jazzy/opt/gz_cmake_vendor:/opt/ros/jazzy DEBUGINFOD_URLS=https://debuginfod.ubuntu.com /usr/bin/cmake /home/mario/MODELADO/Practicas/MSR_practicas/P3/src/rover_moveit_config -DAMENT_CMAKE_SYMLINK_INSTALL=1 -DCMAKE_INSTALL_PREFIX=/home/mario/MODELADO/Practicas/MSR_practicas/P3/install/rover_moveit_config
[2.513s] DEBUG:colcon.colcon_core.event_handler.log_command:Invoking command in '/home/mario/MODELADO/Practicas/MSR_practicas/P3/build/rover_moveit_config': CMAKE_PREFIX_PATH=/home/mario/MODELADO/Practicas/MSR_practicas/P3/install/rover_description:/home/mario/MODELADO/Practicas/MSR_practicas/P3/install/urjc_excavation_world:/home/mario/MODELADO/Practicas/MSR_practicas/P3/install/rover_moveit_config:/opt/ros/jazzy/opt/gz_sim_vendor:/opt/ros/jazzy/opt/gz_sensors_vendor:/opt/ros/jazzy/opt/gz_physics_vendor:/opt/ros/jazzy/opt/sdformat_vendor:/opt/ros/jazzy/opt/gz_gui_vendor:/opt/ros/jazzy/opt/gz_transport_vendor:/opt/ros/jazzy/opt/gz_rendering_vendor:/opt/ros/jazzy/opt/gz_plugin_vendor:/opt/ros/jazzy/opt/gz_fuel_tools_vendor:/opt/ros/jazzy/opt/gz_msgs_vendor:/opt/ros/jazzy/opt/gz_common_vendor:/opt/ros/jazzy/opt/gz_math_vendor:/opt/ros/jazzy/opt/gz_utils_vendor:/opt/ros/jazzy/opt/gz_tools_vendor:/opt/ros/jazzy/opt/gz_ogre_next_vendor:/opt/ros/jazzy/opt/gz_dartsim_vendor:/opt/ros/jazzy/opt/gz_cmake_vendor:/opt/ros/jazzy DEBUGINFOD_URLS=https://debuginfod.ubuntu.com /usr/bin/cmake --build /home/mario/MODELADO/Practicas/MSR_practicas/P3/build/rover_moveit_config -- -j20 -l20
[2.619s] DEBUG:colcon.colcon_core.event_handler.log_command:Invoked command in '/home/mario/MODELADO/Practicas/MSR_practicas/P3/build/rover_moveit_config' returned '0': CMAKE_PREFIX_PATH=/home/mario/MODELADO/Practicas/MSR_practicas/P3/install/rover_description:/home/mario/MODELADO/Practicas/MSR_practicas/P3/install/urjc_excavation_world:/home/mario/MODELADO/Practicas/MSR_practicas/P3/install/rover_moveit_config:/opt/ros/jazzy/opt/gz_sim_vendor:/opt/ros/jazzy/opt/gz_sensors_vendor:/opt/ros/jazzy/opt/gz_physics_vendor:/opt/ros/jazzy/opt/sdformat_vendor:/opt/ros/jazzy/opt/gz_gui_vendor:/opt/ros/jazzy/opt/gz_transport_vendor:/opt/ros/jazzy/opt/gz_rendering_vendor:/opt/ros/jazzy/opt/gz_plugin_vendor:/opt/ros/jazzy/opt/gz_fuel_tools_vendor:/opt/ros/jazzy/opt/gz_msgs_vendor:/opt/ros/jazzy/opt/gz_common_vendor:/opt/ros/jazzy/opt/gz_math_vendor:/opt/ros/jazzy/opt/gz_utils_vendor:/opt/ros/jazzy/opt/gz_tools_vendor:/opt/ros/jazzy/opt/gz_ogre_next_vendor:/opt/ros/jazzy/opt/gz_dartsim_vendor:/opt/ros/jazzy/opt/gz_cmake_vendor:/opt/ros/jazzy DEBUGINFOD_URLS=https://debuginfod.ubuntu.com /usr/bin/cmake --build /home/mario/MODELADO/Practicas/MSR_practicas/P3/build/rover_moveit_config -- -j20 -l20
[2.621s] DEBUG:colcon.colcon_core.event_handler.log_command:Invoking command in '/home/mario/MODELADO/Practicas/MSR_practicas/P3/build/rover_moveit_config': CMAKE_PREFIX_PATH=/home/mario/MODELADO/Practicas/MSR_practicas/P3/install/rover_description:/home/mario/MODELADO/Practicas/MSR_practicas/P3/install/urjc_excavation_world:/home/mario/MODELADO/Practicas/MSR_practicas/P3/install/rover_moveit_config:/opt/ros/jazzy/opt/gz_sim_vendor:/opt/ros/jazzy/opt/gz_sensors_vendor:/opt/ros/jazzy/opt/gz_physics_vendor:/opt/ros/jazzy/opt/sdformat_vendor:/opt/ros/jazzy/opt/gz_gui_vendor:/opt/ros/jazzy/opt/gz_transport_vendor:/opt/ros/jazzy/opt/gz_rendering_vendor:/opt/ros/jazzy/opt/gz_plugin_vendor:/opt/ros/jazzy/opt/gz_fuel_tools_vendor:/opt/ros/jazzy/opt/gz_msgs_vendor:/opt/ros/jazzy/opt/gz_common_vendor:/opt/ros/jazzy/opt/gz_math_vendor:/opt/ros/jazzy/opt/gz_utils_vendor:/opt/ros/jazzy/opt/gz_tools_vendor:/opt/ros/jazzy/opt/gz_ogre_next_vendor:/opt/ros/jazzy/opt/gz_dartsim_vendor:/opt/ros/jazzy/opt/gz_cmake_vendor:/opt/ros/jazzy DEBUGINFOD_URLS=https://debuginfod.ubuntu.com /usr/bin/cmake --install /home/mario/MODELADO/Practicas/MSR_practicas/P3/build/rover_moveit_config
[3.215s] Level 1:colcon.colcon_core.environment:create_environment_scripts_only(rover_moveit_config)
[3.215s] Level 1:colcon.colcon_core.environment:checking '/home/mario/MODELADO/Practicas/MSR_practicas/P3/install/rover_moveit_config' for CMake module files
[3.216s] DEBUG:colcon.colcon_core.event_handler.log_command:Invoked command in '/home/mario/MODELADO/Practicas/MSR_practicas/P3/build/rover_moveit_config' returned '0': CMAKE_PREFIX_PATH=/home/mario/MODELADO/Practicas/MSR_practicas/P3/install/rover_description:/home/mario/MODELADO/Practicas/MSR_practicas/P3/install/urjc_excavation_world:/home/mario/MODELADO/Practicas/MSR_practicas/P3/install/rover_moveit_config:/opt/ros/jazzy/opt/gz_sim_vendor:/opt/ros/jazzy/opt/gz_sensors_vendor:/opt/ros/jazzy/opt/gz_physics_vendor:/opt/ros/jazzy/opt/sdformat_vendor:/opt/ros/jazzy/opt/gz_gui_vendor:/opt/ros/jazzy/opt/gz_transport_vendor:/opt/ros/jazzy/opt/gz_rendering_vendor:/opt/ros/jazzy/opt/gz_plugin_vendor:/opt/ros/jazzy/opt/gz_fuel_tools_vendor:/opt/ros/jazzy/opt/gz_msgs_vendor:/opt/ros/jazzy/opt/gz_common_vendor:/opt/ros/jazzy/opt/gz_math_vendor:/opt/ros/jazzy/opt/gz_utils_vendor:/opt/ros/jazzy/opt/gz_tools_vendor:/opt/ros/jazzy/opt/gz_ogre_next_vendor:/opt/ros/jazzy/opt/gz_dartsim_vendor:/opt/ros/jazzy/opt/gz_cmake_vendor:/opt/ros/jazzy DEBUGINFOD_URLS=https://debuginfod.ubuntu.com /usr/bin/cmake --install /home/mario/MODELADO/Practicas/MSR_practicas/P3/build/rover_moveit_config
[3.217s] Level 1:colcon.colcon_core.environment:checking '/home/mario/MODELADO/Practicas/MSR_practicas/P3/install/rover_moveit_config' for CMake config files
[3.217s] Level 1:colcon.colcon_core.shell:create_environment_hook('rover_moveit_config', 'cmake_prefix_path')
[3.218s] INFO:colcon.colcon_core.shell:Creating environment descriptor '/home/mario/MODELADO/Practicas/MSR_practicas/P3/install/rover_moveit_config/share/rover_moveit_config/hook/cmake_prefix_path.dsv'
[3.218s] INFO:colcon.colcon_core.shell:Creating environment hook '/home/mario/MODELADO/Practicas/MSR_practicas/P3/install/rover_moveit_config/share/rover_moveit_config/hook/cmake_prefix_path.sh'
[3.219s] Level 1:colcon.colcon_core.environment:checking '/home/mario/MODELADO/Practicas/MSR_practicas/P3/install/rover_moveit_config/bin'
[3.220s] Level 1:colcon.colcon_core.environment:checking '/home/mario/MODELADO/Practicas/MSR_practicas/P3/install/rover_moveit_config/lib/pkgconfig/rover_moveit_config.pc'
[3.220s] Level 1:colcon.colcon_core.environment:checking '/home/mario/MODELADO/Practicas/MSR_practicas/P3/install/rover_moveit_config/lib/python3.12/site-packages'
[3.221s] Level 1:colcon.colcon_core.environment:checking '/home/mario/MODELADO/Practicas/MSR_practicas/P3/install/rover_moveit_config/bin'
[3.221s] INFO:colcon.colcon_core.shell:Creating package descriptor '/home/mario/MODELADO/Practicas/MSR_practicas/P3/install/rover_moveit_config/share/rover_moveit_config/package.dsv'
[3.221s] INFO:colcon.colcon_core.shell:Creating package script '/home/mario/MODELADO/Practicas/MSR_practicas/P3/install/rover_moveit_config/share/rover_moveit_config/package.sh'
[3.222s] INFO:colcon.colcon_core.shell:Creating package script '/home/mario/MODELADO/Practicas/MSR_practicas/P3/install/rover_moveit_config/share/rover_moveit_config/package.bash'
[3.223s] INFO:colcon.colcon_core.shell:Creating package script '/home/mario/MODELADO/Practicas/MSR_practicas/P3/install/rover_moveit_config/share/rover_moveit_config/package.zsh'
[3.223s] Level 1:colcon.colcon_core.environment:create_file_with_runtime_dependencies(/home/mario/MODELADO/Practicas/MSR_practicas/P3/install/rover_moveit_config/share/colcon-core/packages/rover_moveit_config)
[3.224s] Level 1:colcon.colcon_core.environment:create_environment_scripts_only(rover_moveit_config)
[3.224s] Level 1:colcon.colcon_core.environment:checking '/home/mario/MODELADO/Practicas/MSR_practicas/P3/install/rover_moveit_config' for CMake module files
[3.225s] Level 1:colcon.colcon_core.environment:checking '/home/mario/MODELADO/Practicas/MSR_practicas/P3/install/rover_moveit_config' for CMake config files
[3.225s] Level 1:colcon.colcon_core.shell:create_environment_hook('rover_moveit_config', 'cmake_prefix_path')
[3.226s] INFO:colcon.colcon_core.shell:Creating environment descriptor '/home/mario/MODELADO/Practicas/MSR_practicas/P3/install/rover_moveit_config/share/rover_moveit_config/hook/cmake_prefix_path.dsv'
[3.226s] INFO:colcon.colcon_core.shell:Creating environment hook '/home/mario/MODELADO/Practicas/MSR_practicas/P3/install/rover_moveit_config/share/rover_moveit_config/hook/cmake_prefix_path.sh'
[3.227s] Level 1:colcon.colcon_core.environment:checking '/home/mario/MODELADO/Practicas/MSR_practicas/P3/install/rover_moveit_config/bin'
[3.227s] Level 1:colcon.colcon_core.environment:checking '/home/mario/MODELADO/Practicas/MSR_practicas/P3/install/rover_moveit_config/lib/pkgconfig/rover_moveit_config.pc'
[3.228s] Level 1:colcon.colcon_core.environment:checking '/home/mario/MODELADO/Practicas/MSR_practicas/P3/install/rover_moveit_config/lib/python3.12/site-packages'
[3.228s] Level 1:colcon.colcon_core.environment:checking '/home/mario/MODELADO/Practicas/MSR_practicas/P3/install/rover_moveit_config/bin'
[3.228s] INFO:colcon.colcon_core.shell:Creating package descriptor '/home/mario/MODELADO/Practicas/MSR_practicas/P3/install/rover_moveit_config/share/rover_moveit_config/package.dsv'
[3.229s] INFO:colcon.colcon_core.shell:Creating package script '/home/mario/MODELADO/Practicas/MSR_practicas/P3/install/rover_moveit_config/share/rover_moveit_config/package.sh'
[3.230s] INFO:colcon.colcon_core.shell:Creating package script '/home/mario/MODELADO/Practicas/MSR_practicas/P3/install/rover_moveit_config/share/rover_moveit_config/package.bash'
[3.230s] INFO:colcon.colcon_core.shell:Creating package script '/home/mario/MODELADO/Practicas/MSR_practicas/P3/install/rover_moveit_config/share/rover_moveit_config/package.zsh'
[3.231s] Level 1:colcon.colcon_core.environment:create_file_with_runtime_dependencies(/home/mario/MODELADO/Practicas/MSR_practicas/P3/install/rover_moveit_config/share/colcon-core/packages/rover_moveit_config)
[3.231s] DEBUG:colcon.colcon_parallel_executor.executor.parallel:closing loop
[3.231s] DEBUG:colcon.colcon_parallel_executor.executor.parallel:loop closed
[3.231s] DEBUG:colcon.colcon_parallel_executor.executor.parallel:run_until_complete finished with '0'
[3.232s] DEBUG:colcon.colcon_core.event_reactor:joining thread
[3.245s] INFO:colcon.colcon_core.plugin_system:Skipping extension 'colcon_notification.desktop_notification.terminal_notifier': Not used on non-Darwin systems
[3.245s] INFO:colcon.colcon_core.plugin_system:Skipping extension 'colcon_notification.desktop_notification.win32': Not used on non-Windows systems
[3.245s] INFO:colcon.colcon_notification.desktop_notification:Sending desktop notification using 'notify2'
[3.273s] DEBUG:colcon.colcon_core.event_reactor:joined thread
[3.273s] INFO:colcon.colcon_core.shell:Creating prefix script '/home/mario/MODELADO/Practicas/MSR_practicas/P3/install/local_setup.sh'
[3.274s] INFO:colcon.colcon_core.shell:Creating prefix util module '/home/mario/MODELADO/Practicas/MSR_practicas/P3/install/_local_setup_util_sh.py'
[3.276s] INFO:colcon.colcon_core.shell:Creating prefix chain script '/home/mario/MODELADO/Practicas/MSR_practicas/P3/install/setup.sh'
[3.278s] INFO:colcon.colcon_core.shell:Creating prefix script '/home/mario/MODELADO/Practicas/MSR_practicas/P3/install/local_setup.bash'
[3.279s] INFO:colcon.colcon_core.shell:Creating prefix chain script '/home/mario/MODELADO/Practicas/MSR_practicas/P3/install/setup.bash'
[3.281s] INFO:colcon.colcon_core.shell:Creating prefix script '/home/mario/MODELADO/Practicas/MSR_practicas/P3/install/local_setup.zsh'
[3.281s] INFO:colcon.colcon_core.shell:Creating prefix chain script '/home/mario/MODELADO/Practicas/MSR_practicas/P3/install/setup.zsh'
