[0.011s] Invoking command in '/home/mario/MODELADO/Practicas/MSR_practicas/P3/build/rover_description': CMAKE_PREFIX_PATH=${CMAKE_PREFIX_PATH}:/opt/ros/jazzy DEBUGINFOD_URLS=https://debuginfod.ubuntu.com /usr/bin/cmake --build /home/mario/MODELADO/Practicas/MSR_practicas/P3/build/rover_description -- -j20 -l20
[0.044s] Invoked command in '/home/mario/MODELADO/Practicas/MSR_practicas/P3/build/rover_description' returned '0': CMAKE_PREFIX_PATH=${CMAKE_PREFIX_PATH}:/opt/ros/jazzy DEBUGINFOD_URLS=https://debuginfod.ubuntu.com /usr/bin/cmake --build /home/mario/MODELADO/Practicas/MSR_practicas/P3/build/rover_description -- -j20 -l20
[0.054s] Invoking command in '/home/mario/MODELADO/Practicas/MSR_practicas/P3/build/rover_description': CMAKE_PREFIX_PATH=${CMAKE_PREFIX_PATH}:/opt/ros/jazzy DEBUGINFOD_URLS=https://debuginfod.ubuntu.com /usr/bin/cmake --install /home/mario/MODELADO/Practicas/MSR_practicas/P3/build/rover_description
[0.062s] -- Install configuration: ""
[0.063s] -- Execute custom install script
[0.063s] -- Up-to-date symlink: /home/mario/MODELADO/Practicas/MSR_practicas/P3/install/rover_description/share/rover_description/robots/rover.urdf.xacro
[0.064s] -- Up-to-date symlink: /home/mario/MODELADO/Practicas/MSR_practicas/P3/install/rover_description/share/rover_description/urdf/arm/gripper.urdf.xacro
[0.064s] -- Up-to-date symlink: /home/mario/MODELADO/Practicas/MSR_practicas/P3/install/rover_description/share/rover_description/urdf/arm/scara.urdf.xacro
[0.064s] -- Up-to-date symlink: /home/mario/MODELADO/Practicas/MSR_practicas/P3/install/rover_description/share/rover_description/urdf/base/rover_base.urdf.xacro
[0.064s] -- Up-to-date symlink: /home/mario/MODELADO/Practicas/MSR_practicas/P3/install/rover_description/share/rover_description/urdf/sensors/camera.urdf.xacro
[0.064s] -- Up-to-date symlink: /home/mario/MODELADO/Practicas/MSR_practicas/P3/install/rover_description/share/rover_description/urdf/sensors/imu_sensor.urdf.xacro
[0.064s] -- Up-to-date symlink: /home/mario/MODELADO/Practicas/MSR_practicas/P3/install/rover_description/share/rover_description/urdf/sensors/sensors.urdf.xacro
[0.064s] -- Up-to-date symlink: /home/mario/MODELADO/Practicas/MSR_practicas/P3/install/rover_description/share/rover_description/urdf/utils/materials.urdf.xacro
[0.064s] -- Up-to-date symlink: /home/mario/MODELADO/Practicas/MSR_practicas/P3/install/rover_description/share/rover_description/urdf/wheels/rover_wheel.urdf.xacro
[0.065s] -- Up-to-date symlink: /home/mario/MODELADO/Practicas/MSR_practicas/P3/install/rover_description/share/rover_description/launch/rover_state_publisher.launch.py
[0.066s] -- Up-to-date symlink: /home/mario/MODELADO/Practicas/MSR_practicas/P3/install/rover_description/share/rover_description/meshes/dae/Cube.001.dae
[0.066s] -- Up-to-date symlink: /home/mario/MODELADO/Practicas/MSR_practicas/P3/install/rover_description/share/rover_description/meshes/dae/Cube.001.dae_history.log
[0.066s] -- Up-to-date symlink: /home/mario/MODELADO/Practicas/MSR_practicas/P3/install/rover_description/share/rover_description/meshes/dae/Cube.002.dae
[0.066s] -- Up-to-date symlink: /home/mario/MODELADO/Practicas/MSR_practicas/P3/install/rover_description/share/rover_description/meshes/dae/Cube.002.dae_history.log
[0.066s] -- Up-to-date symlink: /home/mario/MODELADO/Practicas/MSR_practicas/P3/install/rover_description/share/rover_description/meshes/dae/Cube.003.dae
[0.067s] -- Up-to-date symlink: /home/mario/MODELADO/Practicas/MSR_practicas/P3/install/rover_description/share/rover_description/meshes/dae/Cube.003.dae_history.log
[0.067s] -- Up-to-date symlink: /home/mario/MODELADO/Practicas/MSR_practicas/P3/install/rover_description/share/rover_description/meshes/dae/Cube.004.dae
[0.067s] -- Up-to-date symlink: /home/mario/MODELADO/Practicas/MSR_practicas/P3/install/rover_description/share/rover_description/meshes/dae/Cube.004.dae_history.log
[0.068s] -- Up-to-date symlink: /home/mario/MODELADO/Practicas/MSR_practicas/P3/install/rover_description/share/rover_description/meshes/dae/Cube.005.dae
[0.068s] -- Up-to-date symlink: /home/mario/MODELADO/Practicas/MSR_practicas/P3/install/rover_description/share/rover_description/meshes/dae/Cube.005.dae_history.log
[0.068s] -- Up-to-date symlink: /home/mario/MODELADO/Practicas/MSR_practicas/P3/install/rover_description/share/rover_description/meshes/dae/Cube.008.dae
[0.068s] -- Up-to-date symlink: /home/mario/MODELADO/Practicas/MSR_practicas/P3/install/rover_description/share/rover_description/meshes/dae/Cube.008.dae_history.log
[0.069s] -- Up-to-date symlink: /home/mario/MODELADO/Practicas/MSR_practicas/P3/install/rover_description/share/rover_description/meshes/dae/Cube.010.dae
[0.069s] -- Up-to-date symlink: /home/mario/MODELADO/Practicas/MSR_practicas/P3/install/rover_description/share/rover_description/meshes/dae/Cube.010.dae_history.log
[0.069s] -- Up-to-date symlink: /home/mario/MODELADO/Practicas/MSR_practicas/P3/install/rover_description/share/rover_description/meshes/dae/Cube.011.dae
[0.069s] -- Up-to-date symlink: /home/mario/MODELADO/Practicas/MSR_practicas/P3/install/rover_description/share/rover_description/meshes/dae/Cube.011.dae_history.log
[0.070s] -- Up-to-date symlink: /home/mario/MODELADO/Practicas/MSR_practicas/P3/install/rover_description/share/rover_description/meshes/dae/Cube.012.dae
[0.070s] -- Up-to-date symlink: /home/mario/MODELADO/Practicas/MSR_practicas/P3/install/rover_description/share/rover_description/meshes/dae/Cube.012.dae_history.log
[0.070s] -- Up-to-date symlink: /home/mario/MODELADO/Practicas/MSR_practicas/P3/install/rover_description/share/rover_description/meshes/dae/Cube.013.dae
[0.070s] -- Up-to-date symlink: /home/mario/MODELADO/Practicas/MSR_practicas/P3/install/rover_description/share/rover_description/meshes/dae/Cube.013.dae_history.log
[0.071s] -- Up-to-date symlink: /home/mario/MODELADO/Practicas/MSR_practicas/P3/install/rover_description/share/rover_description/meshes/dae/Cube.014.dae
[0.071s] -- Up-to-date symlink: /home/mario/MODELADO/Practicas/MSR_practicas/P3/install/rover_description/share/rover_description/meshes/dae/Cube.014.dae_history.log
[0.071s] -- Up-to-date symlink: /home/mario/MODELADO/Practicas/MSR_practicas/P3/install/rover_description/share/rover_description/meshes/dae/Cube.018.dae
[0.071s] -- Up-to-date symlink: /home/mario/MODELADO/Practicas/MSR_practicas/P3/install/rover_description/share/rover_description/meshes/dae/Cube.018.dae_history.log
[0.072s] -- Up-to-date symlink: /home/mario/MODELADO/Practicas/MSR_practicas/P3/install/rover_description/share/rover_description/meshes/dae/Cube.022.dae
[0.072s] -- Up-to-date symlink: /home/mario/MODELADO/Practicas/MSR_practicas/P3/install/rover_description/share/rover_description/meshes/dae/Cube.022.dae_history.log
[0.072s] -- Up-to-date symlink: /home/mario/MODELADO/Practicas/MSR_practicas/P3/install/rover_description/share/rover_description/meshes/dae/Cube.029.dae
[0.072s] -- Up-to-date symlink: /home/mario/MODELADO/Practicas/MSR_practicas/P3/install/rover_description/share/rover_description/meshes/dae/Cube.029.dae_history.log
[0.072s] -- Up-to-date symlink: /home/mario/MODELADO/Practicas/MSR_practicas/P3/install/rover_description/share/rover_description/meshes/dae/Cube.031.dae
[0.072s] -- Up-to-date symlink: /home/mario/MODELADO/Practicas/MSR_practicas/P3/install/rover_description/share/rover_description/meshes/dae/Cube.031.dae_history.log
[0.073s] -- Up-to-date symlink: /home/mario/MODELADO/Practicas/MSR_practicas/P3/install/rover_description/share/rover_description/meshes/dae/Cube.032.dae
[0.073s] -- Up-to-date symlink: /home/mario/MODELADO/Practicas/MSR_practicas/P3/install/rover_description/share/rover_description/meshes/dae/Cube.032.dae_history.log
[0.073s] -- Up-to-date symlink: /home/mario/MODELADO/Practicas/MSR_practicas/P3/install/rover_description/share/rover_description/meshes/dae/Cube.dae
[0.073s] -- Up-to-date symlink: /home/mario/MODELADO/Practicas/MSR_practicas/P3/install/rover_description/share/rover_description/meshes/dae/Cube.dae_history.log
[0.073s] -- Up-to-date symlink: /home/mario/MODELADO/Practicas/MSR_practicas/P3/install/rover_description/share/rover_description/meshes/dae/Cylinder.001.dae
[0.074s] -- Up-to-date symlink: /home/mario/MODELADO/Practicas/MSR_practicas/P3/install/rover_description/share/rover_description/meshes/dae/Cylinder.001.dae_history.log
[0.074s] -- Up-to-date symlink: /home/mario/MODELADO/Practicas/MSR_practicas/P3/install/rover_description/share/rover_description/meshes/dae/Cylinder.002.dae
[0.074s] -- Up-to-date symlink: /home/mario/MODELADO/Practicas/MSR_practicas/P3/install/rover_description/share/rover_description/meshes/dae/Cylinder.002.dae_history.log
[0.074s] -- Up-to-date symlink: /home/mario/MODELADO/Practicas/MSR_practicas/P3/install/rover_description/share/rover_description/meshes/dae/Cylinder.004.dae
[0.074s] -- Up-to-date symlink: /home/mario/MODELADO/Practicas/MSR_practicas/P3/install/rover_description/share/rover_description/meshes/dae/Cylinder.004.dae_history.log
[0.074s] -- Up-to-date symlink: /home/mario/MODELADO/Practicas/MSR_practicas/P3/install/rover_description/share/rover_description/meshes/dae/Cylinder.007.dae
[0.074s] -- Up-to-date symlink: /home/mario/MODELADO/Practicas/MSR_practicas/P3/install/rover_description/share/rover_description/meshes/dae/Cylinder.007.dae_history.log
[0.074s] -- Up-to-date symlink: /home/mario/MODELADO/Practicas/MSR_practicas/P3/install/rover_description/share/rover_description/meshes/dae/Cylinder.013.dae
[0.074s] -- Up-to-date symlink: /home/mario/MODELADO/Practicas/MSR_practicas/P3/install/rover_description/share/rover_description/meshes/dae/Cylinder.013.dae_history.log
[0.075s] -- Up-to-date symlink: /home/mario/MODELADO/Practicas/MSR_practicas/P3/install/rover_description/share/rover_description/meshes/dae/Cylinder.016.dae
[0.075s] -- Up-to-date symlink: /home/mario/MODELADO/Practicas/MSR_practicas/P3/install/rover_description/share/rover_description/meshes/dae/Cylinder.016.dae_history.log
[0.075s] -- Up-to-date symlink: /home/mario/MODELADO/Practicas/MSR_practicas/P3/install/rover_description/share/rover_description/meshes/dae/Cylinder.018.dae
[0.075s] -- Up-to-date symlink: /home/mario/MODELADO/Practicas/MSR_practicas/P3/install/rover_description/share/rover_description/meshes/dae/Cylinder.018.dae_history.log
[0.075s] -- Up-to-date symlink: /home/mario/MODELADO/Practicas/MSR_practicas/P3/install/rover_description/share/rover_description/meshes/dae/Cylinder.020.dae
[0.075s] -- Up-to-date symlink: /home/mario/MODELADO/Practicas/MSR_practicas/P3/install/rover_description/share/rover_description/meshes/dae/Cylinder.020.dae_history.log
[0.075s] -- Up-to-date symlink: /home/mario/MODELADO/Practicas/MSR_practicas/P3/install/rover_description/share/rover_description/meshes/dae/Cylinder.dae
[0.075s] -- Up-to-date symlink: /home/mario/MODELADO/Practicas/MSR_practicas/P3/install/rover_description/share/rover_description/meshes/dae/Cylinder.dae_history.log
[0.075s] -- Up-to-date symlink: /home/mario/MODELADO/Practicas/MSR_practicas/P3/install/rover_description/share/rover_description/meshes/dae/Torus.001.dae
[0.075s] -- Up-to-date symlink: /home/mario/MODELADO/Practicas/MSR_practicas/P3/install/rover_description/share/rover_description/meshes/dae/Torus.001.dae_history.log
[0.075s] -- Up-to-date symlink: /home/mario/MODELADO/Practicas/MSR_practicas/P3/install/rover_description/share/rover_description/meshes/dae/Torus.002.dae
[0.075s] -- Up-to-date symlink: /home/mario/MODELADO/Practicas/MSR_practicas/P3/install/rover_description/share/rover_description/meshes/dae/Torus.002.dae_history.log
[0.076s] -- Up-to-date symlink: /home/mario/MODELADO/Practicas/MSR_practicas/P3/install/rover_description/share/rover_description/meshes/dae/Torus.003.dae
[0.076s] -- Up-to-date symlink: /home/mario/MODELADO/Practicas/MSR_practicas/P3/install/rover_description/share/rover_description/meshes/dae/Torus.003.dae_history.log
[0.076s] -- Up-to-date symlink: /home/mario/MODELADO/Practicas/MSR_practicas/P3/install/rover_description/share/rover_description/meshes/dae/Torus.004.dae
[0.076s] -- Up-to-date symlink: /home/mario/MODELADO/Practicas/MSR_practicas/P3/install/rover_description/share/rover_description/meshes/dae/Torus.004.dae_history.log
[0.076s] -- Up-to-date symlink: /home/mario/MODELADO/Practicas/MSR_practicas/P3/install/rover_description/share/rover_description/meshes/dae/Torus.dae
[0.076s] -- Up-to-date symlink: /home/mario/MODELADO/Practicas/MSR_practicas/P3/install/rover_description/share/rover_description/meshes/dae/Torus.dae_history.log
[0.076s] -- Up-to-date symlink: /home/mario/MODELADO/Practicas/MSR_practicas/P3/install/rover_description/share/rover_description/rviz/rover.rviz
[0.076s] -- Up-to-date symlink: /home/mario/MODELADO/Practicas/MSR_practicas/P3/install/rover_description/share/ament_index/resource_index/package_run_dependencies/rover_description
[0.076s] -- Up-to-date symlink: /home/mario/MODELADO/Practicas/MSR_practicas/P3/install/rover_description/share/ament_index/resource_index/parent_prefix_path/rover_description
[0.076s] -- Up-to-date symlink: /home/mario/MODELADO/Practicas/MSR_practicas/P3/install/rover_description/share/rover_description/environment/ament_prefix_path.sh
[0.076s] -- Up-to-date symlink: /home/mario/MODELADO/Practicas/MSR_practicas/P3/install/rover_description/share/rover_description/environment/ament_prefix_path.dsv
[0.076s] -- Up-to-date symlink: /home/mario/MODELADO/Practicas/MSR_practicas/P3/install/rover_description/share/rover_description/environment/path.sh
[0.077s] -- Up-to-date symlink: /home/mario/MODELADO/Practicas/MSR_practicas/P3/install/rover_description/share/rover_description/environment/path.dsv
[0.077s] -- Up-to-date symlink: /home/mario/MODELADO/Practicas/MSR_practicas/P3/install/rover_description/share/rover_description/local_setup.bash
[0.077s] -- Up-to-date symlink: /home/mario/MODELADO/Practicas/MSR_practicas/P3/install/rover_description/share/rover_description/local_setup.sh
[0.077s] -- Up-to-date symlink: /home/mario/MODELADO/Practicas/MSR_practicas/P3/install/rover_description/share/rover_description/local_setup.zsh
[0.077s] -- Up-to-date symlink: /home/mario/MODELADO/Practicas/MSR_practicas/P3/install/rover_description/share/rover_description/local_setup.dsv
[0.077s] -- Symlinking: /home/mario/MODELADO/Practicas/MSR_practicas/P3/install/rover_description/share/rover_description/package.dsv
[0.078s] -- Up-to-date symlink: /home/mario/MODELADO/Practicas/MSR_practicas/P3/install/rover_description/share/ament_index/resource_index/packages/rover_description
[0.079s] -- Up-to-date symlink: /home/mario/MODELADO/Practicas/MSR_practicas/P3/install/rover_description/share/rover_description/cmake/rover_descriptionConfig.cmake
[0.079s] -- Up-to-date symlink: /home/mario/MODELADO/Practicas/MSR_practicas/P3/install/rover_description/share/rover_description/cmake/rover_descriptionConfig-version.cmake
[0.079s] -- Up-to-date symlink: /home/mario/MODELADO/Practicas/MSR_practicas/P3/install/rover_description/share/rover_description/package.xml
[0.080s] Invoked command in '/home/mario/MODELADO/Practicas/MSR_practicas/P3/build/rover_description' returned '0': CMAKE_PREFIX_PATH=${CMAKE_PREFIX_PATH}:/opt/ros/jazzy DEBUGINFOD_URLS=https://debuginfod.ubuntu.com /usr/bin/cmake --install /home/mario/MODELADO/Practicas/MSR_practicas/P3/build/rover_description
