-- Install configuration: ""
-- Execute custom install script
-- Up-to-date symlink: /home/mario/MODELADO/Practicas/MSR_practicas/P3/install/urjc_excavation_world/share/urjc_excavation_world/launch/urjc_excavation.launch.py
-- Up-to-date symlink: /home/mario/MODELADO/Practicas/MSR_practicas/P3/install/urjc_excavation_world/share/urjc_excavation_world/launch/urjc_excavation_msr.launch.py
-- Up-to-date symlink: /home/mario/MODELADO/Practicas/MSR_practicas/P3/install/urjc_excavation_world/share/urjc_excavation_world/launch/view_urjc_excavation.launch.py
-- Up-to-date symlink: /home/mario/MODELADO/Practicas/MSR_practicas/P3/install/urjc_excavation_world/share/urjc_excavation_world/maps/excavation_urjc.navmap
-- Up-to-date symlink: /home/mario/MODELADO/Practicas/MSR_practicas/P3/install/urjc_excavation_world/share/urjc_excavation_world/maps/excavation_urjc.pcd
-- Up-to-date symlink: /home/mario/MODELADO/Practicas/MSR_practicas/P3/install/urjc_excavation_world/share/urjc_excavation_world/models/blue_cube/meshes/blue_cube.dae
-- Up-to-date symlink: /home/mario/MODELADO/Practicas/MSR_practicas/P3/install/urjc_excavation_world/share/urjc_excavation_world/models/blue_cube/model.config
-- Up-to-date symlink: /home/mario/MODELADO/Practicas/MSR_practicas/P3/install/urjc_excavation_world/share/urjc_excavation_world/models/blue_cube/model.sdf
-- Up-to-date symlink: /home/mario/MODELADO/Practicas/MSR_practicas/P3/install/urjc_excavation_world/share/urjc_excavation_world/models/green_cube/meshes/green_cube.dae
-- Up-to-date symlink: /home/mario/MODELADO/Practicas/MSR_practicas/P3/install/urjc_excavation_world/share/urjc_excavation_world/models/green_cube/model.config
-- Up-to-date symlink: /home/mario/MODELADO/Practicas/MSR_practicas/P3/install/urjc_excavation_world/share/urjc_excavation_world/models/green_cube/model.sdf
-- Up-to-date symlink: /home/mario/MODELADO/Practicas/MSR_practicas/P3/install/urjc_excavation_world/share/urjc_excavation_world/models/red_cube/meshes/red_cube.dae
-- Up-to-date symlink: /home/mario/MODELADO/Practicas/MSR_practicas/P3/install/urjc_excavation_world/share/urjc_excavation_world/models/red_cube/model.config
-- Up-to-date symlink: /home/mario/MODELADO/Practicas/MSR_practicas/P3/install/urjc_excavation_world/share/urjc_excavation_world/models/red_cube/model.sdf
-- Up-to-date symlink: /home/mario/MODELADO/Practicas/MSR_practicas/P3/install/urjc_excavation_world/share/urjc_excavation_world/models/urjc_excavation/meshes/Image_0.077.jpg
-- Up-to-date symlink: /home/mario/MODELADO/Practicas/MSR_practicas/P3/install/urjc_excavation_world/share/urjc_excavation_world/models/urjc_excavation/meshes/Image_0.079.jpg
-- Up-to-date symlink: /home/mario/MODELADO/Practicas/MSR_practicas/P3/install/urjc_excavation_world/share/urjc_excavation_world/models/urjc_excavation/meshes/Image_0.083.jpg
-- Up-to-date symlink: /home/mario/MODELADO/Practicas/MSR_practicas/P3/install/urjc_excavation_world/share/urjc_excavation_world/models/urjc_excavation/meshes/Image_0.086.jpg
-- Up-to-date symlink: /home/mario/MODELADO/Practicas/MSR_practicas/P3/install/urjc_excavation_world/share/urjc_excavation_world/models/urjc_excavation/meshes/Image_0.087.jpg
-- Up-to-date symlink: /home/mario/MODELADO/Practicas/MSR_practicas/P3/install/urjc_excavation_world/share/urjc_excavation_world/models/urjc_excavation/meshes/Image_0.088.jpg
-- Up-to-date symlink: /home/mario/MODELADO/Practicas/MSR_practicas/P3/install/urjc_excavation_world/share/urjc_excavation_world/models/urjc_excavation/meshes/Image_0.089.jpg
-- Up-to-date symlink: /home/mario/MODELADO/Practicas/MSR_practicas/P3/install/urjc_excavation_world/share/urjc_excavation_world/models/urjc_excavation/meshes/Image_0.090.jpg
-- Up-to-date symlink: /home/mario/MODELADO/Practicas/MSR_practicas/P3/install/urjc_excavation_world/share/urjc_excavation_world/models/urjc_excavation/meshes/Image_0.091.jpg
-- Up-to-date symlink: /home/mario/MODELADO/Practicas/MSR_practicas/P3/install/urjc_excavation_world/share/urjc_excavation_world/models/urjc_excavation/meshes/Image_0.092.jpg
-- Up-to-date symlink: /home/mario/MODELADO/Practicas/MSR_practicas/P3/install/urjc_excavation_world/share/urjc_excavation_world/models/urjc_excavation/meshes/Image_0.093.jpg
-- Up-to-date symlink: /home/mario/MODELADO/Practicas/MSR_practicas/P3/install/urjc_excavation_world/share/urjc_excavation_world/models/urjc_excavation/meshes/Image_0.094.jpg
-- Up-to-date symlink: /home/mario/MODELADO/Practicas/MSR_practicas/P3/install/urjc_excavation_world/share/urjc_excavation_world/models/urjc_excavation/meshes/Image_0.095.jpg
-- Up-to-date symlink: /home/mario/MODELADO/Practicas/MSR_practicas/P3/install/urjc_excavation_world/share/urjc_excavation_world/models/urjc_excavation/meshes/Image_0.098.jpg
-- Up-to-date symlink: /home/mario/MODELADO/Practicas/MSR_practicas/P3/install/urjc_excavation_world/share/urjc_excavation_world/models/urjc_excavation/meshes/Image_0.099.jpg
-- Up-to-date symlink: /home/mario/MODELADO/Practicas/MSR_practicas/P3/install/urjc_excavation_world/share/urjc_excavation_world/models/urjc_excavation/meshes/Image_1.014.jpg
-- Up-to-date symlink: /home/mario/MODELADO/Practicas/MSR_practicas/P3/install/urjc_excavation_world/share/urjc_excavation_world/models/urjc_excavation/meshes/Image_1.016.jpg
-- Up-to-date symlink: /home/mario/MODELADO/Practicas/MSR_practicas/P3/install/urjc_excavation_world/share/urjc_excavation_world/models/urjc_excavation/meshes/Image_1.017.jpg
-- Up-to-date symlink: /home/mario/MODELADO/Practicas/MSR_practicas/P3/install/urjc_excavation_world/share/urjc_excavation_world/models/urjc_excavation/meshes/URJC_excavation.dae
-- Up-to-date symlink: /home/mario/MODELADO/Practicas/MSR_practicas/P3/install/urjc_excavation_world/share/urjc_excavation_world/models/urjc_excavation/meshes/URJC_excavation.stl
-- Up-to-date symlink: /home/mario/MODELADO/Practicas/MSR_practicas/P3/install/urjc_excavation_world/share/urjc_excavation_world/models/urjc_excavation/model.config
-- Up-to-date symlink: /home/mario/MODELADO/Practicas/MSR_practicas/P3/install/urjc_excavation_world/share/urjc_excavation_world/models/urjc_excavation/model.sdf
-- Up-to-date symlink: /home/mario/MODELADO/Practicas/MSR_practicas/P3/install/urjc_excavation_world/share/urjc_excavation_world/worlds/urjc_excavation.sdf
-- Up-to-date symlink: /home/mario/MODELADO/Practicas/MSR_practicas/P3/install/urjc_excavation_world/share/urjc_excavation_world/worlds/urjc_excavation.world
-- Up-to-date symlink: /home/mario/MODELADO/Practicas/MSR_practicas/P3/install/urjc_excavation_world/share/urjc_excavation_world/worlds/urjc_excavation_msr.world
-- Up-to-date symlink: /home/mario/MODELADO/Practicas/MSR_practicas/P3/install/urjc_excavation_world/share/urjc_excavation_world/environment/urjc_excavation_world.dsv
-- Up-to-date symlink: /home/mario/MODELADO/Practicas/MSR_practicas/P3/install/urjc_excavation_world/share/ament_index/resource_index/package_run_dependencies/urjc_excavation_world
-- Up-to-date symlink: /home/mario/MODELADO/Practicas/MSR_practicas/P3/install/urjc_excavation_world/share/ament_index/resource_index/parent_prefix_path/urjc_excavation_world
-- Up-to-date symlink: /home/mario/MODELADO/Practicas/MSR_practicas/P3/install/urjc_excavation_world/share/urjc_excavation_world/environment/ament_prefix_path.sh
-- Up-to-date symlink: /home/mario/MODELADO/Practicas/MSR_practicas/P3/install/urjc_excavation_world/share/urjc_excavation_world/environment/ament_prefix_path.dsv
-- Up-to-date symlink: /home/mario/MODELADO/Practicas/MSR_practicas/P3/install/urjc_excavation_world/share/urjc_excavation_world/environment/path.sh
-- Up-to-date symlink: /home/mario/MODELADO/Practicas/MSR_practicas/P3/install/urjc_excavation_world/share/urjc_excavation_world/environment/path.dsv
-- Up-to-date symlink: /home/mario/MODELADO/Practicas/MSR_practicas/P3/install/urjc_excavation_world/share/urjc_excavation_world/local_setup.bash
-- Up-to-date symlink: /home/mario/MODELADO/Practicas/MSR_practicas/P3/install/urjc_excavation_world/share/urjc_excavation_world/local_setup.sh
-- Up-to-date symlink: /home/mario/MODELADO/Practicas/MSR_practicas/P3/install/urjc_excavation_world/share/urjc_excavation_world/local_setup.zsh
-- Up-to-date symlink: /home/mario/MODELADO/Practicas/MSR_practicas/P3/install/urjc_excavation_world/share/urjc_excavation_world/local_setup.dsv
-- Symlinking: /home/mario/MODELADO/Practicas/MSR_practicas/P3/install/urjc_excavation_world/share/urjc_excavation_world/package.dsv
-- Up-to-date symlink: /home/mario/MODELADO/Practicas/MSR_practicas/P3/install/urjc_excavation_world/share/ament_index/resource_index/packages/urjc_excavation_world
-- Up-to-date symlink: /home/mario/MODELADO/Practicas/MSR_practicas/P3/install/urjc_excavation_world/share/urjc_excavation_world/cmake/ament_cmake_export_dependencies-extras.cmake
-- Up-to-date symlink: /home/mario/MODELADO/Practicas/MSR_practicas/P3/install/urjc_excavation_world/share/urjc_excavation_world/cmake/urjc_excavation_worldConfig.cmake
-- Up-to-date symlink: /home/mario/MODELADO/Practicas/MSR_practicas/P3/install/urjc_excavation_world/share/urjc_excavation_world/cmake/urjc_excavation_worldConfig-version.cmake
-- Up-to-date symlink: /home/mario/MODELADO/Practicas/MSR_practicas/P3/install/urjc_excavation_world/share/urjc_excavation_world/package.xml
