[0.130s] DEBUG:colcon:Command line arguments: ['/usr/bin/colcon', 'build', '--symlink-install']
[0.130s] DEBUG:colcon:Parsed command line arguments: Namespace(log_base=None, log_level=None, verb_name='build', build_base='build', install_base='install', merge_install=False, symlink_install=True, test_result_base=None, continue_on_error=False, executor='parallel', parallel_workers=20, event_handlers=None, ignore_user_meta=False, metas=['./colcon.meta'], base_paths=['.'], packages_ignore=None, packages_ignore_regex=None, paths=None, packages_up_to=None, packages_up_to_regex=None, packages_above=None, packages_above_and_dependencies=None, packages_above_depth=None, packages_select_by_dep=None, packages_skip_by_dep=None, packages_skip_up_to=None, packages_select_build_failed=False, packages_skip_build_finished=False, packages_select_test_failures=False, packages_skip_test_passed=False, packages_select=None, packages_skip=None, packages_select_regex=None, packages_skip_regex=None, packages_start=None, packages_end=None, cmake_args=None, cmake_target=None, cmake_target_skip_unavailable=False, cmake_clean_cache=False, cmake_clean_first=False, cmake_force_configure=False, ament_cmake_args=None, catkin_cmake_args=None, catkin_skip_building_tests=False, verb_parser=<colcon_defaults.argument_parser.defaults.DefaultArgumentsDecorator object at 0x79c5bcc44770>, verb_extension=<colcon_core.verb.build.BuildVerb object at 0x79c5bcc44560>, main=<bound method BuildVerb.main of <colcon_core.verb.build.BuildVerb object at 0x79c5bcc44560>>)
[0.179s] Level 1:colcon.colcon_core.package_discovery:discover_packages(colcon_meta) check parameters
[0.179s] Level 1:colcon.colcon_core.package_discovery:discover_packages(recursive) check parameters
[0.179s] Level 1:colcon.colcon_core.package_discovery:discover_packages(ignore) check parameters
[0.179s] Level 1:colcon.colcon_core.package_discovery:discover_packages(path) check parameters
[0.179s] Level 1:colcon.colcon_core.package_discovery:discover_packages(colcon_meta) discover
[0.179s] Level 1:colcon.colcon_core.package_discovery:discover_packages(recursive) discover
[0.179s] INFO:colcon.colcon_core.package_discovery:Crawling recursively for packages in '/home/mario/MODELADO/Practicas/MSR_practicas/P3'
[0.179s] Level 1:colcon.colcon_core.package_identification:_identify(.) by extensions ['ignore', 'ignore_ament_install']
[0.179s] Level 1:colcon.colcon_core.package_identification:_identify(.) by extension 'ignore'
[0.180s] Level 1:colcon.colcon_core.package_identification:_identify(.) by extension 'ignore_ament_install'
[0.180s] Level 1:colcon.colcon_core.package_identification:_identify(.) by extensions ['colcon_pkg']
[0.180s] Level 1:colcon.colcon_core.package_identification:_identify(.) by extension 'colcon_pkg'
[0.180s] Level 1:colcon.colcon_core.package_identification:_identify(.) by extensions ['colcon_meta']
[0.180s] Level 1:colcon.colcon_core.package_identification:_identify(.) by extension 'colcon_meta'
[0.180s] Level 1:colcon.colcon_core.package_identification:_identify(.) by extensions ['ros']
[0.180s] Level 1:colcon.colcon_core.package_identification:_identify(.) by extension 'ros'
[0.213s] Level 1:colcon.colcon_core.package_identification:_identify(.) by extensions ['cmake', 'python']
[0.214s] Level 1:colcon.colcon_core.package_identification:_identify(.) by extension 'cmake'
[0.214s] Level 1:colcon.colcon_core.package_identification:_identify(.) by extension 'python'
[0.214s] Level 1:colcon.colcon_core.package_identification:_identify(.) by extensions ['python_setup_py']
[0.214s] Level 1:colcon.colcon_core.package_identification:_identify(.) by extension 'python_setup_py'
[0.214s] Level 1:colcon.colcon_core.package_identification:_identify(build) by extensions ['ignore', 'ignore_ament_install']
[0.214s] Level 1:colcon.colcon_core.package_identification:_identify(build) by extension 'ignore'
[0.214s] Level 1:colcon.colcon_core.package_identification:_identify(build) ignored
[0.214s] Level 1:colcon.colcon_core.package_identification:_identify(install) by extensions ['ignore', 'ignore_ament_install']
[0.214s] Level 1:colcon.colcon_core.package_identification:_identify(install) by extension 'ignore'
[0.214s] Level 1:colcon.colcon_core.package_identification:_identify(install) ignored
[0.214s] Level 1:colcon.colcon_core.package_identification:_identify(log) by extensions ['ignore', 'ignore_ament_install']
[0.215s] Level 1:colcon.colcon_core.package_identification:_identify(log) by extension 'ignore'
[0.215s] Level 1:colcon.colcon_core.package_identification:_identify(log) ignored
[0.215s] Level 1:colcon.colcon_core.package_identification:_identify(src) by extensions ['ignore', 'ignore_ament_install']
[0.215s] Level 1:colcon.colcon_core.package_identification:_identify(src) by extension 'ignore'
[0.215s] Level 1:colcon.colcon_core.package_identification:_identify(src) by extension 'ignore_ament_install'
[0.215s] Level 1:colcon.colcon_core.package_identification:_identify(src) by extensions ['colcon_pkg']
[0.215s] Level 1:colcon.colcon_core.package_identification:_identify(src) by extension 'colcon_pkg'
[0.215s] Level 1:colcon.colcon_core.package_identification:_identify(src) by extensions ['colcon_meta']
[0.215s] Level 1:colcon.colcon_core.package_identification:_identify(src) by extension 'colcon_meta'
[0.215s] Level 1:colcon.colcon_core.package_identification:_identify(src) by extensions ['ros']
[0.215s] Level 1:colcon.colcon_core.package_identification:_identify(src) by extension 'ros'
[0.215s] Level 1:colcon.colcon_core.package_identification:_identify(src) by extensions ['cmake', 'python']
[0.215s] Level 1:colcon.colcon_core.package_identification:_identify(src) by extension 'cmake'
[0.215s] Level 1:colcon.colcon_core.package_identification:_identify(src) by extension 'python'
[0.215s] Level 1:colcon.colcon_core.package_identification:_identify(src) by extensions ['python_setup_py']
[0.215s] Level 1:colcon.colcon_core.package_identification:_identify(src) by extension 'python_setup_py'
[0.215s] Level 1:colcon.colcon_core.package_identification:_identify(src/rover_description) by extensions ['ignore', 'ignore_ament_install']
[0.215s] Level 1:colcon.colcon_core.package_identification:_identify(src/rover_description) by extension 'ignore'
[0.216s] Level 1:colcon.colcon_core.package_identification:_identify(src/rover_description) by extension 'ignore_ament_install'
[0.216s] Level 1:colcon.colcon_core.package_identification:_identify(src/rover_description) by extensions ['colcon_pkg']
[0.216s] Level 1:colcon.colcon_core.package_identification:_identify(src/rover_description) by extension 'colcon_pkg'
[0.216s] Level 1:colcon.colcon_core.package_identification:_identify(src/rover_description) by extensions ['colcon_meta']
[0.216s] Level 1:colcon.colcon_core.package_identification:_identify(src/rover_description) by extension 'colcon_meta'
[0.216s] Level 1:colcon.colcon_core.package_identification:_identify(src/rover_description) by extensions ['ros']
[0.216s] Level 1:colcon.colcon_core.package_identification:_identify(src/rover_description) by extension 'ros'
[0.219s] DEBUG:colcon.colcon_core.package_identification:Package 'src/rover_description' with type 'ros.ament_cmake' and name 'rover_description'
[0.219s] Level 1:colcon.colcon_core.package_identification:_identify(src/rover_moveit_config) by extensions ['ignore', 'ignore_ament_install']
[0.219s] Level 1:colcon.colcon_core.package_identification:_identify(src/rover_moveit_config) by extension 'ignore'
[0.219s] Level 1:colcon.colcon_core.package_identification:_identify(src/rover_moveit_config) by extension 'ignore_ament_install'
[0.219s] Level 1:colcon.colcon_core.package_identification:_identify(src/rover_moveit_config) by extensions ['colcon_pkg']
[0.219s] Level 1:colcon.colcon_core.package_identification:_identify(src/rover_moveit_config) by extension 'colcon_pkg'
[0.219s] Level 1:colcon.colcon_core.package_identification:_identify(src/rover_moveit_config) by extensions ['colcon_meta']
[0.219s] Level 1:colcon.colcon_core.package_identification:_identify(src/rover_moveit_config) by extension 'colcon_meta'
[0.219s] Level 1:colcon.colcon_core.package_identification:_identify(src/rover_moveit_config) by extensions ['ros']
[0.219s] Level 1:colcon.colcon_core.package_identification:_identify(src/rover_moveit_config) by extension 'ros'
[0.220s] DEBUG:colcon.colcon_core.package_identification:Package 'src/rover_moveit_config' with type 'ros.ament_cmake' and name 'rover_moveit_config'
[0.220s] Level 1:colcon.colcon_core.package_identification:_identify(src/urjc-excavation-world) by extensions ['ignore', 'ignore_ament_install']
[0.220s] Level 1:colcon.colcon_core.package_identification:_identify(src/urjc-excavation-world) by extension 'ignore'
[0.220s] Level 1:colcon.colcon_core.package_identification:_identify(src/urjc-excavation-world) by extension 'ignore_ament_install'
[0.220s] Level 1:colcon.colcon_core.package_identification:_identify(src/urjc-excavation-world) by extensions ['colcon_pkg']
[0.220s] Level 1:colcon.colcon_core.package_identification:_identify(src/urjc-excavation-world) by extension 'colcon_pkg'
[0.221s] Level 1:colcon.colcon_core.package_identification:_identify(src/urjc-excavation-world) by extensions ['colcon_meta']
[0.221s] Level 1:colcon.colcon_core.package_identification:_identify(src/urjc-excavation-world) by extension 'colcon_meta'
[0.221s] Level 1:colcon.colcon_core.package_identification:_identify(src/urjc-excavation-world) by extensions ['ros']
[0.221s] Level 1:colcon.colcon_core.package_identification:_identify(src/urjc-excavation-world) by extension 'ros'
[0.221s] DEBUG:colcon.colcon_core.package_identification:Package 'src/urjc-excavation-world' with type 'ros.ament_cmake' and name 'urjc_excavation_world'
[0.221s] Level 1:colcon.colcon_core.package_discovery:discover_packages(recursive) using defaults
[0.222s] Level 1:colcon.colcon_core.package_discovery:discover_packages(ignore) discover
[0.222s] Level 1:colcon.colcon_core.package_discovery:discover_packages(ignore) using defaults
[0.222s] Level 1:colcon.colcon_core.package_discovery:discover_packages(path) discover
[0.222s] Level 1:colcon.colcon_core.package_discovery:discover_packages(path) using defaults
[0.244s] Level 5:colcon.colcon_core.verb:set package 'rover_description' build argument 'cmake_args' from command line to 'None'
[0.244s] Level 5:colcon.colcon_core.verb:set package 'rover_description' build argument 'cmake_target' from command line to 'None'
[0.244s] Level 5:colcon.colcon_core.verb:set package 'rover_description' build argument 'cmake_target_skip_unavailable' from command line to 'False'
[0.244s] Level 5:colcon.colcon_core.verb:set package 'rover_description' build argument 'cmake_clean_cache' from command line to 'False'
[0.244s] Level 5:colcon.colcon_core.verb:set package 'rover_description' build argument 'cmake_clean_first' from command line to 'False'
[0.244s] Level 5:colcon.colcon_core.verb:set package 'rover_description' build argument 'cmake_force_configure' from command line to 'False'
[0.244s] Level 5:colcon.colcon_core.verb:set package 'rover_description' build argument 'ament_cmake_args' from command line to 'None'
[0.244s] Level 5:colcon.colcon_core.verb:set package 'rover_description' build argument 'catkin_cmake_args' from command line to 'None'
[0.244s] Level 5:colcon.colcon_core.verb:set package 'rover_description' build argument 'catkin_skip_building_tests' from command line to 'False'
[0.244s] DEBUG:colcon.colcon_core.verb:Building package 'rover_description' with the following arguments: {'ament_cmake_args': None, 'build_base': '/home/mario/MODELADO/Practicas/MSR_practicas/P3/build/rover_description', 'catkin_cmake_args': None, 'catkin_skip_building_tests': False, 'cmake_args': None, 'cmake_clean_cache': False, 'cmake_clean_first': False, 'cmake_force_configure': False, 'cmake_target': None, 'cmake_target_skip_unavailable': False, 'install_base': '/home/mario/MODELADO/Practicas/MSR_practicas/P3/install/rover_description', 'merge_install': False, 'path': '/home/mario/MODELADO/Practicas/MSR_practicas/P3/src/rover_description', 'symlink_install': True, 'test_result_base': None}
[0.245s] Level 5:colcon.colcon_core.verb:set package 'urjc_excavation_world' build argument 'cmake_args' from command line to 'None'
[0.245s] Level 5:colcon.colcon_core.verb:set package 'urjc_excavation_world' build argument 'cmake_target' from command line to 'None'
[0.245s] Level 5:colcon.colcon_core.verb:set package 'urjc_excavation_world' build argument 'cmake_target_skip_unavailable' from command line to 'False'
[0.245s] Level 5:colcon.colcon_core.verb:set package 'urjc_excavation_world' build argument 'cmake_clean_cache' from command line to 'False'
[0.245s] Level 5:colcon.colcon_core.verb:set package 'urjc_excavation_world' build argument 'cmake_clean_first' from command line to 'False'
[0.245s] Level 5:colcon.colcon_core.verb:set package 'urjc_excavation_world' build argument 'cmake_force_configure' from command line to 'False'
[0.245s] Level 5:colcon.colcon_core.verb:set package 'urjc_excavation_world' build argument 'ament_cmake_args' from command line to 'None'
[0.245s] Level 5:colcon.colcon_core.verb:set package 'urjc_excavation_world' build argument 'catkin_cmake_args' from command line to 'None'
[0.245s] Level 5:colcon.colcon_core.verb:set package 'urjc_excavation_world' build argument 'catkin_skip_building_tests' from command line to 'False'
[0.245s] DEBUG:colcon.colcon_core.verb:Building package 'urjc_excavation_world' with the following arguments: {'ament_cmake_args': None, 'build_base': '/home/mario/MODELADO/Practicas/MSR_practicas/P3/build/urjc_excavation_world', 'catkin_cmake_args': None, 'catkin_skip_building_tests': False, 'cmake_args': None, 'cmake_clean_cache': False, 'cmake_clean_first': False, 'cmake_force_configure': False, 'cmake_target': None, 'cmake_target_skip_unavailable': False, 'install_base': '/home/mario/MODELADO/Practicas/MSR_practicas/P3/install/urjc_excavation_world', 'merge_install': False, 'path': '/home/mario/MODELADO/Practicas/MSR_practicas/P3/src/urjc-excavation-world', 'symlink_install': True, 'test_result_base': None}
[0.245s] Level 5:colcon.colcon_core.verb:set package 'rover_moveit_config' build argument 'cmake_args' from command line to 'None'
[0.246s] Level 5:colcon.colcon_core.verb:set package 'rover_moveit_config' build argument 'cmake_target' from command line to 'None'
[0.246s] Level 5:colcon.colcon_core.verb:set package 'rover_moveit_config' build argument 'cmake_target_skip_unavailable' from command line to 'False'
[0.246s] Level 5:colcon.colcon_core.verb:set package 'rover_moveit_config' build argument 'cmake_clean_cache' from command line to 'False'
[0.246s] Level 5:colcon.colcon_core.verb:set package 'rover_moveit_config' build argument 'cmake_clean_first' from command line to 'False'
[0.246s] Level 5:colcon.colcon_core.verb:set package 'rover_moveit_config' build argument 'cmake_force_configure' from command line to 'False'
[0.246s] Level 5:colcon.colcon_core.verb:set package 'rover_moveit_config' build argument 'ament_cmake_args' from command line to 'None'
[0.246s] Level 5:colcon.colcon_core.verb:set package 'rover_moveit_config' build argument 'catkin_cmake_args' from command line to 'None'
[0.246s] Level 5:colcon.colcon_core.verb:set package 'rover_moveit_config' build argument 'catkin_skip_building_tests' from command line to 'False'
[0.246s] DEBUG:colcon.colcon_core.verb:Building package 'rover_moveit_config' with the following arguments: {'ament_cmake_args': None, 'build_base': '/home/mario/MODELADO/Practicas/MSR_practicas/P3/build/rover_moveit_config', 'catkin_cmake_args': None, 'catkin_skip_building_tests': False, 'cmake_args': None, 'cmake_clean_cache': False, 'cmake_clean_first': False, 'cmake_force_configure': False, 'cmake_target': None, 'cmake_target_skip_unavailable': False, 'install_base': '/home/mario/MODELADO/Practicas/MSR_practicas/P3/install/rover_moveit_config', 'merge_install': False, 'path': '/home/mario/MODELADO/Practicas/MSR_practicas/P3/src/rover_moveit_config', 'symlink_install': True, 'test_result_base': None}
[0.246s] INFO:colcon.colcon_core.executor:Executing jobs using 'parallel' executor
[0.248s] DEBUG:colcon.colcon_parallel_executor.executor.parallel:run_until_complete
[0.248s] INFO:colcon.colcon_ros.task.ament_cmake.build:Building ROS package in '/home/mario/MODELADO/Practicas/MSR_practicas/P3/src/rover_description' with build type 'ament_cmake'
[0.248s] INFO:colcon.colcon_cmake.task.cmake.build:Building CMake package in '/home/mario/MODELADO/Practicas/MSR_practicas/P3/src/rover_description'
[0.250s] INFO:colcon.colcon_core.plugin_system:Skipping extension 'colcon_core.shell.bat': Not used on non-Windows systems
[0.251s] DEBUG:colcon.colcon_core.shell:Skip shell extension 'dsv' for command environment
[0.258s] INFO:colcon.colcon_ros.task.ament_cmake.build:Building ROS package in '/home/mario/MODELADO/Practicas/MSR_practicas/P3/src/urjc-excavation-world' with build type 'ament_cmake'
[0.258s] INFO:colcon.colcon_cmake.task.cmake.build:Building CMake package in '/home/mario/MODELADO/Practicas/MSR_practicas/P3/src/urjc-excavation-world'
[0.258s] DEBUG:colcon.colcon_core.shell:Skip shell extension 'dsv' for command environment
[0.267s] DEBUG:colcon.colcon_core.event_handler.log_command:Invoking command in '/home/mario/MODELADO/Practicas/MSR_practicas/P3/build/rover_description': CMAKE_PREFIX_PATH=${CMAKE_PREFIX_PATH}:/opt/ros/jazzy DEBUGINFOD_URLS=https://debuginfod.ubuntu.com /usr/bin/cmake --build /home/mario/MODELADO/Practicas/MSR_practicas/P3/build/rover_description -- -j20 -l20
[0.273s] DEBUG:colcon.colcon_core.event_handler.log_command:Invoking command in '/home/mario/MODELADO/Practicas/MSR_practicas/P3/build/urjc_excavation_world': CMAKE_PREFIX_PATH=${CMAKE_PREFIX_PATH}:/opt/ros/jazzy DEBUGINFOD_URLS=https://debuginfod.ubuntu.com /usr/bin/cmake --build /home/mario/MODELADO/Practicas/MSR_practicas/P3/build/urjc_excavation_world -- -j20 -l20
[0.351s] DEBUG:colcon.colcon_core.event_handler.log_command:Invoked command in '/home/mario/MODELADO/Practicas/MSR_practicas/P3/build/urjc_excavation_world' returned '0': CMAKE_PREFIX_PATH=${CMAKE_PREFIX_PATH}:/opt/ros/jazzy DEBUGINFOD_URLS=https://debuginfod.ubuntu.com /usr/bin/cmake --build /home/mario/MODELADO/Practicas/MSR_practicas/P3/build/urjc_excavation_world -- -j20 -l20
[0.367s] DEBUG:colcon.colcon_core.event_handler.log_command:Invoking command in '/home/mario/MODELADO/Practicas/MSR_practicas/P3/build/urjc_excavation_world': CMAKE_PREFIX_PATH=${CMAKE_PREFIX_PATH}:/opt/ros/jazzy DEBUGINFOD_URLS=https://debuginfod.ubuntu.com /usr/bin/cmake --install /home/mario/MODELADO/Practicas/MSR_practicas/P3/build/urjc_excavation_world
[0.421s] Level 1:colcon.colcon_core.environment:create_environment_scripts_only(urjc_excavation_world)
[0.423s] DEBUG:colcon.colcon_core.event_handler.log_command:Invoked command in '/home/mario/MODELADO/Practicas/MSR_practicas/P3/build/urjc_excavation_world' returned '0': CMAKE_PREFIX_PATH=${CMAKE_PREFIX_PATH}:/opt/ros/jazzy DEBUGINFOD_URLS=https://debuginfod.ubuntu.com /usr/bin/cmake --install /home/mario/MODELADO/Practicas/MSR_practicas/P3/build/urjc_excavation_world
[0.426s] Level 1:colcon.colcon_core.environment:checking '/home/mario/MODELADO/Practicas/MSR_practicas/P3/install/urjc_excavation_world' for CMake module files
[0.427s] Level 1:colcon.colcon_core.environment:checking '/home/mario/MODELADO/Practicas/MSR_practicas/P3/install/urjc_excavation_world' for CMake config files
[0.428s] Level 1:colcon.colcon_core.shell:create_environment_hook('urjc_excavation_world', 'cmake_prefix_path')
[0.428s] INFO:colcon.colcon_core.shell:Creating environment descriptor '/home/mario/MODELADO/Practicas/MSR_practicas/P3/install/urjc_excavation_world/share/urjc_excavation_world/hook/cmake_prefix_path.dsv'
[0.429s] INFO:colcon.colcon_core.shell:Creating environment hook '/home/mario/MODELADO/Practicas/MSR_practicas/P3/install/urjc_excavation_world/share/urjc_excavation_world/hook/cmake_prefix_path.sh'
[0.431s] Level 1:colcon.colcon_core.environment:checking '/home/mario/MODELADO/Practicas/MSR_practicas/P3/install/urjc_excavation_world/bin'
[0.431s] Level 1:colcon.colcon_core.environment:checking '/home/mario/MODELADO/Practicas/MSR_practicas/P3/install/urjc_excavation_world/lib/pkgconfig/urjc_excavation_world.pc'
[0.435s] Level 1:colcon.colcon_core.environment:checking '/home/mario/MODELADO/Practicas/MSR_practicas/P3/install/urjc_excavation_world/lib/python3.12/site-packages'
[0.436s] Level 1:colcon.colcon_core.environment:checking '/home/mario/MODELADO/Practicas/MSR_practicas/P3/install/urjc_excavation_world/bin'
[0.436s] INFO:colcon.colcon_core.shell:Creating package descriptor '/home/mario/MODELADO/Practicas/MSR_practicas/P3/install/urjc_excavation_world/share/urjc_excavation_world/package.dsv'
[0.437s] INFO:colcon.colcon_core.shell:Creating package script '/home/mario/MODELADO/Practicas/MSR_practicas/P3/install/urjc_excavation_world/share/urjc_excavation_world/package.sh'
[0.438s] INFO:colcon.colcon_core.shell:Creating package script '/home/mario/MODELADO/Practicas/MSR_practicas/P3/install/urjc_excavation_world/share/urjc_excavation_world/package.bash'
[0.440s] INFO:colcon.colcon_core.shell:Creating package script '/home/mario/MODELADO/Practicas/MSR_practicas/P3/install/urjc_excavation_world/share/urjc_excavation_world/package.zsh'
[0.440s] Level 1:colcon.colcon_core.environment:create_file_with_runtime_dependencies(/home/mario/MODELADO/Practicas/MSR_practicas/P3/install/urjc_excavation_world/share/colcon-core/packages/urjc_excavation_world)
[0.442s] Level 1:colcon.colcon_core.environment:create_environment_scripts_only(urjc_excavation_world)
[0.442s] Level 1:colcon.colcon_core.environment:checking '/home/mario/MODELADO/Practicas/MSR_practicas/P3/install/urjc_excavation_world' for CMake module files
[0.443s] Level 1:colcon.colcon_core.environment:checking '/home/mario/MODELADO/Practicas/MSR_practicas/P3/install/urjc_excavation_world' for CMake config files
[0.444s] Level 1:colcon.colcon_core.shell:create_environment_hook('urjc_excavation_world', 'cmake_prefix_path')
[0.444s] INFO:colcon.colcon_core.shell:Creating environment descriptor '/home/mario/MODELADO/Practicas/MSR_practicas/P3/install/urjc_excavation_world/share/urjc_excavation_world/hook/cmake_prefix_path.dsv'
[0.444s] INFO:colcon.colcon_core.shell:Creating environment hook '/home/mario/MODELADO/Practicas/MSR_practicas/P3/install/urjc_excavation_world/share/urjc_excavation_world/hook/cmake_prefix_path.sh'
[0.445s] Level 1:colcon.colcon_core.environment:checking '/home/mario/MODELADO/Practicas/MSR_practicas/P3/install/urjc_excavation_world/bin'
[0.445s] Level 1:colcon.colcon_core.environment:checking '/home/mario/MODELADO/Practicas/MSR_practicas/P3/install/urjc_excavation_world/lib/pkgconfig/urjc_excavation_world.pc'
[0.446s] Level 1:colcon.colcon_core.environment:checking '/home/mario/MODELADO/Practicas/MSR_practicas/P3/install/urjc_excavation_world/lib/python3.12/site-packages'
[0.446s] Level 1:colcon.colcon_core.environment:checking '/home/mario/MODELADO/Practicas/MSR_practicas/P3/install/urjc_excavation_world/bin'
[0.447s] INFO:colcon.colcon_core.shell:Creating package descriptor '/home/mario/MODELADO/Practicas/MSR_practicas/P3/install/urjc_excavation_world/share/urjc_excavation_world/package.dsv'
[0.447s] INFO:colcon.colcon_core.shell:Creating package script '/home/mario/MODELADO/Practicas/MSR_practicas/P3/install/urjc_excavation_world/share/urjc_excavation_world/package.sh'
[0.448s] INFO:colcon.colcon_core.shell:Creating package script '/home/mario/MODELADO/Practicas/MSR_practicas/P3/install/urjc_excavation_world/share/urjc_excavation_world/package.bash'
[0.448s] INFO:colcon.colcon_core.shell:Creating package script '/home/mario/MODELADO/Practicas/MSR_practicas/P3/install/urjc_excavation_world/share/urjc_excavation_world/package.zsh'
[0.449s] Level 1:colcon.colcon_core.environment:create_file_with_runtime_dependencies(/home/mario/MODELADO/Practicas/MSR_practicas/P3/install/urjc_excavation_world/share/colcon-core/packages/urjc_excavation_world)
[0.896s] DEBUG:colcon.colcon_core.event_handler.log_command:Invoked command in '/home/mario/MODELADO/Practicas/MSR_practicas/P3/build/rover_description' returned '0': CMAKE_PREFIX_PATH=${CMAKE_PREFIX_PATH}:/opt/ros/jazzy DEBUGINFOD_URLS=https://debuginfod.ubuntu.com /usr/bin/cmake --build /home/mario/MODELADO/Practicas/MSR_practicas/P3/build/rover_description -- -j20 -l20
[0.899s] DEBUG:colcon.colcon_core.event_handler.log_command:Invoking command in '/home/mario/MODELADO/Practicas/MSR_practicas/P3/build/rover_description': CMAKE_PREFIX_PATH=${CMAKE_PREFIX_PATH}:/opt/ros/jazzy DEBUGINFOD_URLS=https://debuginfod.ubuntu.com /usr/bin/cmake --install /home/mario/MODELADO/Practicas/MSR_practicas/P3/build/rover_description
[0.947s] Level 1:colcon.colcon_core.environment:create_environment_scripts_only(rover_description)
[0.947s] Level 1:colcon.colcon_core.environment:checking '/home/mario/MODELADO/Practicas/MSR_practicas/P3/install/rover_description' for CMake module files
[0.948s] DEBUG:colcon.colcon_core.event_handler.log_command:Invoked command in '/home/mario/MODELADO/Practicas/MSR_practicas/P3/build/rover_description' returned '0': CMAKE_PREFIX_PATH=${CMAKE_PREFIX_PATH}:/opt/ros/jazzy DEBUGINFOD_URLS=https://debuginfod.ubuntu.com /usr/bin/cmake --install /home/mario/MODELADO/Practicas/MSR_practicas/P3/build/rover_description
[0.949s] Level 1:colcon.colcon_core.environment:checking '/home/mario/MODELADO/Practicas/MSR_practicas/P3/install/rover_description' for CMake config files
[0.950s] Level 1:colcon.colcon_core.shell:create_environment_hook('rover_description', 'cmake_prefix_path')
[0.950s] INFO:colcon.colcon_core.shell:Creating environment descriptor '/home/mario/MODELADO/Practicas/MSR_practicas/P3/install/rover_description/share/rover_description/hook/cmake_prefix_path.dsv'
[0.951s] INFO:colcon.colcon_core.shell:Creating environment hook '/home/mario/MODELADO/Practicas/MSR_practicas/P3/install/rover_description/share/rover_description/hook/cmake_prefix_path.sh'
[0.952s] Level 1:colcon.colcon_core.environment:checking '/home/mario/MODELADO/Practicas/MSR_practicas/P3/install/rover_description/bin'
[0.952s] Level 1:colcon.colcon_core.environment:checking '/home/mario/MODELADO/Practicas/MSR_practicas/P3/install/rover_description/lib/pkgconfig/rover_description.pc'
[0.952s] Level 1:colcon.colcon_core.environment:checking '/home/mario/MODELADO/Practicas/MSR_practicas/P3/install/rover_description/lib/python3.12/site-packages'
[0.953s] Level 1:colcon.colcon_core.environment:checking '/home/mario/MODELADO/Practicas/MSR_practicas/P3/install/rover_description/bin'
[0.953s] INFO:colcon.colcon_core.shell:Creating package descriptor '/home/mario/MODELADO/Practicas/MSR_practicas/P3/install/rover_description/share/rover_description/package.dsv'
[0.954s] INFO:colcon.colcon_core.shell:Creating package script '/home/mario/MODELADO/Practicas/MSR_practicas/P3/install/rover_description/share/rover_description/package.sh'
[0.955s] INFO:colcon.colcon_core.shell:Creating package script '/home/mario/MODELADO/Practicas/MSR_practicas/P3/install/rover_description/share/rover_description/package.bash'
[0.956s] INFO:colcon.colcon_core.shell:Creating package script '/home/mario/MODELADO/Practicas/MSR_practicas/P3/install/rover_description/share/rover_description/package.zsh'
[0.956s] Level 1:colcon.colcon_core.environment:create_file_with_runtime_dependencies(/home/mario/MODELADO/Practicas/MSR_practicas/P3/install/rover_description/share/colcon-core/packages/rover_description)
[0.957s] Level 1:colcon.colcon_core.environment:create_environment_scripts_only(rover_description)
[0.957s] Level 1:colcon.colcon_core.environment:checking '/home/mario/MODELADO/Practicas/MSR_practicas/P3/install/rover_description' for CMake module files
[0.958s] Level 1:colcon.colcon_core.environment:checking '/home/mario/MODELADO/Practicas/MSR_practicas/P3/install/rover_description' for CMake config files
[0.959s] Level 1:colcon.colcon_core.shell:create_environment_hook('rover_description', 'cmake_prefix_path')
[0.960s] INFO:colcon.colcon_core.shell:Creating environment descriptor '/home/mario/MODELADO/Practicas/MSR_practicas/P3/install/rover_description/share/rover_description/hook/cmake_prefix_path.dsv'
[0.960s] INFO:colcon.colcon_core.shell:Creating environment hook '/home/mario/MODELADO/Practicas/MSR_practicas/P3/install/rover_description/share/rover_description/hook/cmake_prefix_path.sh'
[0.961s] Level 1:colcon.colcon_core.environment:checking '/home/mario/MODELADO/Practicas/MSR_practicas/P3/install/rover_description/bin'
[0.962s] Level 1:colcon.colcon_core.environment:checking '/home/mario/MODELADO/Practicas/MSR_practicas/P3/install/rover_description/lib/pkgconfig/rover_description.pc'
[0.962s] Level 1:colcon.colcon_core.environment:checking '/home/mario/MODELADO/Practicas/MSR_practicas/P3/install/rover_description/lib/python3.12/site-packages'
[0.963s] Level 1:colcon.colcon_core.environment:checking '/home/mario/MODELADO/Practicas/MSR_practicas/P3/install/rover_description/bin'
[0.963s] INFO:colcon.colcon_core.shell:Creating package descriptor '/home/mario/MODELADO/Practicas/MSR_practicas/P3/install/rover_description/share/rover_description/package.dsv'
[0.964s] INFO:colcon.colcon_core.shell:Creating package script '/home/mario/MODELADO/Practicas/MSR_practicas/P3/install/rover_description/share/rover_description/package.sh'
[0.964s] INFO:colcon.colcon_core.shell:Creating package script '/home/mario/MODELADO/Practicas/MSR_practicas/P3/install/rover_description/share/rover_description/package.bash'
[0.965s] INFO:colcon.colcon_core.shell:Creating package script '/home/mario/MODELADO/Practicas/MSR_practicas/P3/install/rover_description/share/rover_description/package.zsh'
[0.966s] Level 1:colcon.colcon_core.environment:create_file_with_runtime_dependencies(/home/mario/MODELADO/Practicas/MSR_practicas/P3/install/rover_description/share/colcon-core/packages/rover_description)
[0.966s] INFO:colcon.colcon_ros.task.ament_cmake.build:Building ROS package in '/home/mario/MODELADO/Practicas/MSR_practicas/P3/src/rover_moveit_config' with build type 'ament_cmake'
[0.966s] INFO:colcon.colcon_cmake.task.cmake.build:Building CMake package in '/home/mario/MODELADO/Practicas/MSR_practicas/P3/src/rover_moveit_config'
[0.967s] DEBUG:colcon.colcon_core.shell:Skip shell extension 'dsv' for command environment
[0.986s] DEBUG:colcon.colcon_core.event_handler.log_command:Invoking command in '/home/mario/MODELADO/Practicas/MSR_practicas/P3/build/rover_moveit_config': CMAKE_PREFIX_PATH=/home/mario/MODELADO/Practicas/MSR_practicas/P3/install/rover_description:/home/mario/MODELADO/Practicas/MSR_practicas/P3/install/urjc_excavation_world:/home/mario/MODELADO/Practicas/MSR_practicas/P3/install/rover_moveit_config:/opt/ros/jazzy/opt/gz_sim_vendor:/opt/ros/jazzy/opt/gz_sensors_vendor:/opt/ros/jazzy/opt/gz_physics_vendor:/opt/ros/jazzy/opt/sdformat_vendor:/opt/ros/jazzy/opt/gz_gui_vendor:/opt/ros/jazzy/opt/gz_transport_vendor:/opt/ros/jazzy/opt/gz_rendering_vendor:/opt/ros/jazzy/opt/gz_plugin_vendor:/opt/ros/jazzy/opt/gz_fuel_tools_vendor:/opt/ros/jazzy/opt/gz_msgs_vendor:/opt/ros/jazzy/opt/gz_common_vendor:/opt/ros/jazzy/opt/gz_math_vendor:/opt/ros/jazzy/opt/gz_utils_vendor:/opt/ros/jazzy/opt/gz_tools_vendor:/opt/ros/jazzy/opt/gz_ogre_next_vendor:/opt/ros/jazzy/opt/gz_dartsim_vendor:/opt/ros/jazzy/opt/gz_cmake_vendor:/opt/ros/jazzy DEBUGINFOD_URLS=https://debuginfod.ubuntu.com /usr/bin/cmake --build /home/mario/MODELADO/Practicas/MSR_practicas/P3/build/rover_moveit_config -- -j20 -l20
[1.060s] DEBUG:colcon.colcon_core.event_handler.log_command:Invoked command in '/home/mario/MODELADO/Practicas/MSR_practicas/P3/build/rover_moveit_config' returned '0': CMAKE_PREFIX_PATH=/home/mario/MODELADO/Practicas/MSR_practicas/P3/install/rover_description:/home/mario/MODELADO/Practicas/MSR_practicas/P3/install/urjc_excavation_world:/home/mario/MODELADO/Practicas/MSR_practicas/P3/install/rover_moveit_config:/opt/ros/jazzy/opt/gz_sim_vendor:/opt/ros/jazzy/opt/gz_sensors_vendor:/opt/ros/jazzy/opt/gz_physics_vendor:/opt/ros/jazzy/opt/sdformat_vendor:/opt/ros/jazzy/opt/gz_gui_vendor:/opt/ros/jazzy/opt/gz_transport_vendor:/opt/ros/jazzy/opt/gz_rendering_vendor:/opt/ros/jazzy/opt/gz_plugin_vendor:/opt/ros/jazzy/opt/gz_fuel_tools_vendor:/opt/ros/jazzy/opt/gz_msgs_vendor:/opt/ros/jazzy/opt/gz_common_vendor:/opt/ros/jazzy/opt/gz_math_vendor:/opt/ros/jazzy/opt/gz_utils_vendor:/opt/ros/jazzy/opt/gz_tools_vendor:/opt/ros/jazzy/opt/gz_ogre_next_vendor:/opt/ros/jazzy/opt/gz_dartsim_vendor:/opt/ros/jazzy/opt/gz_cmake_vendor:/opt/ros/jazzy DEBUGINFOD_URLS=https://debuginfod.ubuntu.com /usr/bin/cmake --build /home/mario/MODELADO/Practicas/MSR_practicas/P3/build/rover_moveit_config -- -j20 -l20
[1.063s] DEBUG:colcon.colcon_core.event_handler.log_command:Invoking command in '/home/mario/MODELADO/Practicas/MSR_practicas/P3/build/rover_moveit_config': CMAKE_PREFIX_PATH=/home/mario/MODELADO/Practicas/MSR_practicas/P3/install/rover_description:/home/mario/MODELADO/Practicas/MSR_practicas/P3/install/urjc_excavation_world:/home/mario/MODELADO/Practicas/MSR_practicas/P3/install/rover_moveit_config:/opt/ros/jazzy/opt/gz_sim_vendor:/opt/ros/jazzy/opt/gz_sensors_vendor:/opt/ros/jazzy/opt/gz_physics_vendor:/opt/ros/jazzy/opt/sdformat_vendor:/opt/ros/jazzy/opt/gz_gui_vendor:/opt/ros/jazzy/opt/gz_transport_vendor:/opt/ros/jazzy/opt/gz_rendering_vendor:/opt/ros/jazzy/opt/gz_plugin_vendor:/opt/ros/jazzy/opt/gz_fuel_tools_vendor:/opt/ros/jazzy/opt/gz_msgs_vendor:/opt/ros/jazzy/opt/gz_common_vendor:/opt/ros/jazzy/opt/gz_math_vendor:/opt/ros/jazzy/opt/gz_utils_vendor:/opt/ros/jazzy/opt/gz_tools_vendor:/opt/ros/jazzy/opt/gz_ogre_next_vendor:/opt/ros/jazzy/opt/gz_dartsim_vendor:/opt/ros/jazzy/opt/gz_cmake_vendor:/opt/ros/jazzy DEBUGINFOD_URLS=https://debuginfod.ubuntu.com /usr/bin/cmake --install /home/mario/MODELADO/Practicas/MSR_practicas/P3/build/rover_moveit_config
[1.109s] Level 1:colcon.colcon_core.environment:create_environment_scripts_only(rover_moveit_config)
[1.110s] Level 1:colcon.colcon_core.environment:checking '/home/mario/MODELADO/Practicas/MSR_practicas/P3/install/rover_moveit_config' for CMake module files
[1.111s] DEBUG:colcon.colcon_core.event_handler.log_command:Invoked command in '/home/mario/MODELADO/Practicas/MSR_practicas/P3/build/rover_moveit_config' returned '0': CMAKE_PREFIX_PATH=/home/mario/MODELADO/Practicas/MSR_practicas/P3/install/rover_description:/home/mario/MODELADO/Practicas/MSR_practicas/P3/install/urjc_excavation_world:/home/mario/MODELADO/Practicas/MSR_practicas/P3/install/rover_moveit_config:/opt/ros/jazzy/opt/gz_sim_vendor:/opt/ros/jazzy/opt/gz_sensors_vendor:/opt/ros/jazzy/opt/gz_physics_vendor:/opt/ros/jazzy/opt/sdformat_vendor:/opt/ros/jazzy/opt/gz_gui_vendor:/opt/ros/jazzy/opt/gz_transport_vendor:/opt/ros/jazzy/opt/gz_rendering_vendor:/opt/ros/jazzy/opt/gz_plugin_vendor:/opt/ros/jazzy/opt/gz_fuel_tools_vendor:/opt/ros/jazzy/opt/gz_msgs_vendor:/opt/ros/jazzy/opt/gz_common_vendor:/opt/ros/jazzy/opt/gz_math_vendor:/opt/ros/jazzy/opt/gz_utils_vendor:/opt/ros/jazzy/opt/gz_tools_vendor:/opt/ros/jazzy/opt/gz_ogre_next_vendor:/opt/ros/jazzy/opt/gz_dartsim_vendor:/opt/ros/jazzy/opt/gz_cmake_vendor:/opt/ros/jazzy DEBUGINFOD_URLS=https://debuginfod.ubuntu.com /usr/bin/cmake --install /home/mario/MODELADO/Practicas/MSR_practicas/P3/build/rover_moveit_config
[1.112s] Level 1:colcon.colcon_core.environment:checking '/home/mario/MODELADO/Practicas/MSR_practicas/P3/install/rover_moveit_config' for CMake config files
[1.113s] Level 1:colcon.colcon_core.shell:create_environment_hook('rover_moveit_config', 'cmake_prefix_path')
[1.113s] INFO:colcon.colcon_core.shell:Creating environment descriptor '/home/mario/MODELADO/Practicas/MSR_practicas/P3/install/rover_moveit_config/share/rover_moveit_config/hook/cmake_prefix_path.dsv'
[1.114s] INFO:colcon.colcon_core.shell:Creating environment hook '/home/mario/MODELADO/Practicas/MSR_practicas/P3/install/rover_moveit_config/share/rover_moveit_config/hook/cmake_prefix_path.sh'
[1.116s] Level 1:colcon.colcon_core.environment:checking '/home/mario/MODELADO/Practicas/MSR_practicas/P3/install/rover_moveit_config/bin'
[1.116s] Level 1:colcon.colcon_core.environment:checking '/home/mario/MODELADO/Practicas/MSR_practicas/P3/install/rover_moveit_config/lib/pkgconfig/rover_moveit_config.pc'
[1.117s] Level 1:colcon.colcon_core.environment:checking '/home/mario/MODELADO/Practicas/MSR_practicas/P3/install/rover_moveit_config/lib/python3.12/site-packages'
[1.118s] Level 1:colcon.colcon_core.environment:checking '/home/mario/MODELADO/Practicas/MSR_practicas/P3/install/rover_moveit_config/bin'
[1.118s] INFO:colcon.colcon_core.shell:Creating package descriptor '/home/mario/MODELADO/Practicas/MSR_practicas/P3/install/rover_moveit_config/share/rover_moveit_config/package.dsv'
[1.119s] INFO:colcon.colcon_core.shell:Creating package script '/home/mario/MODELADO/Practicas/MSR_practicas/P3/install/rover_moveit_config/share/rover_moveit_config/package.sh'
[1.120s] INFO:colcon.colcon_core.shell:Creating package script '/home/mario/MODELADO/Practicas/MSR_practicas/P3/install/rover_moveit_config/share/rover_moveit_config/package.bash'
[1.121s] INFO:colcon.colcon_core.shell:Creating package script '/home/mario/MODELADO/Practicas/MSR_practicas/P3/install/rover_moveit_config/share/rover_moveit_config/package.zsh'
[1.121s] Level 1:colcon.colcon_core.environment:create_file_with_runtime_dependencies(/home/mario/MODELADO/Practicas/MSR_practicas/P3/install/rover_moveit_config/share/colcon-core/packages/rover_moveit_config)
[1.122s] Level 1:colcon.colcon_core.environment:create_environment_scripts_only(rover_moveit_config)
[1.122s] Level 1:colcon.colcon_core.environment:checking '/home/mario/MODELADO/Practicas/MSR_practicas/P3/install/rover_moveit_config' for CMake module files
[1.123s] Level 1:colcon.colcon_core.environment:checking '/home/mario/MODELADO/Practicas/MSR_practicas/P3/install/rover_moveit_config' for CMake config files
[1.123s] Level 1:colcon.colcon_core.shell:create_environment_hook('rover_moveit_config', 'cmake_prefix_path')
[1.124s] INFO:colcon.colcon_core.shell:Creating environment descriptor '/home/mario/MODELADO/Practicas/MSR_practicas/P3/install/rover_moveit_config/share/rover_moveit_config/hook/cmake_prefix_path.dsv'
[1.124s] INFO:colcon.colcon_core.shell:Creating environment hook '/home/mario/MODELADO/Practicas/MSR_practicas/P3/install/rover_moveit_config/share/rover_moveit_config/hook/cmake_prefix_path.sh'
[1.125s] Level 1:colcon.colcon_core.environment:checking '/home/mario/MODELADO/Practicas/MSR_practicas/P3/install/rover_moveit_config/bin'
[1.125s] Level 1:colcon.colcon_core.environment:checking '/home/mario/MODELADO/Practicas/MSR_practicas/P3/install/rover_moveit_config/lib/pkgconfig/rover_moveit_config.pc'
[1.126s] Level 1:colcon.colcon_core.environment:checking '/home/mario/MODELADO/Practicas/MSR_practicas/P3/install/rover_moveit_config/lib/python3.12/site-packages'
[1.126s] Level 1:colcon.colcon_core.environment:checking '/home/mario/MODELADO/Practicas/MSR_practicas/P3/install/rover_moveit_config/bin'
[1.127s] INFO:colcon.colcon_core.shell:Creating package descriptor '/home/mario/MODELADO/Practicas/MSR_practicas/P3/install/rover_moveit_config/share/rover_moveit_config/package.dsv'
[1.127s] INFO:colcon.colcon_core.shell:Creating package script '/home/mario/MODELADO/Practicas/MSR_practicas/P3/install/rover_moveit_config/share/rover_moveit_config/package.sh'
[1.128s] INFO:colcon.colcon_core.shell:Creating package script '/home/mario/MODELADO/Practicas/MSR_practicas/P3/install/rover_moveit_config/share/rover_moveit_config/package.bash'
[1.129s] INFO:colcon.colcon_core.shell:Creating package script '/home/mario/MODELADO/Practicas/MSR_practicas/P3/install/rover_moveit_config/share/rover_moveit_config/package.zsh'
[1.129s] Level 1:colcon.colcon_core.environment:create_file_with_runtime_dependencies(/home/mario/MODELADO/Practicas/MSR_practicas/P3/install/rover_moveit_config/share/colcon-core/packages/rover_moveit_config)
[1.130s] DEBUG:colcon.colcon_parallel_executor.executor.parallel:closing loop
[1.130s] DEBUG:colcon.colcon_parallel_executor.executor.parallel:loop closed
[1.131s] DEBUG:colcon.colcon_parallel_executor.executor.parallel:run_until_complete finished with '0'
[1.131s] DEBUG:colcon.colcon_core.event_reactor:joining thread
[1.146s] INFO:colcon.colcon_core.plugin_system:Skipping extension 'colcon_notification.desktop_notification.terminal_notifier': Not used on non-Darwin systems
[1.146s] INFO:colcon.colcon_core.plugin_system:Skipping extension 'colcon_notification.desktop_notification.win32': Not used on non-Windows systems
[1.146s] INFO:colcon.colcon_notification.desktop_notification:Sending desktop notification using 'notify2'
[1.172s] DEBUG:colcon.colcon_core.event_reactor:joined thread
[1.173s] INFO:colcon.colcon_core.shell:Creating prefix script '/home/mario/MODELADO/Practicas/MSR_practicas/P3/install/local_setup.sh'
[1.174s] INFO:colcon.colcon_core.shell:Creating prefix util module '/home/mario/MODELADO/Practicas/MSR_practicas/P3/install/_local_setup_util_sh.py'
[1.175s] INFO:colcon.colcon_core.shell:Creating prefix chain script '/home/mario/MODELADO/Practicas/MSR_practicas/P3/install/setup.sh'
[1.177s] INFO:colcon.colcon_core.shell:Creating prefix script '/home/mario/MODELADO/Practicas/MSR_practicas/P3/install/local_setup.bash'
[1.178s] INFO:colcon.colcon_core.shell:Creating prefix chain script '/home/mario/MODELADO/Practicas/MSR_practicas/P3/install/setup.bash'
[1.180s] INFO:colcon.colcon_core.shell:Creating prefix script '/home/mario/MODELADO/Practicas/MSR_practicas/P3/install/local_setup.zsh'
[1.180s] INFO:colcon.colcon_core.shell:Creating prefix chain script '/home/mario/MODELADO/Practicas/MSR_practicas/P3/install/setup.zsh'
